ARM GAS  C:\Users\THO~1\AppData\Local\Temp\ccn7f24I.s 			page 1


   1              		.cpu cortex-m0
   2              		.fpu softvfp
   3              		.eabi_attribute 20, 1
   4              		.eabi_attribute 21, 1
   5              		.eabi_attribute 23, 3
   6              		.eabi_attribute 24, 1
   7              		.eabi_attribute 25, 1
   8              		.eabi_attribute 26, 1
   9              		.eabi_attribute 30, 1
  10              		.eabi_attribute 34, 0
  11              		.eabi_attribute 18, 4
  12              		.code	16
  13              		.file	"cyfitter_cfg.c"
  14              		.text
  15              	.Ltext0:
  16              		.cfi_sections	.debug_frame
  17              		.section	.text.AnalogSetDefault,"ax",%progbits
  18              		.align	2
  19              		.code	16
  20              		.thumb_func
  21              		.type	AnalogSetDefault, %function
  22              	AnalogSetDefault:
  23              	.LFB6:
  24              		.file 1 "Generated_Source\\PSoC4\\cyfitter_cfg.c"
   1:Generated_Source\PSoC4/cyfitter_cfg.c **** /*******************************************************************************
   2:Generated_Source\PSoC4/cyfitter_cfg.c **** * File Name: cyfitter_cfg.c
   3:Generated_Source\PSoC4/cyfitter_cfg.c **** * 
   4:Generated_Source\PSoC4/cyfitter_cfg.c **** * PSoC Creator  4.0
   5:Generated_Source\PSoC4/cyfitter_cfg.c **** *
   6:Generated_Source\PSoC4/cyfitter_cfg.c **** * Description:
   7:Generated_Source\PSoC4/cyfitter_cfg.c **** * This file contains device initialization code.
   8:Generated_Source\PSoC4/cyfitter_cfg.c **** * Except for the user defined sections in CyClockStartupError(), this file should not be modified.
   9:Generated_Source\PSoC4/cyfitter_cfg.c **** * This file is automatically generated by PSoC Creator.
  10:Generated_Source\PSoC4/cyfitter_cfg.c **** *
  11:Generated_Source\PSoC4/cyfitter_cfg.c **** ********************************************************************************
  12:Generated_Source\PSoC4/cyfitter_cfg.c **** * Copyright (c) 2007-2016 Cypress Semiconductor.  All rights reserved.
  13:Generated_Source\PSoC4/cyfitter_cfg.c **** * You may use this file only in accordance with the license, terms, conditions, 
  14:Generated_Source\PSoC4/cyfitter_cfg.c **** * disclaimers, and limitations in the end user license agreement accompanying 
  15:Generated_Source\PSoC4/cyfitter_cfg.c **** * the software package with which this file was provided.
  16:Generated_Source\PSoC4/cyfitter_cfg.c **** ********************************************************************************/
  17:Generated_Source\PSoC4/cyfitter_cfg.c **** 
  18:Generated_Source\PSoC4/cyfitter_cfg.c **** #include <string.h>
  19:Generated_Source\PSoC4/cyfitter_cfg.c **** #include "cytypes.h"
  20:Generated_Source\PSoC4/cyfitter_cfg.c **** #include "cydevice_trm.h"
  21:Generated_Source\PSoC4/cyfitter_cfg.c **** #include "cyfitter.h"
  22:Generated_Source\PSoC4/cyfitter_cfg.c **** #include "CyLib.h"
  23:Generated_Source\PSoC4/cyfitter_cfg.c **** #include "CyLFClk.h"
  24:Generated_Source\PSoC4/cyfitter_cfg.c **** #include "cyfitter_cfg.h"
  25:Generated_Source\PSoC4/cyfitter_cfg.c **** #include "cyapicallbacks.h"
  26:Generated_Source\PSoC4/cyfitter_cfg.c **** 
  27:Generated_Source\PSoC4/cyfitter_cfg.c **** 
  28:Generated_Source\PSoC4/cyfitter_cfg.c **** #if defined(__GNUC__) || defined(__ARMCC_VERSION)
  29:Generated_Source\PSoC4/cyfitter_cfg.c ****     #define CYPACKED 
  30:Generated_Source\PSoC4/cyfitter_cfg.c ****     #define CYPACKED_ATTR __attribute__ ((packed))
  31:Generated_Source\PSoC4/cyfitter_cfg.c ****     #define CYALIGNED __attribute__ ((aligned))
  32:Generated_Source\PSoC4/cyfitter_cfg.c ****     #define CY_CFG_UNUSED __attribute__ ((unused))
  33:Generated_Source\PSoC4/cyfitter_cfg.c ****     #ifndef CY_CFG_SECTION
ARM GAS  C:\Users\THO~1\AppData\Local\Temp\ccn7f24I.s 			page 2


  34:Generated_Source\PSoC4/cyfitter_cfg.c ****         #define CY_CFG_SECTION __attribute__ ((section(".psocinit")))
  35:Generated_Source\PSoC4/cyfitter_cfg.c ****     #endif
  36:Generated_Source\PSoC4/cyfitter_cfg.c ****     
  37:Generated_Source\PSoC4/cyfitter_cfg.c ****     #if defined(__ARMCC_VERSION)
  38:Generated_Source\PSoC4/cyfitter_cfg.c ****         #define CY_CFG_MEMORY_BARRIER() __memory_changed()
  39:Generated_Source\PSoC4/cyfitter_cfg.c ****     #else
  40:Generated_Source\PSoC4/cyfitter_cfg.c ****         #define CY_CFG_MEMORY_BARRIER() __sync_synchronize()
  41:Generated_Source\PSoC4/cyfitter_cfg.c ****     #endif
  42:Generated_Source\PSoC4/cyfitter_cfg.c ****     
  43:Generated_Source\PSoC4/cyfitter_cfg.c **** #elif defined(__ICCARM__)
  44:Generated_Source\PSoC4/cyfitter_cfg.c ****     #include <intrinsics.h>
  45:Generated_Source\PSoC4/cyfitter_cfg.c **** 
  46:Generated_Source\PSoC4/cyfitter_cfg.c ****     #define CYPACKED __packed
  47:Generated_Source\PSoC4/cyfitter_cfg.c ****     #define CYPACKED_ATTR 
  48:Generated_Source\PSoC4/cyfitter_cfg.c ****     #define CYALIGNED _Pragma("data_alignment=4")
  49:Generated_Source\PSoC4/cyfitter_cfg.c ****     #define CY_CFG_UNUSED _Pragma("diag_suppress=Pe177")
  50:Generated_Source\PSoC4/cyfitter_cfg.c ****     #define CY_CFG_SECTION _Pragma("location=\".psocinit\"")
  51:Generated_Source\PSoC4/cyfitter_cfg.c ****     
  52:Generated_Source\PSoC4/cyfitter_cfg.c ****     #define CY_CFG_MEMORY_BARRIER() __DMB()
  53:Generated_Source\PSoC4/cyfitter_cfg.c ****     
  54:Generated_Source\PSoC4/cyfitter_cfg.c **** #else
  55:Generated_Source\PSoC4/cyfitter_cfg.c ****     #error Unsupported toolchain
  56:Generated_Source\PSoC4/cyfitter_cfg.c **** #endif
  57:Generated_Source\PSoC4/cyfitter_cfg.c **** 
  58:Generated_Source\PSoC4/cyfitter_cfg.c **** 
  59:Generated_Source\PSoC4/cyfitter_cfg.c **** CY_CFG_UNUSED
  60:Generated_Source\PSoC4/cyfitter_cfg.c **** static void CYMEMZERO(void *s, size_t n);
  61:Generated_Source\PSoC4/cyfitter_cfg.c **** CY_CFG_UNUSED
  62:Generated_Source\PSoC4/cyfitter_cfg.c **** static void CYMEMZERO(void *s, size_t n)
  63:Generated_Source\PSoC4/cyfitter_cfg.c **** {
  64:Generated_Source\PSoC4/cyfitter_cfg.c **** 	(void)memset(s, 0, n);
  65:Generated_Source\PSoC4/cyfitter_cfg.c **** }
  66:Generated_Source\PSoC4/cyfitter_cfg.c **** CY_CFG_UNUSED
  67:Generated_Source\PSoC4/cyfitter_cfg.c **** static void CYCONFIGCPY(void *dest, const void *src, size_t n);
  68:Generated_Source\PSoC4/cyfitter_cfg.c **** CY_CFG_UNUSED
  69:Generated_Source\PSoC4/cyfitter_cfg.c **** static void CYCONFIGCPY(void *dest, const void *src, size_t n)
  70:Generated_Source\PSoC4/cyfitter_cfg.c **** {
  71:Generated_Source\PSoC4/cyfitter_cfg.c **** 	(void)memcpy(dest, src, n);
  72:Generated_Source\PSoC4/cyfitter_cfg.c **** }
  73:Generated_Source\PSoC4/cyfitter_cfg.c **** CY_CFG_UNUSED
  74:Generated_Source\PSoC4/cyfitter_cfg.c **** static void CYCONFIGCPYCODE(void *dest, const void *src, size_t n);
  75:Generated_Source\PSoC4/cyfitter_cfg.c **** CY_CFG_UNUSED
  76:Generated_Source\PSoC4/cyfitter_cfg.c **** static void CYCONFIGCPYCODE(void *dest, const void *src, size_t n)
  77:Generated_Source\PSoC4/cyfitter_cfg.c **** {
  78:Generated_Source\PSoC4/cyfitter_cfg.c **** 	(void)memcpy(dest, src, n);
  79:Generated_Source\PSoC4/cyfitter_cfg.c **** }
  80:Generated_Source\PSoC4/cyfitter_cfg.c **** 
  81:Generated_Source\PSoC4/cyfitter_cfg.c **** 
  82:Generated_Source\PSoC4/cyfitter_cfg.c **** 
  83:Generated_Source\PSoC4/cyfitter_cfg.c **** 
  84:Generated_Source\PSoC4/cyfitter_cfg.c **** /* Clock startup error codes                                                   */
  85:Generated_Source\PSoC4/cyfitter_cfg.c **** #define CYCLOCKSTART_NO_ERROR    0u
  86:Generated_Source\PSoC4/cyfitter_cfg.c **** #define CYCLOCKSTART_XTAL_ERROR  1u
  87:Generated_Source\PSoC4/cyfitter_cfg.c **** #define CYCLOCKSTART_32KHZ_ERROR 2u
  88:Generated_Source\PSoC4/cyfitter_cfg.c **** #define CYCLOCKSTART_PLL_ERROR   3u
  89:Generated_Source\PSoC4/cyfitter_cfg.c **** 
  90:Generated_Source\PSoC4/cyfitter_cfg.c **** 
ARM GAS  C:\Users\THO~1\AppData\Local\Temp\ccn7f24I.s 			page 3


  91:Generated_Source\PSoC4/cyfitter_cfg.c **** #ifdef CY_NEED_CYCLOCKSTARTUPERROR
  92:Generated_Source\PSoC4/cyfitter_cfg.c **** /*******************************************************************************
  93:Generated_Source\PSoC4/cyfitter_cfg.c **** * Function Name: CyClockStartupError
  94:Generated_Source\PSoC4/cyfitter_cfg.c **** ********************************************************************************
  95:Generated_Source\PSoC4/cyfitter_cfg.c **** * Summary:
  96:Generated_Source\PSoC4/cyfitter_cfg.c **** *  If an error is encountered during clock configuration (crystal startup error,
  97:Generated_Source\PSoC4/cyfitter_cfg.c **** *  PLL lock error, etc.), the system will end up here.  Unless reimplemented by
  98:Generated_Source\PSoC4/cyfitter_cfg.c **** *  the customer, this function will stop in an infinite loop.
  99:Generated_Source\PSoC4/cyfitter_cfg.c **** *
 100:Generated_Source\PSoC4/cyfitter_cfg.c **** * Parameters:
 101:Generated_Source\PSoC4/cyfitter_cfg.c **** *   void
 102:Generated_Source\PSoC4/cyfitter_cfg.c **** *
 103:Generated_Source\PSoC4/cyfitter_cfg.c **** * Return:
 104:Generated_Source\PSoC4/cyfitter_cfg.c **** *   void
 105:Generated_Source\PSoC4/cyfitter_cfg.c **** *
 106:Generated_Source\PSoC4/cyfitter_cfg.c **** *******************************************************************************/
 107:Generated_Source\PSoC4/cyfitter_cfg.c **** CY_CFG_UNUSED
 108:Generated_Source\PSoC4/cyfitter_cfg.c **** static void CyClockStartupError(uint8 errorCode);
 109:Generated_Source\PSoC4/cyfitter_cfg.c **** CY_CFG_UNUSED
 110:Generated_Source\PSoC4/cyfitter_cfg.c **** static void CyClockStartupError(uint8 errorCode)
 111:Generated_Source\PSoC4/cyfitter_cfg.c **** {
 112:Generated_Source\PSoC4/cyfitter_cfg.c ****     /* To remove the compiler warning if errorCode not used.                */
 113:Generated_Source\PSoC4/cyfitter_cfg.c ****     errorCode = errorCode;
 114:Generated_Source\PSoC4/cyfitter_cfg.c **** 
 115:Generated_Source\PSoC4/cyfitter_cfg.c ****     /* If we have a clock startup error (bad MHz crystal, PLL lock, etc.),  */
 116:Generated_Source\PSoC4/cyfitter_cfg.c ****     /* we will end up here to allow the customer to implement something to  */
 117:Generated_Source\PSoC4/cyfitter_cfg.c ****     /* deal with the clock condition.                                       */
 118:Generated_Source\PSoC4/cyfitter_cfg.c **** 
 119:Generated_Source\PSoC4/cyfitter_cfg.c **** #ifdef CY_CFG_CLOCK_STARTUP_ERROR_CALLBACK
 120:Generated_Source\PSoC4/cyfitter_cfg.c **** 	CY_CFG_Clock_Startup_ErrorCallback();
 121:Generated_Source\PSoC4/cyfitter_cfg.c **** #else
 122:Generated_Source\PSoC4/cyfitter_cfg.c **** 	/*  If not using CY_CFG_CLOCK_STARTUP_ERROR_CALLBACK, place your clock startup code here. */
 123:Generated_Source\PSoC4/cyfitter_cfg.c ****     /* `#START CyClockStartupError` */
 124:Generated_Source\PSoC4/cyfitter_cfg.c **** 
 125:Generated_Source\PSoC4/cyfitter_cfg.c **** 
 126:Generated_Source\PSoC4/cyfitter_cfg.c **** 
 127:Generated_Source\PSoC4/cyfitter_cfg.c ****     /* `#END` */
 128:Generated_Source\PSoC4/cyfitter_cfg.c **** 
 129:Generated_Source\PSoC4/cyfitter_cfg.c ****     /* If nothing else, stop here since the clocks have not started         */
 130:Generated_Source\PSoC4/cyfitter_cfg.c ****     /* correctly.                                                           */
 131:Generated_Source\PSoC4/cyfitter_cfg.c ****     while(1) {}
 132:Generated_Source\PSoC4/cyfitter_cfg.c **** #endif /* CY_CFG_CLOCK_STARTUP_ERROR_CALLBACK */ 
 133:Generated_Source\PSoC4/cyfitter_cfg.c **** }
 134:Generated_Source\PSoC4/cyfitter_cfg.c **** #endif
 135:Generated_Source\PSoC4/cyfitter_cfg.c **** 
 136:Generated_Source\PSoC4/cyfitter_cfg.c **** 
 137:Generated_Source\PSoC4/cyfitter_cfg.c **** 
 138:Generated_Source\PSoC4/cyfitter_cfg.c **** /*******************************************************************************
 139:Generated_Source\PSoC4/cyfitter_cfg.c **** * Function Name: ClockSetup
 140:Generated_Source\PSoC4/cyfitter_cfg.c **** ********************************************************************************
 141:Generated_Source\PSoC4/cyfitter_cfg.c **** *
 142:Generated_Source\PSoC4/cyfitter_cfg.c **** * Summary:
 143:Generated_Source\PSoC4/cyfitter_cfg.c **** *   Performs the initialization of all of the clocks in the device based on the
 144:Generated_Source\PSoC4/cyfitter_cfg.c **** *   settings in the Clock tab of the DWR.  This includes enabling the requested
 145:Generated_Source\PSoC4/cyfitter_cfg.c **** *   clocks and setting the necessary dividers to produce the desired frequency. 
 146:Generated_Source\PSoC4/cyfitter_cfg.c **** *
 147:Generated_Source\PSoC4/cyfitter_cfg.c **** * Parameters:
ARM GAS  C:\Users\THO~1\AppData\Local\Temp\ccn7f24I.s 			page 4


 148:Generated_Source\PSoC4/cyfitter_cfg.c **** *   void
 149:Generated_Source\PSoC4/cyfitter_cfg.c **** *
 150:Generated_Source\PSoC4/cyfitter_cfg.c **** * Return:
 151:Generated_Source\PSoC4/cyfitter_cfg.c **** *   void
 152:Generated_Source\PSoC4/cyfitter_cfg.c **** *
 153:Generated_Source\PSoC4/cyfitter_cfg.c **** *******************************************************************************/
 154:Generated_Source\PSoC4/cyfitter_cfg.c **** static void ClockSetup(void);
 155:Generated_Source\PSoC4/cyfitter_cfg.c **** CY_CFG_SECTION
 156:Generated_Source\PSoC4/cyfitter_cfg.c **** static void ClockSetup(void)
 157:Generated_Source\PSoC4/cyfitter_cfg.c **** {
 158:Generated_Source\PSoC4/cyfitter_cfg.c **** 
 159:Generated_Source\PSoC4/cyfitter_cfg.c **** 	/* Set Flash Cycles based on max possible frequency in case a glitch occurs during ClockSetup(). *
 160:Generated_Source\PSoC4/cyfitter_cfg.c **** 	CY_SET_REG32((void CYXDATA *)(CYREG_CPUSS_FLASH_CTL), (0x0012u));
 161:Generated_Source\PSoC4/cyfitter_cfg.c **** 
 162:Generated_Source\PSoC4/cyfitter_cfg.c **** 	/* Start the WCO */
 163:Generated_Source\PSoC4/cyfitter_cfg.c **** 	CySysClkWcoStart();
 164:Generated_Source\PSoC4/cyfitter_cfg.c **** 	CyDelayCycles(12000000u); /* WCO may take up to 500ms to start */
 165:Generated_Source\PSoC4/cyfitter_cfg.c **** 	(void)CySysClkWcoSetPowerMode(CY_SYS_CLK_WCO_LPM);    /* Switch to the low power mode */
 166:Generated_Source\PSoC4/cyfitter_cfg.c **** 
 167:Generated_Source\PSoC4/cyfitter_cfg.c **** 	/* Setup and trim IMO based on desired frequency. */
 168:Generated_Source\PSoC4/cyfitter_cfg.c **** 	CySysClkWriteImoFreq(48u);
 169:Generated_Source\PSoC4/cyfitter_cfg.c **** 	/* CYDEV_CLK_ILO_CONFIG Starting address: CYDEV_CLK_ILO_CONFIG */
 170:Generated_Source\PSoC4/cyfitter_cfg.c **** 	CY_SET_XTND_REG32((void CYFAR *)(CYREG_CLK_ILO_CONFIG), 0x80000006u);
 171:Generated_Source\PSoC4/cyfitter_cfg.c **** 
 172:Generated_Source\PSoC4/cyfitter_cfg.c **** 	/* CYDEV_WDT_CONFIG Starting address: CYDEV_WDT_CONFIG */
 173:Generated_Source\PSoC4/cyfitter_cfg.c **** 	CY_SET_XTND_REG32((void CYFAR *)(CYREG_WDT_CONFIG), 0x40000000u);
 174:Generated_Source\PSoC4/cyfitter_cfg.c **** 
 175:Generated_Source\PSoC4/cyfitter_cfg.c **** 
 176:Generated_Source\PSoC4/cyfitter_cfg.c **** 	/* Enable fast start mode for XO */
 177:Generated_Source\PSoC4/cyfitter_cfg.c **** 	CY_SET_REG32((void*)CYREG_BLE_BLERD_BB_XO, CY_GET_REG32((void*)CYREG_BLE_BLERD_BB_XO) | (uint32)0x
 178:Generated_Source\PSoC4/cyfitter_cfg.c **** 	CY_SET_XTND_REG32((void CYFAR *)(CYREG_BLE_BLERD_BB_XO_CAPTRIM), 0x00003E2Du);
 179:Generated_Source\PSoC4/cyfitter_cfg.c **** 	/*Set XTAL(ECO) divider*/
 180:Generated_Source\PSoC4/cyfitter_cfg.c **** 	CY_SET_XTND_REG32((void CYFAR *)(CYREG_BLE_BLESS_XTAL_CLK_DIV_CONFIG), 0x00000000u);
 181:Generated_Source\PSoC4/cyfitter_cfg.c **** 	/* Disable Crystal Stable Interrupt before enabling ECO */
 182:Generated_Source\PSoC4/cyfitter_cfg.c **** 	CY_SET_REG32((void*)CYREG_BLE_BLESS_LL_DSM_CTRL, CY_GET_REG32((void*)CYREG_BLE_BLESS_LL_DSM_CTRL) 
 183:Generated_Source\PSoC4/cyfitter_cfg.c **** 	/* Start the ECO and do not check status since it is not needed for HFCLK */
 184:Generated_Source\PSoC4/cyfitter_cfg.c **** 	(void)CySysClkEcoStart(2000u);
 185:Generated_Source\PSoC4/cyfitter_cfg.c **** 	CyDelayUs(1500u); /* Wait to stabalize */
 186:Generated_Source\PSoC4/cyfitter_cfg.c **** 
 187:Generated_Source\PSoC4/cyfitter_cfg.c **** 	/* Setup phase aligned clocks */
 188:Generated_Source\PSoC4/cyfitter_cfg.c **** 	CY_SET_REG32((void *)CYREG_PERI_DIV_16_CTL0, 0x00001D00u);
 189:Generated_Source\PSoC4/cyfitter_cfg.c **** 	CY_SET_REG32((void *)CYREG_PERI_DIV_CMD, 0x8000FF40u);
 190:Generated_Source\PSoC4/cyfitter_cfg.c **** 	CY_SET_REG32((void *)CYREG_PERI_DIV_16_CTL1, 0x00002200u);
 191:Generated_Source\PSoC4/cyfitter_cfg.c **** 	CY_SET_REG32((void *)CYREG_PERI_DIV_CMD, 0x8000FF41u);
 192:Generated_Source\PSoC4/cyfitter_cfg.c **** 
 193:Generated_Source\PSoC4/cyfitter_cfg.c **** 	/* CYDEV_CLK_IMO_CONFIG Starting address: CYDEV_CLK_IMO_CONFIG */
 194:Generated_Source\PSoC4/cyfitter_cfg.c **** 	CY_SET_XTND_REG32((void CYFAR *)(CYREG_CLK_IMO_CONFIG), 0x80000000u);
 195:Generated_Source\PSoC4/cyfitter_cfg.c **** 
 196:Generated_Source\PSoC4/cyfitter_cfg.c **** 	/* CYDEV_CLK_SELECT Starting address: CYDEV_CLK_SELECT */
 197:Generated_Source\PSoC4/cyfitter_cfg.c **** 	CY_SET_XTND_REG32((void CYFAR *)(CYREG_CLK_SELECT), 0x00040000u);
 198:Generated_Source\PSoC4/cyfitter_cfg.c **** 
 199:Generated_Source\PSoC4/cyfitter_cfg.c **** 	/* CYDEV_PERI_PCLK_CTL2 Starting address: CYDEV_PERI_PCLK_CTL2 */
 200:Generated_Source\PSoC4/cyfitter_cfg.c **** 	CY_SET_XTND_REG32((void CYFAR *)(CYREG_PERI_PCLK_CTL2), 0x00000040u);
 201:Generated_Source\PSoC4/cyfitter_cfg.c **** 
 202:Generated_Source\PSoC4/cyfitter_cfg.c **** 	/* CYDEV_PERI_PCLK_CTL1 Starting address: CYDEV_PERI_PCLK_CTL1 */
 203:Generated_Source\PSoC4/cyfitter_cfg.c **** 	CY_SET_XTND_REG32((void CYFAR *)(CYREG_PERI_PCLK_CTL1), 0x00000041u);
 204:Generated_Source\PSoC4/cyfitter_cfg.c **** 
ARM GAS  C:\Users\THO~1\AppData\Local\Temp\ccn7f24I.s 			page 5


 205:Generated_Source\PSoC4/cyfitter_cfg.c **** 	(void)CyIntSetVector(8u, &CySysWdtIsr);
 206:Generated_Source\PSoC4/cyfitter_cfg.c **** 	CyIntEnable(8u);
 207:Generated_Source\PSoC4/cyfitter_cfg.c **** 	CY_SET_XTND_REG32((void CYFAR *)(CYREG_WDT_CONFIG), 0x40000000u);
 208:Generated_Source\PSoC4/cyfitter_cfg.c **** }
 209:Generated_Source\PSoC4/cyfitter_cfg.c **** 
 210:Generated_Source\PSoC4/cyfitter_cfg.c **** 
 211:Generated_Source\PSoC4/cyfitter_cfg.c **** /* Analog API Functions */
 212:Generated_Source\PSoC4/cyfitter_cfg.c **** 
 213:Generated_Source\PSoC4/cyfitter_cfg.c **** 
 214:Generated_Source\PSoC4/cyfitter_cfg.c **** /*******************************************************************************
 215:Generated_Source\PSoC4/cyfitter_cfg.c **** * Function Name: AnalogSetDefault
 216:Generated_Source\PSoC4/cyfitter_cfg.c **** ********************************************************************************
 217:Generated_Source\PSoC4/cyfitter_cfg.c **** *
 218:Generated_Source\PSoC4/cyfitter_cfg.c **** * Summary:
 219:Generated_Source\PSoC4/cyfitter_cfg.c **** *  Sets up the analog portions of the chip to default values based on chip
 220:Generated_Source\PSoC4/cyfitter_cfg.c **** *  configuration options from the project.
 221:Generated_Source\PSoC4/cyfitter_cfg.c **** *
 222:Generated_Source\PSoC4/cyfitter_cfg.c **** * Parameters:
 223:Generated_Source\PSoC4/cyfitter_cfg.c **** *  void
 224:Generated_Source\PSoC4/cyfitter_cfg.c **** *
 225:Generated_Source\PSoC4/cyfitter_cfg.c **** * Return:
 226:Generated_Source\PSoC4/cyfitter_cfg.c **** *  void
 227:Generated_Source\PSoC4/cyfitter_cfg.c **** *
 228:Generated_Source\PSoC4/cyfitter_cfg.c **** *******************************************************************************/
 229:Generated_Source\PSoC4/cyfitter_cfg.c **** static void AnalogSetDefault(void);
 230:Generated_Source\PSoC4/cyfitter_cfg.c **** static void AnalogSetDefault(void)
 231:Generated_Source\PSoC4/cyfitter_cfg.c **** {
  25              		.loc 1 231 0
  26              		.cfi_startproc
 232:Generated_Source\PSoC4/cyfitter_cfg.c **** 	CY_SET_XTND_REG32((void CYFAR *)CYREG_CTBM0_DFT_CTRL, 0x00000003u);
  27              		.loc 1 232 0
  28 0000 0323     		mov	r3, #3
  29 0002 044A     		ldr	r2, .L2
  30 0004 1360     		str	r3, [r2]
 233:Generated_Source\PSoC4/cyfitter_cfg.c **** 	CY_SET_XTND_REG32((void CYFAR *)CYREG_CTBM1_DFT_CTRL, 0x00000003u);
  31              		.loc 1 233 0
  32 0006 044A     		ldr	r2, .L2+4
  33 0008 1360     		str	r3, [r2]
 234:Generated_Source\PSoC4/cyfitter_cfg.c **** 	CY_SET_XTND_REG32((void CYFAR *)CYREG_PASS_DSAB_DSAB_CTRL, 0x00000000u);
  34              		.loc 1 234 0
  35 000a 0022     		mov	r2, #0
  36 000c 034B     		ldr	r3, .L2+8
  37 000e 1A60     		str	r2, [r3]
 235:Generated_Source\PSoC4/cyfitter_cfg.c **** }
  38              		.loc 1 235 0
  39              		@ sp needed
  40 0010 7047     		bx	lr
  41              	.L3:
  42 0012 C046     		.align	2
  43              	.L2:
  44 0014 30003040 		.word	1076887600
  45 0018 30003140 		.word	1076953136
  46 001c 000E3F40 		.word	1077874176
  47              		.cfi_endproc
  48              	.LFE6:
  49              		.size	AnalogSetDefault, .-AnalogSetDefault
  50              		.section	.text.CYMEMZERO,"ax",%progbits
ARM GAS  C:\Users\THO~1\AppData\Local\Temp\ccn7f24I.s 			page 6


  51              		.align	2
  52              		.code	16
  53              		.thumb_func
  54              		.type	CYMEMZERO, %function
  55              	CYMEMZERO:
  56              	.LFB2:
  63:Generated_Source\PSoC4/cyfitter_cfg.c **** 	(void)memset(s, 0, n);
  57              		.loc 1 63 0
  58              		.cfi_startproc
  59              	.LVL0:
  60 0000 08B5     		push	{r3, lr}
  61              		.cfi_def_cfa_offset 8
  62              		.cfi_offset 3, -8
  63              		.cfi_offset 14, -4
  64 0002 0A1C     		mov	r2, r1
  64:Generated_Source\PSoC4/cyfitter_cfg.c **** }
  65              		.loc 1 64 0
  66 0004 0021     		mov	r1, #0
  67              	.LVL1:
  68 0006 FFF7FEFF 		bl	memset
  69              	.LVL2:
  65:Generated_Source\PSoC4/cyfitter_cfg.c **** CY_CFG_UNUSED
  70              		.loc 1 65 0
  71              		@ sp needed
  72 000a 08BD     		pop	{r3, pc}
  73              		.cfi_endproc
  74              	.LFE2:
  75              		.size	CYMEMZERO, .-CYMEMZERO
  76              		.section	.psocinit,"ax",%progbits
  77              		.align	2
  78              		.code	16
  79              		.thumb_func
  80              		.type	ClockSetup, %function
  81              	ClockSetup:
  82              	.LFB5:
 157:Generated_Source\PSoC4/cyfitter_cfg.c **** 
  83              		.loc 1 157 0
  84              		.cfi_startproc
  85 0000 38B5     		push	{r3, r4, r5, lr}
  86              		.cfi_def_cfa_offset 16
  87              		.cfi_offset 3, -16
  88              		.cfi_offset 4, -12
  89              		.cfi_offset 5, -8
  90              		.cfi_offset 14, -4
 160:Generated_Source\PSoC4/cyfitter_cfg.c **** 
  91              		.loc 1 160 0
  92 0002 1222     		mov	r2, #18
  93 0004 274B     		ldr	r3, .L6
  94 0006 1A60     		str	r2, [r3]
 163:Generated_Source\PSoC4/cyfitter_cfg.c **** 	CyDelayCycles(12000000u); /* WCO may take up to 500ms to start */
  95              		.loc 1 163 0
  96 0008 FFF7FEFF 		bl	CySysClkWcoStart
  97              	.LVL3:
 164:Generated_Source\PSoC4/cyfitter_cfg.c **** 	(void)CySysClkWcoSetPowerMode(CY_SYS_CLK_WCO_LPM);    /* Switch to the low power mode */
  98              		.loc 1 164 0
  99 000c 2648     		ldr	r0, .L6+4
 100 000e FFF7FEFF 		bl	CyDelayCycles
ARM GAS  C:\Users\THO~1\AppData\Local\Temp\ccn7f24I.s 			page 7


 101              	.LVL4:
 165:Generated_Source\PSoC4/cyfitter_cfg.c **** 
 102              		.loc 1 165 0
 103 0012 0120     		mov	r0, #1
 104 0014 FFF7FEFF 		bl	CySysClkWcoSetPowerMode
 105              	.LVL5:
 168:Generated_Source\PSoC4/cyfitter_cfg.c **** 	/* CYDEV_CLK_ILO_CONFIG Starting address: CYDEV_CLK_ILO_CONFIG */
 106              		.loc 1 168 0
 107 0018 3020     		mov	r0, #48
 108 001a FFF7FEFF 		bl	CySysClkWriteImoFreq
 109              	.LVL6:
 170:Generated_Source\PSoC4/cyfitter_cfg.c **** 
 110              		.loc 1 170 0
 111 001e 234A     		ldr	r2, .L6+8
 112 0020 234B     		ldr	r3, .L6+12
 113 0022 1A60     		str	r2, [r3]
 173:Generated_Source\PSoC4/cyfitter_cfg.c **** 
 114              		.loc 1 173 0
 115 0024 234C     		ldr	r4, .L6+16
 116 0026 8025     		mov	r5, #128
 117 0028 ED05     		lsl	r5, r5, #23
 118 002a 2560     		str	r5, [r4]
 177:Generated_Source\PSoC4/cyfitter_cfg.c **** 	CY_SET_XTND_REG32((void CYFAR *)(CYREG_BLE_BLERD_BB_XO_CAPTRIM), 0x00003E2Du);
 119              		.loc 1 177 0
 120 002c 224A     		ldr	r2, .L6+20
 121 002e 1168     		ldr	r1, [r2]
 122 0030 0223     		mov	r3, #2
 123 0032 0B43     		orr	r3, r1
 124 0034 1360     		str	r3, [r2]
 178:Generated_Source\PSoC4/cyfitter_cfg.c **** 	/*Set XTAL(ECO) divider*/
 125              		.loc 1 178 0
 126 0036 214A     		ldr	r2, .L6+24
 127 0038 214B     		ldr	r3, .L6+28
 128 003a 1A60     		str	r2, [r3]
 180:Generated_Source\PSoC4/cyfitter_cfg.c **** 	/* Disable Crystal Stable Interrupt before enabling ECO */
 129              		.loc 1 180 0
 130 003c 0022     		mov	r2, #0
 131 003e 214B     		ldr	r3, .L6+32
 132 0040 1A60     		str	r2, [r3]
 182:Generated_Source\PSoC4/cyfitter_cfg.c **** 	/* Start the ECO and do not check status since it is not needed for HFCLK */
 133              		.loc 1 182 0
 134 0042 214A     		ldr	r2, .L6+36
 135 0044 1368     		ldr	r3, [r2]
 136 0046 0821     		mov	r1, #8
 137 0048 8B43     		bic	r3, r1
 138 004a 1360     		str	r3, [r2]
 184:Generated_Source\PSoC4/cyfitter_cfg.c **** 	CyDelayUs(1500u); /* Wait to stabalize */
 139              		.loc 1 184 0
 140 004c FA20     		mov	r0, #250
 141 004e C000     		lsl	r0, r0, #3
 142 0050 FFF7FEFF 		bl	CySysClkEcoStart
 143              	.LVL7:
 185:Generated_Source\PSoC4/cyfitter_cfg.c **** 
 144              		.loc 1 185 0
 145 0054 1D48     		ldr	r0, .L6+40
 146 0056 FFF7FEFF 		bl	CyDelayUs
 147              	.LVL8:
ARM GAS  C:\Users\THO~1\AppData\Local\Temp\ccn7f24I.s 			page 8


 188:Generated_Source\PSoC4/cyfitter_cfg.c **** 	CY_SET_REG32((void *)CYREG_PERI_DIV_CMD, 0x8000FF40u);
 148              		.loc 1 188 0
 149 005a E822     		mov	r2, #232
 150 005c 5201     		lsl	r2, r2, #5
 151 005e 1C4B     		ldr	r3, .L6+44
 152 0060 1A60     		str	r2, [r3]
 189:Generated_Source\PSoC4/cyfitter_cfg.c **** 	CY_SET_REG32((void *)CYREG_PERI_DIV_16_CTL1, 0x00002200u);
 153              		.loc 1 189 0
 154 0062 1C4B     		ldr	r3, .L6+48
 155 0064 1C4A     		ldr	r2, .L6+52
 156 0066 1A60     		str	r2, [r3]
 190:Generated_Source\PSoC4/cyfitter_cfg.c **** 	CY_SET_REG32((void *)CYREG_PERI_DIV_CMD, 0x8000FF41u);
 157              		.loc 1 190 0
 158 0068 8821     		mov	r1, #136
 159 006a 8901     		lsl	r1, r1, #6
 160 006c 1B4A     		ldr	r2, .L6+56
 161 006e 1160     		str	r1, [r2]
 191:Generated_Source\PSoC4/cyfitter_cfg.c **** 
 162              		.loc 1 191 0
 163 0070 1B4A     		ldr	r2, .L6+60
 164 0072 1A60     		str	r2, [r3]
 194:Generated_Source\PSoC4/cyfitter_cfg.c **** 
 165              		.loc 1 194 0
 166 0074 8022     		mov	r2, #128
 167 0076 1206     		lsl	r2, r2, #24
 168 0078 1A4B     		ldr	r3, .L6+64
 169 007a 1A60     		str	r2, [r3]
 197:Generated_Source\PSoC4/cyfitter_cfg.c **** 
 170              		.loc 1 197 0
 171 007c 8022     		mov	r2, #128
 172 007e D202     		lsl	r2, r2, #11
 173 0080 194B     		ldr	r3, .L6+68
 174 0082 1A60     		str	r2, [r3]
 200:Generated_Source\PSoC4/cyfitter_cfg.c **** 
 175              		.loc 1 200 0
 176 0084 4022     		mov	r2, #64
 177 0086 194B     		ldr	r3, .L6+72
 178 0088 1A60     		str	r2, [r3]
 203:Generated_Source\PSoC4/cyfitter_cfg.c **** 
 179              		.loc 1 203 0
 180 008a 0132     		add	r2, r2, #1
 181 008c 184B     		ldr	r3, .L6+76
 182 008e 1A60     		str	r2, [r3]
 205:Generated_Source\PSoC4/cyfitter_cfg.c **** 	CyIntEnable(8u);
 183              		.loc 1 205 0
 184 0090 0820     		mov	r0, #8
 185 0092 1849     		ldr	r1, .L6+80
 186 0094 FFF7FEFF 		bl	CyIntSetVector
 187              	.LVL9:
 206:Generated_Source\PSoC4/cyfitter_cfg.c **** 	CY_SET_XTND_REG32((void CYFAR *)(CYREG_WDT_CONFIG), 0x40000000u);
 188              		.loc 1 206 0
 189 0098 0820     		mov	r0, #8
 190 009a FFF7FEFF 		bl	CyIntEnable
 191              	.LVL10:
 207:Generated_Source\PSoC4/cyfitter_cfg.c **** }
 192              		.loc 1 207 0
 193 009e 2560     		str	r5, [r4]
ARM GAS  C:\Users\THO~1\AppData\Local\Temp\ccn7f24I.s 			page 9


 208:Generated_Source\PSoC4/cyfitter_cfg.c **** 
 194              		.loc 1 208 0
 195              		@ sp needed
 196 00a0 38BD     		pop	{r3, r4, r5, pc}
 197              	.L7:
 198 00a2 C046     		.align	2
 199              	.L6:
 200 00a4 30001040 		.word	1074790448
 201 00a8 001BB700 		.word	12000000
 202 00ac 06000080 		.word	-2147483642
 203 00b0 04010B40 		.word	1074462980
 204 00b4 0C020B40 		.word	1074463244
 205 00b8 78002E40 		.word	1076756600
 206 00bc 2D3E0000 		.word	15917
 207 00c0 7C002E40 		.word	1076756604
 208 00c4 64F02E40 		.word	1076818020
 209 00c8 6CF02E40 		.word	1076818028
 210 00cc DC050000 		.word	1500
 211 00d0 00030140 		.word	1073808128
 212 00d4 00000140 		.word	1073807360
 213 00d8 40FF0080 		.word	-2147418304
 214 00dc 04030140 		.word	1073808132
 215 00e0 41FF0080 		.word	-2147418303
 216 00e4 08010B40 		.word	1074462984
 217 00e8 00010B40 		.word	1074462976
 218 00ec 08010140 		.word	1073807624
 219 00f0 04010140 		.word	1073807620
 220 00f4 00000000 		.word	CySysWdtIsr
 221              		.cfi_endproc
 222              	.LFE5:
 223              		.size	ClockSetup, .-ClockSetup
 224              		.align	2
 225              		.global	cyfitter_cfg
 226              		.code	16
 227              		.thumb_func
 228              		.type	cyfitter_cfg, %function
 229              	cyfitter_cfg:
 230              	.LFB7:
 236:Generated_Source\PSoC4/cyfitter_cfg.c **** 
 237:Generated_Source\PSoC4/cyfitter_cfg.c **** #define CY_AMUX_UNUSED CYREG_CM0_ROM_DWT
 238:Generated_Source\PSoC4/cyfitter_cfg.c **** 
 239:Generated_Source\PSoC4/cyfitter_cfg.c **** 
 240:Generated_Source\PSoC4/cyfitter_cfg.c **** /*******************************************************************************
 241:Generated_Source\PSoC4/cyfitter_cfg.c **** * Function Name: cyfitter_cfg
 242:Generated_Source\PSoC4/cyfitter_cfg.c **** ********************************************************************************
 243:Generated_Source\PSoC4/cyfitter_cfg.c **** * Summary:
 244:Generated_Source\PSoC4/cyfitter_cfg.c **** *  This function is called by the start-up code for the selected device. It
 245:Generated_Source\PSoC4/cyfitter_cfg.c **** *  performs all of the necessary device configuration based on the design
 246:Generated_Source\PSoC4/cyfitter_cfg.c **** *  settings.  This includes settings from the Design Wide Resources (DWR) such
 247:Generated_Source\PSoC4/cyfitter_cfg.c **** *  as Clocks and Pins as well as any component configuration that is necessary.
 248:Generated_Source\PSoC4/cyfitter_cfg.c **** *
 249:Generated_Source\PSoC4/cyfitter_cfg.c **** * Parameters:  
 250:Generated_Source\PSoC4/cyfitter_cfg.c **** *   void
 251:Generated_Source\PSoC4/cyfitter_cfg.c **** *
 252:Generated_Source\PSoC4/cyfitter_cfg.c **** * Return:
 253:Generated_Source\PSoC4/cyfitter_cfg.c **** *   void
 254:Generated_Source\PSoC4/cyfitter_cfg.c **** *
ARM GAS  C:\Users\THO~1\AppData\Local\Temp\ccn7f24I.s 			page 10


 255:Generated_Source\PSoC4/cyfitter_cfg.c **** *******************************************************************************/
 256:Generated_Source\PSoC4/cyfitter_cfg.c **** CY_CFG_SECTION
 257:Generated_Source\PSoC4/cyfitter_cfg.c **** void cyfitter_cfg(void)
 258:Generated_Source\PSoC4/cyfitter_cfg.c **** {
 231              		.loc 1 258 0
 232              		.cfi_startproc
 233 00f8 10B5     		push	{r4, lr}
 234              		.cfi_def_cfa_offset 8
 235              		.cfi_offset 4, -8
 236              		.cfi_offset 14, -4
 259:Generated_Source\PSoC4/cyfitter_cfg.c **** 	/* Disable interrupts by default. Let user enable if/when they want. */
 260:Generated_Source\PSoC4/cyfitter_cfg.c **** 	CyGlobalIntDisable;
 237              		.loc 1 260 0
 238              	@ 260 "Generated_Source\PSoC4\cyfitter_cfg.c" 1
 239 00fa 72B6     		CPSID   i
 240              	@ 0 "" 2
 261:Generated_Source\PSoC4/cyfitter_cfg.c **** 
 262:Generated_Source\PSoC4/cyfitter_cfg.c **** 	CY_SET_XTND_REG32((void CYFAR *)(CYREG_BLE_BLESS_LL_DSM_CTRL), 0x00000000u);
 241              		.loc 1 262 0
 242              		.code	16
 243 00fc 0022     		mov	r2, #0
 244 00fe 2A4B     		ldr	r3, .L11
 245 0100 1A60     		str	r2, [r3]
 246              	.LVL11:
 247              	.LBB2:
 263:Generated_Source\PSoC4/cyfitter_cfg.c **** 
 264:Generated_Source\PSoC4/cyfitter_cfg.c **** 	{
 265:Generated_Source\PSoC4/cyfitter_cfg.c **** 
 266:Generated_Source\PSoC4/cyfitter_cfg.c **** 		CYPACKED typedef struct {
 267:Generated_Source\PSoC4/cyfitter_cfg.c **** 			void CYFAR *address;
 268:Generated_Source\PSoC4/cyfitter_cfg.c **** 			uint16 size;
 269:Generated_Source\PSoC4/cyfitter_cfg.c **** 		} CYPACKED_ATTR cfg_memset_t;
 270:Generated_Source\PSoC4/cyfitter_cfg.c **** 
 271:Generated_Source\PSoC4/cyfitter_cfg.c **** 		static const cfg_memset_t CYCODE cfg_memset_list [] = {
 272:Generated_Source\PSoC4/cyfitter_cfg.c **** 			/* address, size */
 273:Generated_Source\PSoC4/cyfitter_cfg.c **** 			{(void CYFAR *)(CYDEV_UDB_P0_U0_BASE), 1024u},
 274:Generated_Source\PSoC4/cyfitter_cfg.c **** 			{(void CYFAR *)(CYDEV_UDB_DSI0_BASE), 1024u},
 275:Generated_Source\PSoC4/cyfitter_cfg.c **** 		};
 276:Generated_Source\PSoC4/cyfitter_cfg.c **** 
 277:Generated_Source\PSoC4/cyfitter_cfg.c **** 		uint8 CYDATA i;
 278:Generated_Source\PSoC4/cyfitter_cfg.c **** 
 279:Generated_Source\PSoC4/cyfitter_cfg.c **** 		/* Zero out critical memory blocks before beginning configuration */
 280:Generated_Source\PSoC4/cyfitter_cfg.c **** 		for (i = 0u; i < (sizeof(cfg_memset_list)/sizeof(cfg_memset_list[0])); i++)
 248              		.loc 1 280 0
 249 0102 0024     		mov	r4, #0
 250 0104 10E0     		b	.L9
 251              	.LVL12:
 252              	.L10:
 253              	.LBB3:
 281:Generated_Source\PSoC4/cyfitter_cfg.c **** 		{
 282:Generated_Source\PSoC4/cyfitter_cfg.c **** 			const cfg_memset_t CYCODE * CYDATA ms = &cfg_memset_list[i];
 283:Generated_Source\PSoC4/cyfitter_cfg.c **** 			CYMEMZERO(ms->address, (size_t)(uint32)(ms->size));
 254              		.loc 1 283 0 discriminator 3
 255 0106 2948     		ldr	r0, .L11+4
 256 0108 6300     		lsl	r3, r4, #1
 257 010a 1A19     		add	r2, r3, r4
 258 010c 5200     		lsl	r2, r2, #1
ARM GAS  C:\Users\THO~1\AppData\Local\Temp\ccn7f24I.s 			page 11


 259 010e 8218     		add	r2, r0, r2
 260 0110 9188     		ldrh	r1, [r2, #4]
 261 0112 1B19     		add	r3, r3, r4
 262 0114 5B00     		lsl	r3, r3, #1
 263 0116 1A5A     		ldrh	r2, [r3, r0]
 264 0118 C318     		add	r3, r0, r3
 265 011a 5888     		ldrh	r0, [r3, #2]
 266 011c 0004     		lsl	r0, r0, #16
 267 011e 1043     		orr	r0, r2
 268 0120 FFF7FEFF 		bl	CYMEMZERO
 269              	.LVL13:
 270              	.LBE3:
 280:Generated_Source\PSoC4/cyfitter_cfg.c **** 		{
 271              		.loc 1 280 0 discriminator 3
 272 0124 0134     		add	r4, r4, #1
 273              	.LVL14:
 274 0126 E4B2     		uxtb	r4, r4
 275              	.LVL15:
 276              	.L9:
 280:Generated_Source\PSoC4/cyfitter_cfg.c **** 		{
 277              		.loc 1 280 0 is_stmt 0 discriminator 1
 278 0128 012C     		cmp	r4, #1
 279 012a ECD9     		bls	.L10
 284:Generated_Source\PSoC4/cyfitter_cfg.c **** 		}
 285:Generated_Source\PSoC4/cyfitter_cfg.c **** 
 286:Generated_Source\PSoC4/cyfitter_cfg.c **** 		/* HSIOM Starting address: CYDEV_HSIOM_BASE */
 287:Generated_Source\PSoC4/cyfitter_cfg.c **** 		CY_SET_XTND_REG32((void CYFAR *)(CYDEV_HSIOM_BASE), 0xEE990000u);
 280              		.loc 1 287 0 is_stmt 1
 281 012c 204A     		ldr	r2, .L11+8
 282 012e 214B     		ldr	r3, .L11+12
 283 0130 1A60     		str	r2, [r3]
 288:Generated_Source\PSoC4/cyfitter_cfg.c **** 		CY_SET_XTND_REG32((void CYFAR *)(CYREG_HSIOM_PORT_SEL3), 0x00EE0000u);
 284              		.loc 1 288 0
 285 0132 EE22     		mov	r2, #238
 286 0134 1204     		lsl	r2, r2, #16
 287 0136 204B     		ldr	r3, .L11+16
 288 0138 1A60     		str	r2, [r3]
 289:Generated_Source\PSoC4/cyfitter_cfg.c **** 
 290:Generated_Source\PSoC4/cyfitter_cfg.c **** 		/* UDB_PA_0 Starting address: CYDEV_UDB_PA0_BASE */
 291:Generated_Source\PSoC4/cyfitter_cfg.c **** 		CY_SET_XTND_REG32((void CYFAR *)(CYDEV_UDB_PA0_BASE), 0x00990000u);
 289              		.loc 1 291 0
 290 013a 9923     		mov	r3, #153
 291 013c 1B04     		lsl	r3, r3, #16
 292 013e 1F4A     		ldr	r2, .L11+20
 293 0140 1360     		str	r3, [r2]
 292:Generated_Source\PSoC4/cyfitter_cfg.c **** 
 293:Generated_Source\PSoC4/cyfitter_cfg.c **** 		/* UDB_PA_2 Starting address: CYDEV_UDB_PA2_BASE */
 294:Generated_Source\PSoC4/cyfitter_cfg.c **** 		CY_SET_XTND_REG32((void CYFAR *)(CYDEV_UDB_PA2_BASE), 0x00990000u);
 294              		.loc 1 294 0
 295 0142 1F4A     		ldr	r2, .L11+24
 296 0144 1360     		str	r3, [r2]
 295:Generated_Source\PSoC4/cyfitter_cfg.c **** 
 296:Generated_Source\PSoC4/cyfitter_cfg.c **** 		/* UDB_PA_3 Starting address: CYDEV_UDB_PA3_BASE */
 297:Generated_Source\PSoC4/cyfitter_cfg.c **** 		CY_SET_XTND_REG32((void CYFAR *)(CYDEV_UDB_PA3_BASE), 0x00990000u);
 297              		.loc 1 297 0
 298 0146 1F4A     		ldr	r2, .L11+28
 299 0148 1360     		str	r3, [r2]
ARM GAS  C:\Users\THO~1\AppData\Local\Temp\ccn7f24I.s 			page 12


 298:Generated_Source\PSoC4/cyfitter_cfg.c **** 
 299:Generated_Source\PSoC4/cyfitter_cfg.c **** 		/* Enable digital routing */
 300:Generated_Source\PSoC4/cyfitter_cfg.c **** 		CY_SET_XTND_REG8((void *)CYREG_UDB_UDBIF_BANK_CTL, CY_GET_XTND_REG8((void *)CYREG_UDB_UDBIF_BANK_
 300              		.loc 1 300 0
 301 014a 1F4B     		ldr	r3, .L11+32
 302 014c 1978     		ldrb	r1, [r3]
 303 014e 0222     		mov	r2, #2
 304 0150 0A43     		orr	r2, r1
 305 0152 1A70     		strb	r2, [r3]
 301:Generated_Source\PSoC4/cyfitter_cfg.c **** 
 302:Generated_Source\PSoC4/cyfitter_cfg.c **** 		/* Enable UDB array */
 303:Generated_Source\PSoC4/cyfitter_cfg.c **** 		CY_SET_XTND_REG8((void *)CYREG_UDB_UDBIF_WAIT_CFG, (uint8)((CY_GET_XTND_REG8((void *)CYREG_UDB_UD
 306              		.loc 1 303 0
 307 0154 1D48     		ldr	r0, .L11+36
 308 0156 0278     		ldrb	r2, [r0]
 309 0158 3C21     		mov	r1, #60
 310 015a 8A43     		bic	r2, r1
 311 015c 2839     		sub	r1, r1, #40
 312 015e 0A43     		orr	r2, r1
 313 0160 0270     		strb	r2, [r0]
 304:Generated_Source\PSoC4/cyfitter_cfg.c **** 		CY_SET_XTND_REG8((void *)CYREG_UDB_UDBIF_BANK_CTL, (uint8)(CY_GET_XTND_REG8((void *)CYREG_UDB_UDB
 314              		.loc 1 304 0
 315 0162 1978     		ldrb	r1, [r3]
 316 0164 1622     		mov	r2, #22
 317 0166 0A43     		orr	r2, r1
 318 0168 1A70     		strb	r2, [r3]
 319              	.LBE2:
 305:Generated_Source\PSoC4/cyfitter_cfg.c **** 	}
 306:Generated_Source\PSoC4/cyfitter_cfg.c **** 
 307:Generated_Source\PSoC4/cyfitter_cfg.c **** 	/* Perform second pass device configuration. These items must be configured in specific order afte
 308:Generated_Source\PSoC4/cyfitter_cfg.c **** 	/* IOPINS0_0 Starting address: CYDEV_GPIO_PRT0_BASE */
 309:Generated_Source\PSoC4/cyfitter_cfg.c **** 	CY_SET_XTND_REG32((void CYFAR *)(CYDEV_GPIO_PRT0_BASE), 0x00000020u);
 320              		.loc 1 309 0
 321 016a 2023     		mov	r3, #32
 322 016c 184A     		ldr	r2, .L11+40
 323 016e 1360     		str	r3, [r2]
 310:Generated_Source\PSoC4/cyfitter_cfg.c **** 	CY_SET_XTND_REG32((void CYFAR *)(CYREG_GPIO_PRT0_PC), 0x00DB1800u);
 324              		.loc 1 310 0
 325 0170 1849     		ldr	r1, .L11+44
 326 0172 194A     		ldr	r2, .L11+48
 327 0174 1160     		str	r1, [r2]
 311:Generated_Source\PSoC4/cyfitter_cfg.c **** 	CY_SET_XTND_REG32((void CYFAR *)(CYREG_GPIO_PRT0_PC2), 0x00000020u);
 328              		.loc 1 311 0
 329 0176 194A     		ldr	r2, .L11+52
 330 0178 1360     		str	r3, [r2]
 312:Generated_Source\PSoC4/cyfitter_cfg.c **** 
 313:Generated_Source\PSoC4/cyfitter_cfg.c **** 	/* IOPINS0_2 Starting address: CYDEV_GPIO_PRT2_BASE */
 314:Generated_Source\PSoC4/cyfitter_cfg.c **** 	CY_SET_XTND_REG32((void CYFAR *)(CYDEV_GPIO_PRT2_BASE), 0x00000080u);
 331              		.loc 1 314 0
 332 017a 8022     		mov	r2, #128
 333 017c 184B     		ldr	r3, .L11+56
 334 017e 1A60     		str	r2, [r3]
 315:Generated_Source\PSoC4/cyfitter_cfg.c **** 	CY_SET_XTND_REG32((void CYFAR *)(CYREG_GPIO_PRT2_PC), 0x00580000u);
 335              		.loc 1 315 0
 336 0180 B022     		mov	r2, #176
 337 0182 D203     		lsl	r2, r2, #15
 338 0184 174B     		ldr	r3, .L11+60
ARM GAS  C:\Users\THO~1\AppData\Local\Temp\ccn7f24I.s 			page 13


 339 0186 1A60     		str	r2, [r3]
 316:Generated_Source\PSoC4/cyfitter_cfg.c **** 	CY_SET_XTND_REG32((void CYFAR *)(CYREG_GPIO_PRT2_INTR_CFG), 0x00008000u);
 340              		.loc 1 316 0
 341 0188 8022     		mov	r2, #128
 342 018a 1202     		lsl	r2, r2, #8
 343 018c 164B     		ldr	r3, .L11+64
 344 018e 1A60     		str	r2, [r3]
 317:Generated_Source\PSoC4/cyfitter_cfg.c **** 
 318:Generated_Source\PSoC4/cyfitter_cfg.c **** 	/* IOPINS0_3 Starting address: CYDEV_GPIO_PRT3_BASE */
 319:Generated_Source\PSoC4/cyfitter_cfg.c **** 	CY_SET_XTND_REG32((void CYFAR *)(CYDEV_GPIO_PRT3_BASE), 0x00000030u);
 345              		.loc 1 319 0
 346 0190 3022     		mov	r2, #48
 347 0192 164B     		ldr	r3, .L11+68
 348 0194 1A60     		str	r2, [r3]
 320:Generated_Source\PSoC4/cyfitter_cfg.c **** 	CY_SET_XTND_REG32((void CYFAR *)(CYREG_GPIO_PRT3_PC), 0x00DA4000u);
 349              		.loc 1 320 0
 350 0196 164A     		ldr	r2, .L11+72
 351 0198 164B     		ldr	r3, .L11+76
 352 019a 1A60     		str	r2, [r3]
 321:Generated_Source\PSoC4/cyfitter_cfg.c **** 
 322:Generated_Source\PSoC4/cyfitter_cfg.c **** 
 323:Generated_Source\PSoC4/cyfitter_cfg.c **** 	/* Setup clocks based on selections from Clock DWR */
 324:Generated_Source\PSoC4/cyfitter_cfg.c **** 	ClockSetup();
 353              		.loc 1 324 0
 354 019c FFF730FF 		bl	ClockSetup
 355              	.LVL16:
 325:Generated_Source\PSoC4/cyfitter_cfg.c **** 
 326:Generated_Source\PSoC4/cyfitter_cfg.c **** 	/* Perform basic analog initialization to defaults */
 327:Generated_Source\PSoC4/cyfitter_cfg.c **** 	AnalogSetDefault();
 356              		.loc 1 327 0
 357 01a0 FFF7FEFF 		bl	AnalogSetDefault
 358              	.LVL17:
 328:Generated_Source\PSoC4/cyfitter_cfg.c **** 
 329:Generated_Source\PSoC4/cyfitter_cfg.c **** }
 359              		.loc 1 329 0
 360              		@ sp needed
 361              	.LVL18:
 362 01a4 10BD     		pop	{r4, pc}
 363              	.L12:
 364 01a6 C046     		.align	2
 365              	.L11:
 366 01a8 6CF02E40 		.word	1076818028
 367 01ac 00000000 		.word	.LANCHOR0
 368 01b0 000099EE 		.word	-291962880
 369 01b4 00000240 		.word	1073872896
 370 01b8 00030240 		.word	1073873664
 371 01bc 00500F40 		.word	1074745344
 372 01c0 20500F40 		.word	1074745376
 373 01c4 30500F40 		.word	1074745392
 374 01c8 00700F40 		.word	1074753536
 375 01cc 01700F40 		.word	1074753537
 376 01d0 00000440 		.word	1074003968
 377 01d4 0018DB00 		.word	14358528
 378 01d8 08000440 		.word	1074003976
 379 01dc 18000440 		.word	1074003992
 380 01e0 00020440 		.word	1074004480
 381 01e4 08020440 		.word	1074004488
ARM GAS  C:\Users\THO~1\AppData\Local\Temp\ccn7f24I.s 			page 14


 382 01e8 0C020440 		.word	1074004492
 383 01ec 00030440 		.word	1074004736
 384 01f0 0040DA00 		.word	14303232
 385 01f4 08030440 		.word	1074004744
 386              		.cfi_endproc
 387              	.LFE7:
 388              		.size	cyfitter_cfg, .-cyfitter_cfg
 389              		.section	.rodata
 390              		.align	2
 391              		.set	.LANCHOR0,. + 0
 392              		.type	cfg_memset_list.4762, %object
 393              		.size	cfg_memset_list.4762, 12
 394              	cfg_memset_list.4762:
 395 0000 00300F40 		.word	1074737152
 396 0004 0004     		.short	1024
 397 0006 00400F40 		.4byte	1074741248
 398 000a 0004     		.short	1024
 399              		.text
 400              	.Letext0:
 401              		.file 2 "c:\\program files (x86)\\cypress\\psoc creator\\4.0\\psoc creator\\import\\gnu\\arm\\4.9.
 402              		.file 3 "Generated_Source\\PSoC4\\cytypes.h"
 403              		.file 4 "Generated_Source\\PSoC4\\CyLib.h"
 404              		.file 5 "Generated_Source\\PSoC4\\CyLFClk.h"
 405              		.section	.debug_info,"",%progbits
 406              	.Ldebug_info0:
 407 0000 6E030000 		.4byte	0x36e
 408 0004 0400     		.2byte	0x4
 409 0006 00000000 		.4byte	.Ldebug_abbrev0
 410 000a 04       		.byte	0x4
 411 000b 01       		.uleb128 0x1
 412 000c D6010000 		.4byte	.LASF34
 413 0010 01       		.byte	0x1
 414 0011 98020000 		.4byte	.LASF35
 415 0015 56000000 		.4byte	.LASF36
 416 0019 00000000 		.4byte	.Ldebug_ranges0+0
 417 001d 00000000 		.4byte	0
 418 0021 00000000 		.4byte	.Ldebug_line0
 419 0025 02       		.uleb128 0x2
 420 0026 04       		.byte	0x4
 421 0027 05       		.byte	0x5
 422 0028 696E7400 		.ascii	"int\000"
 423 002c 03       		.uleb128 0x3
 424 002d 14000000 		.4byte	.LASF11
 425 0031 02       		.byte	0x2
 426 0032 D4       		.byte	0xd4
 427 0033 37000000 		.4byte	0x37
 428 0037 04       		.uleb128 0x4
 429 0038 04       		.byte	0x4
 430 0039 07       		.byte	0x7
 431 003a 4C010000 		.4byte	.LASF0
 432 003e 04       		.uleb128 0x4
 433 003f 01       		.byte	0x1
 434 0040 06       		.byte	0x6
 435 0041 8C020000 		.4byte	.LASF1
 436 0045 04       		.uleb128 0x4
 437 0046 01       		.byte	0x1
 438 0047 08       		.byte	0x8
ARM GAS  C:\Users\THO~1\AppData\Local\Temp\ccn7f24I.s 			page 15


 439 0048 0D010000 		.4byte	.LASF2
 440 004c 04       		.uleb128 0x4
 441 004d 02       		.byte	0x2
 442 004e 05       		.byte	0x5
 443 004f 64020000 		.4byte	.LASF3
 444 0053 04       		.uleb128 0x4
 445 0054 02       		.byte	0x2
 446 0055 07       		.byte	0x7
 447 0056 9F000000 		.4byte	.LASF4
 448 005a 04       		.uleb128 0x4
 449 005b 04       		.byte	0x4
 450 005c 05       		.byte	0x5
 451 005d 83020000 		.4byte	.LASF5
 452 0061 04       		.uleb128 0x4
 453 0062 04       		.byte	0x4
 454 0063 07       		.byte	0x7
 455 0064 DA000000 		.4byte	.LASF6
 456 0068 04       		.uleb128 0x4
 457 0069 08       		.byte	0x8
 458 006a 05       		.byte	0x5
 459 006b A8010000 		.4byte	.LASF7
 460 006f 04       		.uleb128 0x4
 461 0070 08       		.byte	0x8
 462 0071 07       		.byte	0x7
 463 0072 6E010000 		.4byte	.LASF8
 464 0076 04       		.uleb128 0x4
 465 0077 04       		.byte	0x4
 466 0078 07       		.byte	0x7
 467 0079 9F010000 		.4byte	.LASF9
 468 007d 05       		.uleb128 0x5
 469 007e 04       		.byte	0x4
 470 007f 06       		.uleb128 0x6
 471 0080 04       		.byte	0x4
 472 0081 85000000 		.4byte	0x85
 473 0085 07       		.uleb128 0x7
 474 0086 04       		.uleb128 0x4
 475 0087 01       		.byte	0x1
 476 0088 08       		.byte	0x8
 477 0089 C0010000 		.4byte	.LASF10
 478 008d 08       		.uleb128 0x8
 479 008e EC000000 		.4byte	.LASF12
 480 0092 03       		.byte	0x3
 481 0093 B901     		.2byte	0x1b9
 482 0095 45000000 		.4byte	0x45
 483 0099 08       		.uleb128 0x8
 484 009a 35010000 		.4byte	.LASF13
 485 009e 03       		.byte	0x3
 486 009f BA01     		.2byte	0x1ba
 487 00a1 53000000 		.4byte	0x53
 488 00a5 08       		.uleb128 0x8
 489 00a6 45010000 		.4byte	.LASF14
 490 00aa 03       		.byte	0x3
 491 00ab BB01     		.2byte	0x1bb
 492 00ad 61000000 		.4byte	0x61
 493 00b1 04       		.uleb128 0x4
 494 00b2 04       		.byte	0x4
 495 00b3 04       		.byte	0x4
ARM GAS  C:\Users\THO~1\AppData\Local\Temp\ccn7f24I.s 			page 16


 496 00b4 B2000000 		.4byte	.LASF15
 497 00b8 04       		.uleb128 0x4
 498 00b9 08       		.byte	0x8
 499 00ba 04       		.byte	0x4
 500 00bb 22010000 		.4byte	.LASF16
 501 00bf 08       		.uleb128 0x8
 502 00c0 3C010000 		.4byte	.LASF17
 503 00c4 03       		.byte	0x3
 504 00c5 5B02     		.2byte	0x25b
 505 00c7 61000000 		.4byte	0x61
 506 00cb 08       		.uleb128 0x8
 507 00cc D5000000 		.4byte	.LASF18
 508 00d0 03       		.byte	0x3
 509 00d1 6302     		.2byte	0x263
 510 00d3 D7000000 		.4byte	0xd7
 511 00d7 09       		.uleb128 0x9
 512 00d8 8D000000 		.4byte	0x8d
 513 00dc 08       		.uleb128 0x8
 514 00dd 0E000000 		.4byte	.LASF19
 515 00e1 03       		.byte	0x3
 516 00e2 6502     		.2byte	0x265
 517 00e4 E8000000 		.4byte	0xe8
 518 00e8 09       		.uleb128 0x9
 519 00e9 A5000000 		.4byte	0xa5
 520 00ed 08       		.uleb128 0x8
 521 00ee 85010000 		.4byte	.LASF20
 522 00f2 03       		.byte	0x3
 523 00f3 7502     		.2byte	0x275
 524 00f5 7F000000 		.4byte	0x7f
 525 00f9 0A       		.uleb128 0xa
 526 00fa 1B000000 		.4byte	.LASF37
 527 00fe 01       		.byte	0x1
 528 00ff E6       		.byte	0xe6
 529 0100 00000000 		.4byte	.LFB6
 530 0104 20000000 		.4byte	.LFE6-.LFB6
 531 0108 01       		.uleb128 0x1
 532 0109 9C       		.byte	0x9c
 533 010a 0B       		.uleb128 0xb
 534 010b 03010000 		.4byte	.LASF21
 535 010f 01       		.byte	0x1
 536 0110 3E       		.byte	0x3e
 537 0111 00000000 		.4byte	.LFB2
 538 0115 0C000000 		.4byte	.LFE2-.LFB2
 539 0119 01       		.uleb128 0x1
 540 011a 9C       		.byte	0x9c
 541 011b 57010000 		.4byte	0x157
 542 011f 0C       		.uleb128 0xc
 543 0120 7300     		.ascii	"s\000"
 544 0122 01       		.byte	0x1
 545 0123 3E       		.byte	0x3e
 546 0124 7D000000 		.4byte	0x7d
 547 0128 00000000 		.4byte	.LLST0
 548 012c 0C       		.uleb128 0xc
 549 012d 6E00     		.ascii	"n\000"
 550 012f 01       		.byte	0x1
 551 0130 3E       		.byte	0x3e
 552 0131 2C000000 		.4byte	0x2c
ARM GAS  C:\Users\THO~1\AppData\Local\Temp\ccn7f24I.s 			page 17


 553 0135 21000000 		.4byte	.LLST1
 554 0139 0D       		.uleb128 0xd
 555 013a 0A000000 		.4byte	.LVL2
 556 013e C9020000 		.4byte	0x2c9
 557 0142 0E       		.uleb128 0xe
 558 0143 01       		.uleb128 0x1
 559 0144 52       		.byte	0x52
 560 0145 03       		.uleb128 0x3
 561 0146 F3       		.byte	0xf3
 562 0147 01       		.uleb128 0x1
 563 0148 51       		.byte	0x51
 564 0149 0E       		.uleb128 0xe
 565 014a 01       		.uleb128 0x1
 566 014b 51       		.byte	0x51
 567 014c 01       		.uleb128 0x1
 568 014d 30       		.byte	0x30
 569 014e 0E       		.uleb128 0xe
 570 014f 01       		.uleb128 0x1
 571 0150 50       		.byte	0x50
 572 0151 03       		.uleb128 0x3
 573 0152 F3       		.byte	0xf3
 574 0153 01       		.uleb128 0x1
 575 0154 50       		.byte	0x50
 576 0155 00       		.byte	0
 577 0156 00       		.byte	0
 578 0157 0B       		.uleb128 0xb
 579 0158 4B000000 		.4byte	.LASF22
 580 015c 01       		.byte	0x1
 581 015d 9C       		.byte	0x9c
 582 015e 00000000 		.4byte	.LFB5
 583 0162 F8000000 		.4byte	.LFE5-.LFB5
 584 0166 01       		.uleb128 0x1
 585 0167 9C       		.byte	0x9c
 586 0168 00020000 		.4byte	0x200
 587 016c 0F       		.uleb128 0xf
 588 016d 0C000000 		.4byte	.LVL3
 589 0171 E6020000 		.4byte	0x2e6
 590 0175 10       		.uleb128 0x10
 591 0176 12000000 		.4byte	.LVL4
 592 017a ED020000 		.4byte	0x2ed
 593 017e 8C010000 		.4byte	0x18c
 594 0182 0E       		.uleb128 0xe
 595 0183 01       		.uleb128 0x1
 596 0184 50       		.byte	0x50
 597 0185 05       		.uleb128 0x5
 598 0186 0C       		.byte	0xc
 599 0187 001BB700 		.4byte	0xb71b00
 600 018b 00       		.byte	0
 601 018c 10       		.uleb128 0x10
 602 018d 18000000 		.4byte	.LVL5
 603 0191 FE020000 		.4byte	0x2fe
 604 0195 9F010000 		.4byte	0x19f
 605 0199 0E       		.uleb128 0xe
 606 019a 01       		.uleb128 0x1
 607 019b 50       		.byte	0x50
 608 019c 01       		.uleb128 0x1
 609 019d 31       		.byte	0x31
ARM GAS  C:\Users\THO~1\AppData\Local\Temp\ccn7f24I.s 			page 18


 610 019e 00       		.byte	0
 611 019f 10       		.uleb128 0x10
 612 01a0 1E000000 		.4byte	.LVL6
 613 01a4 13030000 		.4byte	0x313
 614 01a8 B3010000 		.4byte	0x1b3
 615 01ac 0E       		.uleb128 0xe
 616 01ad 01       		.uleb128 0x1
 617 01ae 50       		.byte	0x50
 618 01af 02       		.uleb128 0x2
 619 01b0 08       		.byte	0x8
 620 01b1 30       		.byte	0x30
 621 01b2 00       		.byte	0
 622 01b3 10       		.uleb128 0x10
 623 01b4 54000000 		.4byte	.LVL7
 624 01b8 24030000 		.4byte	0x324
 625 01bc C8010000 		.4byte	0x1c8
 626 01c0 0E       		.uleb128 0xe
 627 01c1 01       		.uleb128 0x1
 628 01c2 50       		.byte	0x50
 629 01c3 03       		.uleb128 0x3
 630 01c4 0A       		.byte	0xa
 631 01c5 D007     		.2byte	0x7d0
 632 01c7 00       		.byte	0
 633 01c8 10       		.uleb128 0x10
 634 01c9 5A000000 		.4byte	.LVL8
 635 01cd 39030000 		.4byte	0x339
 636 01d1 DD010000 		.4byte	0x1dd
 637 01d5 0E       		.uleb128 0xe
 638 01d6 01       		.uleb128 0x1
 639 01d7 50       		.byte	0x50
 640 01d8 03       		.uleb128 0x3
 641 01d9 0A       		.byte	0xa
 642 01da DC05     		.2byte	0x5dc
 643 01dc 00       		.byte	0
 644 01dd 10       		.uleb128 0x10
 645 01de 98000000 		.4byte	.LVL9
 646 01e2 4A030000 		.4byte	0x34a
 647 01e6 F0010000 		.4byte	0x1f0
 648 01ea 0E       		.uleb128 0xe
 649 01eb 01       		.uleb128 0x1
 650 01ec 50       		.byte	0x50
 651 01ed 01       		.uleb128 0x1
 652 01ee 38       		.byte	0x38
 653 01ef 00       		.byte	0
 654 01f0 0D       		.uleb128 0xd
 655 01f1 9E000000 		.4byte	.LVL10
 656 01f5 64030000 		.4byte	0x364
 657 01f9 0E       		.uleb128 0xe
 658 01fa 01       		.uleb128 0x1
 659 01fb 50       		.byte	0x50
 660 01fc 01       		.uleb128 0x1
 661 01fd 38       		.byte	0x38
 662 01fe 00       		.byte	0
 663 01ff 00       		.byte	0
 664 0200 11       		.uleb128 0x11
 665 0201 59010000 		.4byte	.LASF38
 666 0205 01       		.byte	0x1
ARM GAS  C:\Users\THO~1\AppData\Local\Temp\ccn7f24I.s 			page 19


 667 0206 0101     		.2byte	0x101
 668 0208 F8000000 		.4byte	.LFB7
 669 020c 00010000 		.4byte	.LFE7-.LFB7
 670 0210 01       		.uleb128 0x1
 671 0211 9C       		.byte	0x9c
 672 0212 C9020000 		.4byte	0x2c9
 673 0216 12       		.uleb128 0x12
 674 0217 02010000 		.4byte	.LBB2
 675 021b 68000000 		.4byte	.LBE2-.LBB2
 676 021f B6020000 		.4byte	0x2b6
 677 0223 13       		.uleb128 0x13
 678 0224 06       		.byte	0x6
 679 0225 01       		.byte	0x1
 680 0226 0A01     		.2byte	0x10a
 681 0228 47020000 		.4byte	0x247
 682 022c 14       		.uleb128 0x14
 683 022d 66010000 		.4byte	.LASF23
 684 0231 01       		.byte	0x1
 685 0232 0B01     		.2byte	0x10b
 686 0234 7D000000 		.4byte	0x7d
 687 0238 00       		.byte	0
 688 0239 14       		.uleb128 0x14
 689 023a B8000000 		.4byte	.LASF24
 690 023e 01       		.byte	0x1
 691 023f 0C01     		.2byte	0x10c
 692 0241 99000000 		.4byte	0x99
 693 0245 04       		.byte	0x4
 694 0246 00       		.byte	0
 695 0247 08       		.uleb128 0x8
 696 0248 92010000 		.4byte	.LASF25
 697 024c 01       		.byte	0x1
 698 024d 0D01     		.2byte	0x10d
 699 024f 23020000 		.4byte	0x223
 700 0253 15       		.uleb128 0x15
 701 0254 47020000 		.4byte	0x247
 702 0258 63020000 		.4byte	0x263
 703 025c 16       		.uleb128 0x16
 704 025d 76000000 		.4byte	0x76
 705 0261 01       		.byte	0x1
 706 0262 00       		.byte	0
 707 0263 17       		.uleb128 0x17
 708 0264 3B000000 		.4byte	.LASF26
 709 0268 01       		.byte	0x1
 710 0269 0F01     		.2byte	0x10f
 711 026b 75020000 		.4byte	0x275
 712 026f 05       		.uleb128 0x5
 713 0270 03       		.byte	0x3
 714 0271 00000000 		.4byte	cfg_memset_list.4762
 715 0275 18       		.uleb128 0x18
 716 0276 53020000 		.4byte	0x253
 717 027a 19       		.uleb128 0x19
 718 027b 6900     		.ascii	"i\000"
 719 027d 01       		.byte	0x1
 720 027e 1501     		.2byte	0x115
 721 0280 8D000000 		.4byte	0x8d
 722 0284 4D000000 		.4byte	.LLST2
 723 0288 1A       		.uleb128 0x1a
ARM GAS  C:\Users\THO~1\AppData\Local\Temp\ccn7f24I.s 			page 20


 724 0289 06010000 		.4byte	.LBB3
 725 028d 1E000000 		.4byte	.LBE3-.LBB3
 726 0291 19       		.uleb128 0x19
 727 0292 6D7300   		.ascii	"ms\000"
 728 0295 01       		.byte	0x1
 729 0296 1A01     		.2byte	0x11a
 730 0298 A0020000 		.4byte	0x2a0
 731 029c 77000000 		.4byte	.LLST3
 732 02a0 06       		.uleb128 0x6
 733 02a1 04       		.byte	0x4
 734 02a2 A6020000 		.4byte	0x2a6
 735 02a6 18       		.uleb128 0x18
 736 02a7 47020000 		.4byte	0x247
 737 02ab 0F       		.uleb128 0xf
 738 02ac 24010000 		.4byte	.LVL13
 739 02b0 0A010000 		.4byte	0x10a
 740 02b4 00       		.byte	0
 741 02b5 00       		.byte	0
 742 02b6 0F       		.uleb128 0xf
 743 02b7 A0010000 		.4byte	.LVL16
 744 02bb 57010000 		.4byte	0x157
 745 02bf 0F       		.uleb128 0xf
 746 02c0 A4010000 		.4byte	.LVL17
 747 02c4 F9000000 		.4byte	0xf9
 748 02c8 00       		.byte	0
 749 02c9 1B       		.uleb128 0x1b
 750 02ca 1B010000 		.4byte	.LASF27
 751 02ce 7D000000 		.4byte	0x7d
 752 02d2 E6020000 		.4byte	0x2e6
 753 02d6 1C       		.uleb128 0x1c
 754 02d7 7D000000 		.4byte	0x7d
 755 02db 1C       		.uleb128 0x1c
 756 02dc 25000000 		.4byte	0x25
 757 02e0 1C       		.uleb128 0x1c
 758 02e1 76000000 		.4byte	0x76
 759 02e5 00       		.byte	0
 760 02e6 1D       		.uleb128 0x1d
 761 02e7 F2000000 		.4byte	.LASF39
 762 02eb 05       		.byte	0x5
 763 02ec 4F       		.byte	0x4f
 764 02ed 1E       		.uleb128 0x1e
 765 02ee 00000000 		.4byte	.LASF28
 766 02f2 04       		.byte	0x4
 767 02f3 DC       		.byte	0xdc
 768 02f4 FE020000 		.4byte	0x2fe
 769 02f8 1C       		.uleb128 0x1c
 770 02f9 A5000000 		.4byte	0xa5
 771 02fd 00       		.byte	0
 772 02fe 1F       		.uleb128 0x1f
 773 02ff BD000000 		.4byte	.LASF30
 774 0303 05       		.byte	0x5
 775 0304 51       		.byte	0x51
 776 0305 A5000000 		.4byte	0xa5
 777 0309 13030000 		.4byte	0x313
 778 030d 1C       		.uleb128 0x1c
 779 030e A5000000 		.4byte	0xa5
 780 0312 00       		.byte	0
ARM GAS  C:\Users\THO~1\AppData\Local\Temp\ccn7f24I.s 			page 21


 781 0313 1E       		.uleb128 0x1e
 782 0314 6E020000 		.4byte	.LASF29
 783 0318 04       		.byte	0x4
 784 0319 6C       		.byte	0x6c
 785 031a 24030000 		.4byte	0x324
 786 031e 1C       		.uleb128 0x1c
 787 031f A5000000 		.4byte	0xa5
 788 0323 00       		.byte	0
 789 0324 1F       		.uleb128 0x1f
 790 0325 C5010000 		.4byte	.LASF31
 791 0329 04       		.byte	0x4
 792 032a 84       		.byte	0x84
 793 032b BF000000 		.4byte	0xbf
 794 032f 39030000 		.4byte	0x339
 795 0333 1C       		.uleb128 0x1c
 796 0334 A5000000 		.4byte	0xa5
 797 0338 00       		.byte	0
 798 0339 1E       		.uleb128 0x1e
 799 033a B6010000 		.4byte	.LASF32
 800 033e 04       		.byte	0x4
 801 033f DA       		.byte	0xda
 802 0340 4A030000 		.4byte	0x34a
 803 0344 1C       		.uleb128 0x1c
 804 0345 99000000 		.4byte	0x99
 805 0349 00       		.byte	0
 806 034a 1F       		.uleb128 0x1f
 807 034b 2C000000 		.4byte	.LASF33
 808 034f 04       		.byte	0x4
 809 0350 BD       		.byte	0xbd
 810 0351 ED000000 		.4byte	0xed
 811 0355 64030000 		.4byte	0x364
 812 0359 1C       		.uleb128 0x1c
 813 035a 8D000000 		.4byte	0x8d
 814 035e 1C       		.uleb128 0x1c
 815 035f ED000000 		.4byte	0xed
 816 0363 00       		.byte	0
 817 0364 20       		.uleb128 0x20
 818 0365 29010000 		.4byte	.LASF40
 819 0369 04       		.byte	0x4
 820 036a C3       		.byte	0xc3
 821 036b 1C       		.uleb128 0x1c
 822 036c 8D000000 		.4byte	0x8d
 823 0370 00       		.byte	0
 824 0371 00       		.byte	0
 825              		.section	.debug_abbrev,"",%progbits
 826              	.Ldebug_abbrev0:
 827 0000 01       		.uleb128 0x1
 828 0001 11       		.uleb128 0x11
 829 0002 01       		.byte	0x1
 830 0003 25       		.uleb128 0x25
 831 0004 0E       		.uleb128 0xe
 832 0005 13       		.uleb128 0x13
 833 0006 0B       		.uleb128 0xb
 834 0007 03       		.uleb128 0x3
 835 0008 0E       		.uleb128 0xe
 836 0009 1B       		.uleb128 0x1b
 837 000a 0E       		.uleb128 0xe
ARM GAS  C:\Users\THO~1\AppData\Local\Temp\ccn7f24I.s 			page 22


 838 000b 55       		.uleb128 0x55
 839 000c 17       		.uleb128 0x17
 840 000d 11       		.uleb128 0x11
 841 000e 01       		.uleb128 0x1
 842 000f 10       		.uleb128 0x10
 843 0010 17       		.uleb128 0x17
 844 0011 00       		.byte	0
 845 0012 00       		.byte	0
 846 0013 02       		.uleb128 0x2
 847 0014 24       		.uleb128 0x24
 848 0015 00       		.byte	0
 849 0016 0B       		.uleb128 0xb
 850 0017 0B       		.uleb128 0xb
 851 0018 3E       		.uleb128 0x3e
 852 0019 0B       		.uleb128 0xb
 853 001a 03       		.uleb128 0x3
 854 001b 08       		.uleb128 0x8
 855 001c 00       		.byte	0
 856 001d 00       		.byte	0
 857 001e 03       		.uleb128 0x3
 858 001f 16       		.uleb128 0x16
 859 0020 00       		.byte	0
 860 0021 03       		.uleb128 0x3
 861 0022 0E       		.uleb128 0xe
 862 0023 3A       		.uleb128 0x3a
 863 0024 0B       		.uleb128 0xb
 864 0025 3B       		.uleb128 0x3b
 865 0026 0B       		.uleb128 0xb
 866 0027 49       		.uleb128 0x49
 867 0028 13       		.uleb128 0x13
 868 0029 00       		.byte	0
 869 002a 00       		.byte	0
 870 002b 04       		.uleb128 0x4
 871 002c 24       		.uleb128 0x24
 872 002d 00       		.byte	0
 873 002e 0B       		.uleb128 0xb
 874 002f 0B       		.uleb128 0xb
 875 0030 3E       		.uleb128 0x3e
 876 0031 0B       		.uleb128 0xb
 877 0032 03       		.uleb128 0x3
 878 0033 0E       		.uleb128 0xe
 879 0034 00       		.byte	0
 880 0035 00       		.byte	0
 881 0036 05       		.uleb128 0x5
 882 0037 0F       		.uleb128 0xf
 883 0038 00       		.byte	0
 884 0039 0B       		.uleb128 0xb
 885 003a 0B       		.uleb128 0xb
 886 003b 00       		.byte	0
 887 003c 00       		.byte	0
 888 003d 06       		.uleb128 0x6
 889 003e 0F       		.uleb128 0xf
 890 003f 00       		.byte	0
 891 0040 0B       		.uleb128 0xb
 892 0041 0B       		.uleb128 0xb
 893 0042 49       		.uleb128 0x49
 894 0043 13       		.uleb128 0x13
ARM GAS  C:\Users\THO~1\AppData\Local\Temp\ccn7f24I.s 			page 23


 895 0044 00       		.byte	0
 896 0045 00       		.byte	0
 897 0046 07       		.uleb128 0x7
 898 0047 15       		.uleb128 0x15
 899 0048 00       		.byte	0
 900 0049 27       		.uleb128 0x27
 901 004a 19       		.uleb128 0x19
 902 004b 00       		.byte	0
 903 004c 00       		.byte	0
 904 004d 08       		.uleb128 0x8
 905 004e 16       		.uleb128 0x16
 906 004f 00       		.byte	0
 907 0050 03       		.uleb128 0x3
 908 0051 0E       		.uleb128 0xe
 909 0052 3A       		.uleb128 0x3a
 910 0053 0B       		.uleb128 0xb
 911 0054 3B       		.uleb128 0x3b
 912 0055 05       		.uleb128 0x5
 913 0056 49       		.uleb128 0x49
 914 0057 13       		.uleb128 0x13
 915 0058 00       		.byte	0
 916 0059 00       		.byte	0
 917 005a 09       		.uleb128 0x9
 918 005b 35       		.uleb128 0x35
 919 005c 00       		.byte	0
 920 005d 49       		.uleb128 0x49
 921 005e 13       		.uleb128 0x13
 922 005f 00       		.byte	0
 923 0060 00       		.byte	0
 924 0061 0A       		.uleb128 0xa
 925 0062 2E       		.uleb128 0x2e
 926 0063 00       		.byte	0
 927 0064 03       		.uleb128 0x3
 928 0065 0E       		.uleb128 0xe
 929 0066 3A       		.uleb128 0x3a
 930 0067 0B       		.uleb128 0xb
 931 0068 3B       		.uleb128 0x3b
 932 0069 0B       		.uleb128 0xb
 933 006a 27       		.uleb128 0x27
 934 006b 19       		.uleb128 0x19
 935 006c 11       		.uleb128 0x11
 936 006d 01       		.uleb128 0x1
 937 006e 12       		.uleb128 0x12
 938 006f 06       		.uleb128 0x6
 939 0070 40       		.uleb128 0x40
 940 0071 18       		.uleb128 0x18
 941 0072 9742     		.uleb128 0x2117
 942 0074 19       		.uleb128 0x19
 943 0075 00       		.byte	0
 944 0076 00       		.byte	0
 945 0077 0B       		.uleb128 0xb
 946 0078 2E       		.uleb128 0x2e
 947 0079 01       		.byte	0x1
 948 007a 03       		.uleb128 0x3
 949 007b 0E       		.uleb128 0xe
 950 007c 3A       		.uleb128 0x3a
 951 007d 0B       		.uleb128 0xb
ARM GAS  C:\Users\THO~1\AppData\Local\Temp\ccn7f24I.s 			page 24


 952 007e 3B       		.uleb128 0x3b
 953 007f 0B       		.uleb128 0xb
 954 0080 27       		.uleb128 0x27
 955 0081 19       		.uleb128 0x19
 956 0082 11       		.uleb128 0x11
 957 0083 01       		.uleb128 0x1
 958 0084 12       		.uleb128 0x12
 959 0085 06       		.uleb128 0x6
 960 0086 40       		.uleb128 0x40
 961 0087 18       		.uleb128 0x18
 962 0088 9742     		.uleb128 0x2117
 963 008a 19       		.uleb128 0x19
 964 008b 01       		.uleb128 0x1
 965 008c 13       		.uleb128 0x13
 966 008d 00       		.byte	0
 967 008e 00       		.byte	0
 968 008f 0C       		.uleb128 0xc
 969 0090 05       		.uleb128 0x5
 970 0091 00       		.byte	0
 971 0092 03       		.uleb128 0x3
 972 0093 08       		.uleb128 0x8
 973 0094 3A       		.uleb128 0x3a
 974 0095 0B       		.uleb128 0xb
 975 0096 3B       		.uleb128 0x3b
 976 0097 0B       		.uleb128 0xb
 977 0098 49       		.uleb128 0x49
 978 0099 13       		.uleb128 0x13
 979 009a 02       		.uleb128 0x2
 980 009b 17       		.uleb128 0x17
 981 009c 00       		.byte	0
 982 009d 00       		.byte	0
 983 009e 0D       		.uleb128 0xd
 984 009f 898201   		.uleb128 0x4109
 985 00a2 01       		.byte	0x1
 986 00a3 11       		.uleb128 0x11
 987 00a4 01       		.uleb128 0x1
 988 00a5 31       		.uleb128 0x31
 989 00a6 13       		.uleb128 0x13
 990 00a7 00       		.byte	0
 991 00a8 00       		.byte	0
 992 00a9 0E       		.uleb128 0xe
 993 00aa 8A8201   		.uleb128 0x410a
 994 00ad 00       		.byte	0
 995 00ae 02       		.uleb128 0x2
 996 00af 18       		.uleb128 0x18
 997 00b0 9142     		.uleb128 0x2111
 998 00b2 18       		.uleb128 0x18
 999 00b3 00       		.byte	0
 1000 00b4 00       		.byte	0
 1001 00b5 0F       		.uleb128 0xf
 1002 00b6 898201   		.uleb128 0x4109
 1003 00b9 00       		.byte	0
 1004 00ba 11       		.uleb128 0x11
 1005 00bb 01       		.uleb128 0x1
 1006 00bc 31       		.uleb128 0x31
 1007 00bd 13       		.uleb128 0x13
 1008 00be 00       		.byte	0
ARM GAS  C:\Users\THO~1\AppData\Local\Temp\ccn7f24I.s 			page 25


 1009 00bf 00       		.byte	0
 1010 00c0 10       		.uleb128 0x10
 1011 00c1 898201   		.uleb128 0x4109
 1012 00c4 01       		.byte	0x1
 1013 00c5 11       		.uleb128 0x11
 1014 00c6 01       		.uleb128 0x1
 1015 00c7 31       		.uleb128 0x31
 1016 00c8 13       		.uleb128 0x13
 1017 00c9 01       		.uleb128 0x1
 1018 00ca 13       		.uleb128 0x13
 1019 00cb 00       		.byte	0
 1020 00cc 00       		.byte	0
 1021 00cd 11       		.uleb128 0x11
 1022 00ce 2E       		.uleb128 0x2e
 1023 00cf 01       		.byte	0x1
 1024 00d0 3F       		.uleb128 0x3f
 1025 00d1 19       		.uleb128 0x19
 1026 00d2 03       		.uleb128 0x3
 1027 00d3 0E       		.uleb128 0xe
 1028 00d4 3A       		.uleb128 0x3a
 1029 00d5 0B       		.uleb128 0xb
 1030 00d6 3B       		.uleb128 0x3b
 1031 00d7 05       		.uleb128 0x5
 1032 00d8 27       		.uleb128 0x27
 1033 00d9 19       		.uleb128 0x19
 1034 00da 11       		.uleb128 0x11
 1035 00db 01       		.uleb128 0x1
 1036 00dc 12       		.uleb128 0x12
 1037 00dd 06       		.uleb128 0x6
 1038 00de 40       		.uleb128 0x40
 1039 00df 18       		.uleb128 0x18
 1040 00e0 9742     		.uleb128 0x2117
 1041 00e2 19       		.uleb128 0x19
 1042 00e3 01       		.uleb128 0x1
 1043 00e4 13       		.uleb128 0x13
 1044 00e5 00       		.byte	0
 1045 00e6 00       		.byte	0
 1046 00e7 12       		.uleb128 0x12
 1047 00e8 0B       		.uleb128 0xb
 1048 00e9 01       		.byte	0x1
 1049 00ea 11       		.uleb128 0x11
 1050 00eb 01       		.uleb128 0x1
 1051 00ec 12       		.uleb128 0x12
 1052 00ed 06       		.uleb128 0x6
 1053 00ee 01       		.uleb128 0x1
 1054 00ef 13       		.uleb128 0x13
 1055 00f0 00       		.byte	0
 1056 00f1 00       		.byte	0
 1057 00f2 13       		.uleb128 0x13
 1058 00f3 13       		.uleb128 0x13
 1059 00f4 01       		.byte	0x1
 1060 00f5 0B       		.uleb128 0xb
 1061 00f6 0B       		.uleb128 0xb
 1062 00f7 3A       		.uleb128 0x3a
 1063 00f8 0B       		.uleb128 0xb
 1064 00f9 3B       		.uleb128 0x3b
 1065 00fa 05       		.uleb128 0x5
ARM GAS  C:\Users\THO~1\AppData\Local\Temp\ccn7f24I.s 			page 26


 1066 00fb 01       		.uleb128 0x1
 1067 00fc 13       		.uleb128 0x13
 1068 00fd 00       		.byte	0
 1069 00fe 00       		.byte	0
 1070 00ff 14       		.uleb128 0x14
 1071 0100 0D       		.uleb128 0xd
 1072 0101 00       		.byte	0
 1073 0102 03       		.uleb128 0x3
 1074 0103 0E       		.uleb128 0xe
 1075 0104 3A       		.uleb128 0x3a
 1076 0105 0B       		.uleb128 0xb
 1077 0106 3B       		.uleb128 0x3b
 1078 0107 05       		.uleb128 0x5
 1079 0108 49       		.uleb128 0x49
 1080 0109 13       		.uleb128 0x13
 1081 010a 38       		.uleb128 0x38
 1082 010b 0B       		.uleb128 0xb
 1083 010c 00       		.byte	0
 1084 010d 00       		.byte	0
 1085 010e 15       		.uleb128 0x15
 1086 010f 01       		.uleb128 0x1
 1087 0110 01       		.byte	0x1
 1088 0111 49       		.uleb128 0x49
 1089 0112 13       		.uleb128 0x13
 1090 0113 01       		.uleb128 0x1
 1091 0114 13       		.uleb128 0x13
 1092 0115 00       		.byte	0
 1093 0116 00       		.byte	0
 1094 0117 16       		.uleb128 0x16
 1095 0118 21       		.uleb128 0x21
 1096 0119 00       		.byte	0
 1097 011a 49       		.uleb128 0x49
 1098 011b 13       		.uleb128 0x13
 1099 011c 2F       		.uleb128 0x2f
 1100 011d 0B       		.uleb128 0xb
 1101 011e 00       		.byte	0
 1102 011f 00       		.byte	0
 1103 0120 17       		.uleb128 0x17
 1104 0121 34       		.uleb128 0x34
 1105 0122 00       		.byte	0
 1106 0123 03       		.uleb128 0x3
 1107 0124 0E       		.uleb128 0xe
 1108 0125 3A       		.uleb128 0x3a
 1109 0126 0B       		.uleb128 0xb
 1110 0127 3B       		.uleb128 0x3b
 1111 0128 05       		.uleb128 0x5
 1112 0129 49       		.uleb128 0x49
 1113 012a 13       		.uleb128 0x13
 1114 012b 02       		.uleb128 0x2
 1115 012c 18       		.uleb128 0x18
 1116 012d 00       		.byte	0
 1117 012e 00       		.byte	0
 1118 012f 18       		.uleb128 0x18
 1119 0130 26       		.uleb128 0x26
 1120 0131 00       		.byte	0
 1121 0132 49       		.uleb128 0x49
 1122 0133 13       		.uleb128 0x13
ARM GAS  C:\Users\THO~1\AppData\Local\Temp\ccn7f24I.s 			page 27


 1123 0134 00       		.byte	0
 1124 0135 00       		.byte	0
 1125 0136 19       		.uleb128 0x19
 1126 0137 34       		.uleb128 0x34
 1127 0138 00       		.byte	0
 1128 0139 03       		.uleb128 0x3
 1129 013a 08       		.uleb128 0x8
 1130 013b 3A       		.uleb128 0x3a
 1131 013c 0B       		.uleb128 0xb
 1132 013d 3B       		.uleb128 0x3b
 1133 013e 05       		.uleb128 0x5
 1134 013f 49       		.uleb128 0x49
 1135 0140 13       		.uleb128 0x13
 1136 0141 02       		.uleb128 0x2
 1137 0142 17       		.uleb128 0x17
 1138 0143 00       		.byte	0
 1139 0144 00       		.byte	0
 1140 0145 1A       		.uleb128 0x1a
 1141 0146 0B       		.uleb128 0xb
 1142 0147 01       		.byte	0x1
 1143 0148 11       		.uleb128 0x11
 1144 0149 01       		.uleb128 0x1
 1145 014a 12       		.uleb128 0x12
 1146 014b 06       		.uleb128 0x6
 1147 014c 00       		.byte	0
 1148 014d 00       		.byte	0
 1149 014e 1B       		.uleb128 0x1b
 1150 014f 2E       		.uleb128 0x2e
 1151 0150 01       		.byte	0x1
 1152 0151 3F       		.uleb128 0x3f
 1153 0152 19       		.uleb128 0x19
 1154 0153 03       		.uleb128 0x3
 1155 0154 0E       		.uleb128 0xe
 1156 0155 27       		.uleb128 0x27
 1157 0156 19       		.uleb128 0x19
 1158 0157 49       		.uleb128 0x49
 1159 0158 13       		.uleb128 0x13
 1160 0159 34       		.uleb128 0x34
 1161 015a 19       		.uleb128 0x19
 1162 015b 3C       		.uleb128 0x3c
 1163 015c 19       		.uleb128 0x19
 1164 015d 01       		.uleb128 0x1
 1165 015e 13       		.uleb128 0x13
 1166 015f 00       		.byte	0
 1167 0160 00       		.byte	0
 1168 0161 1C       		.uleb128 0x1c
 1169 0162 05       		.uleb128 0x5
 1170 0163 00       		.byte	0
 1171 0164 49       		.uleb128 0x49
 1172 0165 13       		.uleb128 0x13
 1173 0166 00       		.byte	0
 1174 0167 00       		.byte	0
 1175 0168 1D       		.uleb128 0x1d
 1176 0169 2E       		.uleb128 0x2e
 1177 016a 00       		.byte	0
 1178 016b 3F       		.uleb128 0x3f
 1179 016c 19       		.uleb128 0x19
ARM GAS  C:\Users\THO~1\AppData\Local\Temp\ccn7f24I.s 			page 28


 1180 016d 03       		.uleb128 0x3
 1181 016e 0E       		.uleb128 0xe
 1182 016f 3A       		.uleb128 0x3a
 1183 0170 0B       		.uleb128 0xb
 1184 0171 3B       		.uleb128 0x3b
 1185 0172 0B       		.uleb128 0xb
 1186 0173 27       		.uleb128 0x27
 1187 0174 19       		.uleb128 0x19
 1188 0175 3C       		.uleb128 0x3c
 1189 0176 19       		.uleb128 0x19
 1190 0177 00       		.byte	0
 1191 0178 00       		.byte	0
 1192 0179 1E       		.uleb128 0x1e
 1193 017a 2E       		.uleb128 0x2e
 1194 017b 01       		.byte	0x1
 1195 017c 3F       		.uleb128 0x3f
 1196 017d 19       		.uleb128 0x19
 1197 017e 03       		.uleb128 0x3
 1198 017f 0E       		.uleb128 0xe
 1199 0180 3A       		.uleb128 0x3a
 1200 0181 0B       		.uleb128 0xb
 1201 0182 3B       		.uleb128 0x3b
 1202 0183 0B       		.uleb128 0xb
 1203 0184 27       		.uleb128 0x27
 1204 0185 19       		.uleb128 0x19
 1205 0186 3C       		.uleb128 0x3c
 1206 0187 19       		.uleb128 0x19
 1207 0188 01       		.uleb128 0x1
 1208 0189 13       		.uleb128 0x13
 1209 018a 00       		.byte	0
 1210 018b 00       		.byte	0
 1211 018c 1F       		.uleb128 0x1f
 1212 018d 2E       		.uleb128 0x2e
 1213 018e 01       		.byte	0x1
 1214 018f 3F       		.uleb128 0x3f
 1215 0190 19       		.uleb128 0x19
 1216 0191 03       		.uleb128 0x3
 1217 0192 0E       		.uleb128 0xe
 1218 0193 3A       		.uleb128 0x3a
 1219 0194 0B       		.uleb128 0xb
 1220 0195 3B       		.uleb128 0x3b
 1221 0196 0B       		.uleb128 0xb
 1222 0197 27       		.uleb128 0x27
 1223 0198 19       		.uleb128 0x19
 1224 0199 49       		.uleb128 0x49
 1225 019a 13       		.uleb128 0x13
 1226 019b 3C       		.uleb128 0x3c
 1227 019c 19       		.uleb128 0x19
 1228 019d 01       		.uleb128 0x1
 1229 019e 13       		.uleb128 0x13
 1230 019f 00       		.byte	0
 1231 01a0 00       		.byte	0
 1232 01a1 20       		.uleb128 0x20
 1233 01a2 2E       		.uleb128 0x2e
 1234 01a3 01       		.byte	0x1
 1235 01a4 3F       		.uleb128 0x3f
 1236 01a5 19       		.uleb128 0x19
ARM GAS  C:\Users\THO~1\AppData\Local\Temp\ccn7f24I.s 			page 29


 1237 01a6 03       		.uleb128 0x3
 1238 01a7 0E       		.uleb128 0xe
 1239 01a8 3A       		.uleb128 0x3a
 1240 01a9 0B       		.uleb128 0xb
 1241 01aa 3B       		.uleb128 0x3b
 1242 01ab 0B       		.uleb128 0xb
 1243 01ac 27       		.uleb128 0x27
 1244 01ad 19       		.uleb128 0x19
 1245 01ae 3C       		.uleb128 0x3c
 1246 01af 19       		.uleb128 0x19
 1247 01b0 00       		.byte	0
 1248 01b1 00       		.byte	0
 1249 01b2 00       		.byte	0
 1250              		.section	.debug_loc,"",%progbits
 1251              	.Ldebug_loc0:
 1252              	.LLST0:
 1253 0000 00000000 		.4byte	.LVL0
 1254 0004 09000000 		.4byte	.LVL2-1
 1255 0008 0100     		.2byte	0x1
 1256 000a 50       		.byte	0x50
 1257 000b 09000000 		.4byte	.LVL2-1
 1258 000f 0C000000 		.4byte	.LFE2
 1259 0013 0400     		.2byte	0x4
 1260 0015 F3       		.byte	0xf3
 1261 0016 01       		.uleb128 0x1
 1262 0017 50       		.byte	0x50
 1263 0018 9F       		.byte	0x9f
 1264 0019 00000000 		.4byte	0
 1265 001d 00000000 		.4byte	0
 1266              	.LLST1:
 1267 0021 00000000 		.4byte	.LVL0
 1268 0025 06000000 		.4byte	.LVL1
 1269 0029 0100     		.2byte	0x1
 1270 002b 51       		.byte	0x51
 1271 002c 06000000 		.4byte	.LVL1
 1272 0030 09000000 		.4byte	.LVL2-1
 1273 0034 0100     		.2byte	0x1
 1274 0036 52       		.byte	0x52
 1275 0037 09000000 		.4byte	.LVL2-1
 1276 003b 0C000000 		.4byte	.LFE2
 1277 003f 0400     		.2byte	0x4
 1278 0041 F3       		.byte	0xf3
 1279 0042 01       		.uleb128 0x1
 1280 0043 51       		.byte	0x51
 1281 0044 9F       		.byte	0x9f
 1282 0045 00000000 		.4byte	0
 1283 0049 00000000 		.4byte	0
 1284              	.LLST2:
 1285 004d 02010000 		.4byte	.LVL11
 1286 0051 06010000 		.4byte	.LVL12
 1287 0055 0200     		.2byte	0x2
 1288 0057 30       		.byte	0x30
 1289 0058 9F       		.byte	0x9f
 1290 0059 06010000 		.4byte	.LVL12
 1291 005d 26010000 		.4byte	.LVL14
 1292 0061 0100     		.2byte	0x1
 1293 0063 54       		.byte	0x54
ARM GAS  C:\Users\THO~1\AppData\Local\Temp\ccn7f24I.s 			page 30


 1294 0064 28010000 		.4byte	.LVL15
 1295 0068 A4010000 		.4byte	.LVL18
 1296 006c 0100     		.2byte	0x1
 1297 006e 54       		.byte	0x54
 1298 006f 00000000 		.4byte	0
 1299 0073 00000000 		.4byte	0
 1300              	.LLST3:
 1301 0077 06010000 		.4byte	.LVL12
 1302 007b 26010000 		.4byte	.LVL14
 1303 007f 0B00     		.2byte	0xb
 1304 0081 74       		.byte	0x74
 1305 0082 00       		.sleb128 0
 1306 0083 36       		.byte	0x36
 1307 0084 1E       		.byte	0x1e
 1308 0085 03       		.byte	0x3
 1309 0086 00000000 		.4byte	cfg_memset_list.4762
 1310 008a 22       		.byte	0x22
 1311 008b 9F       		.byte	0x9f
 1312 008c 26010000 		.4byte	.LVL14
 1313 0090 28010000 		.4byte	.LVL15
 1314 0094 0B00     		.2byte	0xb
 1315 0096 74       		.byte	0x74
 1316 0097 7F       		.sleb128 -1
 1317 0098 36       		.byte	0x36
 1318 0099 1E       		.byte	0x1e
 1319 009a 03       		.byte	0x3
 1320 009b 00000000 		.4byte	cfg_memset_list.4762
 1321 009f 22       		.byte	0x22
 1322 00a0 9F       		.byte	0x9f
 1323 00a1 00000000 		.4byte	0
 1324 00a5 00000000 		.4byte	0
 1325              		.section	.debug_aranges,"",%progbits
 1326 0000 34000000 		.4byte	0x34
 1327 0004 0200     		.2byte	0x2
 1328 0006 00000000 		.4byte	.Ldebug_info0
 1329 000a 04       		.byte	0x4
 1330 000b 00       		.byte	0
 1331 000c 0000     		.2byte	0
 1332 000e 0000     		.2byte	0
 1333 0010 00000000 		.4byte	.LFB6
 1334 0014 20000000 		.4byte	.LFE6-.LFB6
 1335 0018 00000000 		.4byte	.LFB2
 1336 001c 0C000000 		.4byte	.LFE2-.LFB2
 1337 0020 00000000 		.4byte	.LFB5
 1338 0024 F8000000 		.4byte	.LFE5-.LFB5
 1339 0028 F8000000 		.4byte	.LFB7
 1340 002c 00010000 		.4byte	.LFE7-.LFB7
 1341 0030 00000000 		.4byte	0
 1342 0034 00000000 		.4byte	0
 1343              		.section	.debug_ranges,"",%progbits
 1344              	.Ldebug_ranges0:
 1345 0000 00000000 		.4byte	.LFB6
 1346 0004 20000000 		.4byte	.LFE6
 1347 0008 00000000 		.4byte	.LFB2
 1348 000c 0C000000 		.4byte	.LFE2
 1349 0010 00000000 		.4byte	.LFB5
 1350 0014 F8000000 		.4byte	.LFE5
ARM GAS  C:\Users\THO~1\AppData\Local\Temp\ccn7f24I.s 			page 31


 1351 0018 F8000000 		.4byte	.LFB7
 1352 001c F8010000 		.4byte	.LFE7
 1353 0020 00000000 		.4byte	0
 1354 0024 00000000 		.4byte	0
 1355              		.section	.debug_line,"",%progbits
 1356              	.Ldebug_line0:
 1357 0000 65010000 		.section	.debug_str,"MS",%progbits,1
 1357      0200E300 
 1357      00000201 
 1357      FB0E0D00 
 1357      01010101 
 1358              	.LASF28:
 1359 0000 43794465 		.ascii	"CyDelayCycles\000"
 1359      6C617943 
 1359      79636C65 
 1359      7300
 1360              	.LASF19:
 1361 000e 72656733 		.ascii	"reg32\000"
 1361      3200
 1362              	.LASF11:
 1363 0014 73697A65 		.ascii	"size_t\000"
 1363      5F7400
 1364              	.LASF37:
 1365 001b 416E616C 		.ascii	"AnalogSetDefault\000"
 1365      6F675365 
 1365      74446566 
 1365      61756C74 
 1365      00
 1366              	.LASF33:
 1367 002c 4379496E 		.ascii	"CyIntSetVector\000"
 1367      74536574 
 1367      56656374 
 1367      6F7200
 1368              	.LASF26:
 1369 003b 6366675F 		.ascii	"cfg_memset_list\000"
 1369      6D656D73 
 1369      65745F6C 
 1369      69737400 
 1370              	.LASF22:
 1371 004b 436C6F63 		.ascii	"ClockSetup\000"
 1371      6B536574 
 1371      757000
 1372              	.LASF36:
 1373 0056 433A5C41 		.ascii	"C:\\Anyboard\\anyboardjs\\firmware\\CyPawn\\Pawn_PS"
 1373      6E79626F 
 1373      6172645C 
 1373      616E7962 
 1373      6F617264 
 1374 0084 6F433432 		.ascii	"oC4200\\Pawn_PSoC4200.cydsn\000"
 1374      30305C50 
 1374      61776E5F 
 1374      50536F43 
 1374      34323030 
 1375              	.LASF4:
 1376 009f 73686F72 		.ascii	"short unsigned int\000"
 1376      7420756E 
 1376      7369676E 
ARM GAS  C:\Users\THO~1\AppData\Local\Temp\ccn7f24I.s 			page 32


 1376      65642069 
 1376      6E7400
 1377              	.LASF15:
 1378 00b2 666C6F61 		.ascii	"float\000"
 1378      7400
 1379              	.LASF24:
 1380 00b8 73697A65 		.ascii	"size\000"
 1380      00
 1381              	.LASF30:
 1382 00bd 43795379 		.ascii	"CySysClkWcoSetPowerMode\000"
 1382      73436C6B 
 1382      57636F53 
 1382      6574506F 
 1382      7765724D 
 1383              	.LASF18:
 1384 00d5 72656738 		.ascii	"reg8\000"
 1384      00
 1385              	.LASF6:
 1386 00da 6C6F6E67 		.ascii	"long unsigned int\000"
 1386      20756E73 
 1386      69676E65 
 1386      6420696E 
 1386      7400
 1387              	.LASF12:
 1388 00ec 75696E74 		.ascii	"uint8\000"
 1388      3800
 1389              	.LASF39:
 1390 00f2 43795379 		.ascii	"CySysClkWcoStart\000"
 1390      73436C6B 
 1390      57636F53 
 1390      74617274 
 1390      00
 1391              	.LASF21:
 1392 0103 43594D45 		.ascii	"CYMEMZERO\000"
 1392      4D5A4552 
 1392      4F00
 1393              	.LASF2:
 1394 010d 756E7369 		.ascii	"unsigned char\000"
 1394      676E6564 
 1394      20636861 
 1394      7200
 1395              	.LASF27:
 1396 011b 6D656D73 		.ascii	"memset\000"
 1396      657400
 1397              	.LASF16:
 1398 0122 646F7562 		.ascii	"double\000"
 1398      6C6500
 1399              	.LASF40:
 1400 0129 4379496E 		.ascii	"CyIntEnable\000"
 1400      74456E61 
 1400      626C6500 
 1401              	.LASF13:
 1402 0135 75696E74 		.ascii	"uint16\000"
 1402      313600
 1403              	.LASF17:
 1404 013c 63797374 		.ascii	"cystatus\000"
 1404      61747573 
ARM GAS  C:\Users\THO~1\AppData\Local\Temp\ccn7f24I.s 			page 33


 1404      00
 1405              	.LASF14:
 1406 0145 75696E74 		.ascii	"uint32\000"
 1406      333200
 1407              	.LASF0:
 1408 014c 756E7369 		.ascii	"unsigned int\000"
 1408      676E6564 
 1408      20696E74 
 1408      00
 1409              	.LASF38:
 1410 0159 63796669 		.ascii	"cyfitter_cfg\000"
 1410      74746572 
 1410      5F636667 
 1410      00
 1411              	.LASF23:
 1412 0166 61646472 		.ascii	"address\000"
 1412      65737300 
 1413              	.LASF8:
 1414 016e 6C6F6E67 		.ascii	"long long unsigned int\000"
 1414      206C6F6E 
 1414      6720756E 
 1414      7369676E 
 1414      65642069 
 1415              	.LASF20:
 1416 0185 63796973 		.ascii	"cyisraddress\000"
 1416      72616464 
 1416      72657373 
 1416      00
 1417              	.LASF25:
 1418 0192 6366675F 		.ascii	"cfg_memset_t\000"
 1418      6D656D73 
 1418      65745F74 
 1418      00
 1419              	.LASF9:
 1420 019f 73697A65 		.ascii	"sizetype\000"
 1420      74797065 
 1420      00
 1421              	.LASF7:
 1422 01a8 6C6F6E67 		.ascii	"long long int\000"
 1422      206C6F6E 
 1422      6720696E 
 1422      7400
 1423              	.LASF32:
 1424 01b6 43794465 		.ascii	"CyDelayUs\000"
 1424      6C617955 
 1424      7300
 1425              	.LASF10:
 1426 01c0 63686172 		.ascii	"char\000"
 1426      00
 1427              	.LASF31:
 1428 01c5 43795379 		.ascii	"CySysClkEcoStart\000"
 1428      73436C6B 
 1428      45636F53 
 1428      74617274 
 1428      00
 1429              	.LASF34:
 1430 01d6 474E5520 		.ascii	"GNU C 4.9.3 20150303 (release) [ARM/embedded-4_9-br"
ARM GAS  C:\Users\THO~1\AppData\Local\Temp\ccn7f24I.s 			page 34


 1430      4320342E 
 1430      392E3320 
 1430      32303135 
 1430      30333033 
 1431 0209 616E6368 		.ascii	"anch revision 221220] -mcpu=cortex-m0 -mthumb -g -O"
 1431      20726576 
 1431      6973696F 
 1431      6E203232 
 1431      31323230 
 1432 023c 67202D66 		.ascii	"g -ffunction-sections -ffat-lto-objects\000"
 1432      66756E63 
 1432      74696F6E 
 1432      2D736563 
 1432      74696F6E 
 1433              	.LASF3:
 1434 0264 73686F72 		.ascii	"short int\000"
 1434      7420696E 
 1434      7400
 1435              	.LASF29:
 1436 026e 43795379 		.ascii	"CySysClkWriteImoFreq\000"
 1436      73436C6B 
 1436      57726974 
 1436      65496D6F 
 1436      46726571 
 1437              	.LASF5:
 1438 0283 6C6F6E67 		.ascii	"long int\000"
 1438      20696E74 
 1438      00
 1439              	.LASF1:
 1440 028c 7369676E 		.ascii	"signed char\000"
 1440      65642063 
 1440      68617200 
 1441              	.LASF35:
 1442 0298 47656E65 		.ascii	"Generated_Source\\PSoC4\\cyfitter_cfg.c\000"
 1442      72617465 
 1442      645F536F 
 1442      75726365 
 1442      5C50536F 
 1443              		.ident	"GCC: (GNU Tools for ARM Embedded Processors) 4.9.3 20150303 (release) [ARM/embedded-4_9-br
