ARM GAS  C:\Users\THO~1\AppData\Local\Temp\ccH4A9UW.s 			page 1


   1              		.cpu cortex-m0
   2              		.fpu softvfp
   3              		.eabi_attribute 20, 1
   4              		.eabi_attribute 21, 1
   5              		.eabi_attribute 23, 3
   6              		.eabi_attribute 24, 1
   7              		.eabi_attribute 25, 1
   8              		.eabi_attribute 26, 1
   9              		.eabi_attribute 30, 1
  10              		.eabi_attribute 34, 0
  11              		.eabi_attribute 18, 4
  12              		.code	16
  13              		.file	"cyfitter_cfg.c"
  14              		.text
  15              	.Ltext0:
  16              		.cfi_sections	.debug_frame
  17              		.section	.text.AnalogSetDefault,"ax",%progbits
  18              		.align	2
  19              		.code	16
  20              		.thumb_func
  21              		.type	AnalogSetDefault, %function
  22              	AnalogSetDefault:
  23              	.LFB6:
  24              		.file 1 "Generated_Source\\PSoC4\\cyfitter_cfg.c"
   1:Generated_Source\PSoC4/cyfitter_cfg.c **** /*******************************************************************************
   2:Generated_Source\PSoC4/cyfitter_cfg.c **** * File Name: cyfitter_cfg.c
   3:Generated_Source\PSoC4/cyfitter_cfg.c **** * 
   4:Generated_Source\PSoC4/cyfitter_cfg.c **** * PSoC Creator  4.0
   5:Generated_Source\PSoC4/cyfitter_cfg.c **** *
   6:Generated_Source\PSoC4/cyfitter_cfg.c **** * Description:
   7:Generated_Source\PSoC4/cyfitter_cfg.c **** * This file contains device initialization code.
   8:Generated_Source\PSoC4/cyfitter_cfg.c **** * Except for the user defined sections in CyClockStartupError(), this file should not be modified.
   9:Generated_Source\PSoC4/cyfitter_cfg.c **** * This file is automatically generated by PSoC Creator.
  10:Generated_Source\PSoC4/cyfitter_cfg.c **** *
  11:Generated_Source\PSoC4/cyfitter_cfg.c **** ********************************************************************************
  12:Generated_Source\PSoC4/cyfitter_cfg.c **** * Copyright (c) 2007-2016 Cypress Semiconductor.  All rights reserved.
  13:Generated_Source\PSoC4/cyfitter_cfg.c **** * You may use this file only in accordance with the license, terms, conditions, 
  14:Generated_Source\PSoC4/cyfitter_cfg.c **** * disclaimers, and limitations in the end user license agreement accompanying 
  15:Generated_Source\PSoC4/cyfitter_cfg.c **** * the software package with which this file was provided.
  16:Generated_Source\PSoC4/cyfitter_cfg.c **** ********************************************************************************/
  17:Generated_Source\PSoC4/cyfitter_cfg.c **** 
  18:Generated_Source\PSoC4/cyfitter_cfg.c **** #include <string.h>
  19:Generated_Source\PSoC4/cyfitter_cfg.c **** #include "cytypes.h"
  20:Generated_Source\PSoC4/cyfitter_cfg.c **** #include "cydevice_trm.h"
  21:Generated_Source\PSoC4/cyfitter_cfg.c **** #include "cyfitter.h"
  22:Generated_Source\PSoC4/cyfitter_cfg.c **** #include "CyLib.h"
  23:Generated_Source\PSoC4/cyfitter_cfg.c **** #include "CyLFClk.h"
  24:Generated_Source\PSoC4/cyfitter_cfg.c **** #include "cyfitter_cfg.h"
  25:Generated_Source\PSoC4/cyfitter_cfg.c **** #include "cyapicallbacks.h"
  26:Generated_Source\PSoC4/cyfitter_cfg.c **** 
  27:Generated_Source\PSoC4/cyfitter_cfg.c **** 
  28:Generated_Source\PSoC4/cyfitter_cfg.c **** #if defined(__GNUC__) || defined(__ARMCC_VERSION)
  29:Generated_Source\PSoC4/cyfitter_cfg.c ****     #define CYPACKED 
  30:Generated_Source\PSoC4/cyfitter_cfg.c ****     #define CYPACKED_ATTR __attribute__ ((packed))
  31:Generated_Source\PSoC4/cyfitter_cfg.c ****     #define CYALIGNED __attribute__ ((aligned))
  32:Generated_Source\PSoC4/cyfitter_cfg.c ****     #define CY_CFG_UNUSED __attribute__ ((unused))
  33:Generated_Source\PSoC4/cyfitter_cfg.c ****     #ifndef CY_CFG_SECTION
ARM GAS  C:\Users\THO~1\AppData\Local\Temp\ccH4A9UW.s 			page 2


  34:Generated_Source\PSoC4/cyfitter_cfg.c ****         #define CY_CFG_SECTION __attribute__ ((section(".psocinit")))
  35:Generated_Source\PSoC4/cyfitter_cfg.c ****     #endif
  36:Generated_Source\PSoC4/cyfitter_cfg.c ****     
  37:Generated_Source\PSoC4/cyfitter_cfg.c ****     #if defined(__ARMCC_VERSION)
  38:Generated_Source\PSoC4/cyfitter_cfg.c ****         #define CY_CFG_MEMORY_BARRIER() __memory_changed()
  39:Generated_Source\PSoC4/cyfitter_cfg.c ****     #else
  40:Generated_Source\PSoC4/cyfitter_cfg.c ****         #define CY_CFG_MEMORY_BARRIER() __sync_synchronize()
  41:Generated_Source\PSoC4/cyfitter_cfg.c ****     #endif
  42:Generated_Source\PSoC4/cyfitter_cfg.c ****     
  43:Generated_Source\PSoC4/cyfitter_cfg.c **** #elif defined(__ICCARM__)
  44:Generated_Source\PSoC4/cyfitter_cfg.c ****     #include <intrinsics.h>
  45:Generated_Source\PSoC4/cyfitter_cfg.c **** 
  46:Generated_Source\PSoC4/cyfitter_cfg.c ****     #define CYPACKED __packed
  47:Generated_Source\PSoC4/cyfitter_cfg.c ****     #define CYPACKED_ATTR 
  48:Generated_Source\PSoC4/cyfitter_cfg.c ****     #define CYALIGNED _Pragma("data_alignment=4")
  49:Generated_Source\PSoC4/cyfitter_cfg.c ****     #define CY_CFG_UNUSED _Pragma("diag_suppress=Pe177")
  50:Generated_Source\PSoC4/cyfitter_cfg.c ****     #define CY_CFG_SECTION _Pragma("location=\".psocinit\"")
  51:Generated_Source\PSoC4/cyfitter_cfg.c ****     
  52:Generated_Source\PSoC4/cyfitter_cfg.c ****     #define CY_CFG_MEMORY_BARRIER() __DMB()
  53:Generated_Source\PSoC4/cyfitter_cfg.c ****     
  54:Generated_Source\PSoC4/cyfitter_cfg.c **** #else
  55:Generated_Source\PSoC4/cyfitter_cfg.c ****     #error Unsupported toolchain
  56:Generated_Source\PSoC4/cyfitter_cfg.c **** #endif
  57:Generated_Source\PSoC4/cyfitter_cfg.c **** 
  58:Generated_Source\PSoC4/cyfitter_cfg.c **** 
  59:Generated_Source\PSoC4/cyfitter_cfg.c **** CY_CFG_UNUSED
  60:Generated_Source\PSoC4/cyfitter_cfg.c **** static void CYMEMZERO(void *s, size_t n);
  61:Generated_Source\PSoC4/cyfitter_cfg.c **** CY_CFG_UNUSED
  62:Generated_Source\PSoC4/cyfitter_cfg.c **** static void CYMEMZERO(void *s, size_t n)
  63:Generated_Source\PSoC4/cyfitter_cfg.c **** {
  64:Generated_Source\PSoC4/cyfitter_cfg.c **** 	(void)memset(s, 0, n);
  65:Generated_Source\PSoC4/cyfitter_cfg.c **** }
  66:Generated_Source\PSoC4/cyfitter_cfg.c **** CY_CFG_UNUSED
  67:Generated_Source\PSoC4/cyfitter_cfg.c **** static void CYCONFIGCPY(void *dest, const void *src, size_t n);
  68:Generated_Source\PSoC4/cyfitter_cfg.c **** CY_CFG_UNUSED
  69:Generated_Source\PSoC4/cyfitter_cfg.c **** static void CYCONFIGCPY(void *dest, const void *src, size_t n)
  70:Generated_Source\PSoC4/cyfitter_cfg.c **** {
  71:Generated_Source\PSoC4/cyfitter_cfg.c **** 	(void)memcpy(dest, src, n);
  72:Generated_Source\PSoC4/cyfitter_cfg.c **** }
  73:Generated_Source\PSoC4/cyfitter_cfg.c **** CY_CFG_UNUSED
  74:Generated_Source\PSoC4/cyfitter_cfg.c **** static void CYCONFIGCPYCODE(void *dest, const void *src, size_t n);
  75:Generated_Source\PSoC4/cyfitter_cfg.c **** CY_CFG_UNUSED
  76:Generated_Source\PSoC4/cyfitter_cfg.c **** static void CYCONFIGCPYCODE(void *dest, const void *src, size_t n)
  77:Generated_Source\PSoC4/cyfitter_cfg.c **** {
  78:Generated_Source\PSoC4/cyfitter_cfg.c **** 	(void)memcpy(dest, src, n);
  79:Generated_Source\PSoC4/cyfitter_cfg.c **** }
  80:Generated_Source\PSoC4/cyfitter_cfg.c **** 
  81:Generated_Source\PSoC4/cyfitter_cfg.c **** 
  82:Generated_Source\PSoC4/cyfitter_cfg.c **** 
  83:Generated_Source\PSoC4/cyfitter_cfg.c **** 
  84:Generated_Source\PSoC4/cyfitter_cfg.c **** /* Clock startup error codes                                                   */
  85:Generated_Source\PSoC4/cyfitter_cfg.c **** #define CYCLOCKSTART_NO_ERROR    0u
  86:Generated_Source\PSoC4/cyfitter_cfg.c **** #define CYCLOCKSTART_XTAL_ERROR  1u
  87:Generated_Source\PSoC4/cyfitter_cfg.c **** #define CYCLOCKSTART_32KHZ_ERROR 2u
  88:Generated_Source\PSoC4/cyfitter_cfg.c **** #define CYCLOCKSTART_PLL_ERROR   3u
  89:Generated_Source\PSoC4/cyfitter_cfg.c **** 
  90:Generated_Source\PSoC4/cyfitter_cfg.c **** 
ARM GAS  C:\Users\THO~1\AppData\Local\Temp\ccH4A9UW.s 			page 3


  91:Generated_Source\PSoC4/cyfitter_cfg.c **** #ifdef CY_NEED_CYCLOCKSTARTUPERROR
  92:Generated_Source\PSoC4/cyfitter_cfg.c **** /*******************************************************************************
  93:Generated_Source\PSoC4/cyfitter_cfg.c **** * Function Name: CyClockStartupError
  94:Generated_Source\PSoC4/cyfitter_cfg.c **** ********************************************************************************
  95:Generated_Source\PSoC4/cyfitter_cfg.c **** * Summary:
  96:Generated_Source\PSoC4/cyfitter_cfg.c **** *  If an error is encountered during clock configuration (crystal startup error,
  97:Generated_Source\PSoC4/cyfitter_cfg.c **** *  PLL lock error, etc.), the system will end up here.  Unless reimplemented by
  98:Generated_Source\PSoC4/cyfitter_cfg.c **** *  the customer, this function will stop in an infinite loop.
  99:Generated_Source\PSoC4/cyfitter_cfg.c **** *
 100:Generated_Source\PSoC4/cyfitter_cfg.c **** * Parameters:
 101:Generated_Source\PSoC4/cyfitter_cfg.c **** *   void
 102:Generated_Source\PSoC4/cyfitter_cfg.c **** *
 103:Generated_Source\PSoC4/cyfitter_cfg.c **** * Return:
 104:Generated_Source\PSoC4/cyfitter_cfg.c **** *   void
 105:Generated_Source\PSoC4/cyfitter_cfg.c **** *
 106:Generated_Source\PSoC4/cyfitter_cfg.c **** *******************************************************************************/
 107:Generated_Source\PSoC4/cyfitter_cfg.c **** CY_CFG_UNUSED
 108:Generated_Source\PSoC4/cyfitter_cfg.c **** static void CyClockStartupError(uint8 errorCode);
 109:Generated_Source\PSoC4/cyfitter_cfg.c **** CY_CFG_UNUSED
 110:Generated_Source\PSoC4/cyfitter_cfg.c **** static void CyClockStartupError(uint8 errorCode)
 111:Generated_Source\PSoC4/cyfitter_cfg.c **** {
 112:Generated_Source\PSoC4/cyfitter_cfg.c ****     /* To remove the compiler warning if errorCode not used.                */
 113:Generated_Source\PSoC4/cyfitter_cfg.c ****     errorCode = errorCode;
 114:Generated_Source\PSoC4/cyfitter_cfg.c **** 
 115:Generated_Source\PSoC4/cyfitter_cfg.c ****     /* If we have a clock startup error (bad MHz crystal, PLL lock, etc.),  */
 116:Generated_Source\PSoC4/cyfitter_cfg.c ****     /* we will end up here to allow the customer to implement something to  */
 117:Generated_Source\PSoC4/cyfitter_cfg.c ****     /* deal with the clock condition.                                       */
 118:Generated_Source\PSoC4/cyfitter_cfg.c **** 
 119:Generated_Source\PSoC4/cyfitter_cfg.c **** #ifdef CY_CFG_CLOCK_STARTUP_ERROR_CALLBACK
 120:Generated_Source\PSoC4/cyfitter_cfg.c **** 	CY_CFG_Clock_Startup_ErrorCallback();
 121:Generated_Source\PSoC4/cyfitter_cfg.c **** #else
 122:Generated_Source\PSoC4/cyfitter_cfg.c **** 	/*  If not using CY_CFG_CLOCK_STARTUP_ERROR_CALLBACK, place your clock startup code here. */
 123:Generated_Source\PSoC4/cyfitter_cfg.c ****     /* `#START CyClockStartupError` */
 124:Generated_Source\PSoC4/cyfitter_cfg.c **** 
 125:Generated_Source\PSoC4/cyfitter_cfg.c **** 
 126:Generated_Source\PSoC4/cyfitter_cfg.c **** 
 127:Generated_Source\PSoC4/cyfitter_cfg.c ****     /* `#END` */
 128:Generated_Source\PSoC4/cyfitter_cfg.c **** 
 129:Generated_Source\PSoC4/cyfitter_cfg.c ****     /* If nothing else, stop here since the clocks have not started         */
 130:Generated_Source\PSoC4/cyfitter_cfg.c ****     /* correctly.                                                           */
 131:Generated_Source\PSoC4/cyfitter_cfg.c ****     while(1) {}
 132:Generated_Source\PSoC4/cyfitter_cfg.c **** #endif /* CY_CFG_CLOCK_STARTUP_ERROR_CALLBACK */ 
 133:Generated_Source\PSoC4/cyfitter_cfg.c **** }
 134:Generated_Source\PSoC4/cyfitter_cfg.c **** #endif
 135:Generated_Source\PSoC4/cyfitter_cfg.c **** 
 136:Generated_Source\PSoC4/cyfitter_cfg.c **** 
 137:Generated_Source\PSoC4/cyfitter_cfg.c **** 
 138:Generated_Source\PSoC4/cyfitter_cfg.c **** /*******************************************************************************
 139:Generated_Source\PSoC4/cyfitter_cfg.c **** * Function Name: ClockSetup
 140:Generated_Source\PSoC4/cyfitter_cfg.c **** ********************************************************************************
 141:Generated_Source\PSoC4/cyfitter_cfg.c **** *
 142:Generated_Source\PSoC4/cyfitter_cfg.c **** * Summary:
 143:Generated_Source\PSoC4/cyfitter_cfg.c **** *   Performs the initialization of all of the clocks in the device based on the
 144:Generated_Source\PSoC4/cyfitter_cfg.c **** *   settings in the Clock tab of the DWR.  This includes enabling the requested
 145:Generated_Source\PSoC4/cyfitter_cfg.c **** *   clocks and setting the necessary dividers to produce the desired frequency. 
 146:Generated_Source\PSoC4/cyfitter_cfg.c **** *
 147:Generated_Source\PSoC4/cyfitter_cfg.c **** * Parameters:
ARM GAS  C:\Users\THO~1\AppData\Local\Temp\ccH4A9UW.s 			page 4


 148:Generated_Source\PSoC4/cyfitter_cfg.c **** *   void
 149:Generated_Source\PSoC4/cyfitter_cfg.c **** *
 150:Generated_Source\PSoC4/cyfitter_cfg.c **** * Return:
 151:Generated_Source\PSoC4/cyfitter_cfg.c **** *   void
 152:Generated_Source\PSoC4/cyfitter_cfg.c **** *
 153:Generated_Source\PSoC4/cyfitter_cfg.c **** *******************************************************************************/
 154:Generated_Source\PSoC4/cyfitter_cfg.c **** static void ClockSetup(void);
 155:Generated_Source\PSoC4/cyfitter_cfg.c **** CY_CFG_SECTION
 156:Generated_Source\PSoC4/cyfitter_cfg.c **** static void ClockSetup(void)
 157:Generated_Source\PSoC4/cyfitter_cfg.c **** {
 158:Generated_Source\PSoC4/cyfitter_cfg.c **** 
 159:Generated_Source\PSoC4/cyfitter_cfg.c **** 	/* Set Flash Cycles based on max possible frequency in case a glitch occurs during ClockSetup(). *
 160:Generated_Source\PSoC4/cyfitter_cfg.c **** 	CY_SET_REG32((void CYXDATA *)(CYREG_CPUSS_FLASH_CTL), (0x0012u));
 161:Generated_Source\PSoC4/cyfitter_cfg.c **** 
 162:Generated_Source\PSoC4/cyfitter_cfg.c **** 	/* Start the WCO */
 163:Generated_Source\PSoC4/cyfitter_cfg.c **** 	CySysClkWcoStart();
 164:Generated_Source\PSoC4/cyfitter_cfg.c **** 	CyDelayCycles(12000000u); /* WCO may take up to 500ms to start */
 165:Generated_Source\PSoC4/cyfitter_cfg.c **** 	(void)CySysClkWcoSetPowerMode(CY_SYS_CLK_WCO_LPM);    /* Switch to the low power mode */
 166:Generated_Source\PSoC4/cyfitter_cfg.c **** 
 167:Generated_Source\PSoC4/cyfitter_cfg.c **** 	/* Setup and trim IMO based on desired frequency. */
 168:Generated_Source\PSoC4/cyfitter_cfg.c **** 	CySysClkWriteImoFreq(48u);
 169:Generated_Source\PSoC4/cyfitter_cfg.c **** 	/* CYDEV_CLK_ILO_CONFIG Starting address: CYDEV_CLK_ILO_CONFIG */
 170:Generated_Source\PSoC4/cyfitter_cfg.c **** 	CY_SET_XTND_REG32((void CYFAR *)(CYREG_CLK_ILO_CONFIG), 0x80000006u);
 171:Generated_Source\PSoC4/cyfitter_cfg.c **** 
 172:Generated_Source\PSoC4/cyfitter_cfg.c **** 	/* CYDEV_WDT_CONFIG Starting address: CYDEV_WDT_CONFIG */
 173:Generated_Source\PSoC4/cyfitter_cfg.c **** 	CY_SET_XTND_REG32((void CYFAR *)(CYREG_WDT_CONFIG), 0x40000000u);
 174:Generated_Source\PSoC4/cyfitter_cfg.c **** 
 175:Generated_Source\PSoC4/cyfitter_cfg.c **** 
 176:Generated_Source\PSoC4/cyfitter_cfg.c **** 	/* Enable fast start mode for XO */
 177:Generated_Source\PSoC4/cyfitter_cfg.c **** 	CY_SET_REG32((void*)CYREG_BLE_BLERD_BB_XO, CY_GET_REG32((void*)CYREG_BLE_BLERD_BB_XO) | (uint32)0x
 178:Generated_Source\PSoC4/cyfitter_cfg.c **** 	CY_SET_XTND_REG32((void CYFAR *)(CYREG_BLE_BLERD_BB_XO_CAPTRIM), 0x00003E2Du);
 179:Generated_Source\PSoC4/cyfitter_cfg.c **** 	/*Set XTAL(ECO) divider*/
 180:Generated_Source\PSoC4/cyfitter_cfg.c **** 	CY_SET_XTND_REG32((void CYFAR *)(CYREG_BLE_BLESS_XTAL_CLK_DIV_CONFIG), 0x00000000u);
 181:Generated_Source\PSoC4/cyfitter_cfg.c **** 	/* Disable Crystal Stable Interrupt before enabling ECO */
 182:Generated_Source\PSoC4/cyfitter_cfg.c **** 	CY_SET_REG32((void*)CYREG_BLE_BLESS_LL_DSM_CTRL, CY_GET_REG32((void*)CYREG_BLE_BLESS_LL_DSM_CTRL) 
 183:Generated_Source\PSoC4/cyfitter_cfg.c **** 	/* Start the ECO and do not check status since it is not needed for HFCLK */
 184:Generated_Source\PSoC4/cyfitter_cfg.c **** 	(void)CySysClkEcoStart(2000u);
 185:Generated_Source\PSoC4/cyfitter_cfg.c **** 	CyDelayUs(1500u); /* Wait to stabalize */
 186:Generated_Source\PSoC4/cyfitter_cfg.c **** 
 187:Generated_Source\PSoC4/cyfitter_cfg.c **** 	/* Setup phase aligned clocks */
 188:Generated_Source\PSoC4/cyfitter_cfg.c **** 	CY_SET_REG32((void *)CYREG_PERI_DIV_16_CTL0, 0x00001D00u);
 189:Generated_Source\PSoC4/cyfitter_cfg.c **** 	CY_SET_REG32((void *)CYREG_PERI_DIV_CMD, 0x8000FF40u);
 190:Generated_Source\PSoC4/cyfitter_cfg.c **** 	CY_SET_REG32((void *)CYREG_PERI_DIV_16_CTL1, 0x00002200u);
 191:Generated_Source\PSoC4/cyfitter_cfg.c **** 	CY_SET_REG32((void *)CYREG_PERI_DIV_CMD, 0x8000FF41u);
 192:Generated_Source\PSoC4/cyfitter_cfg.c **** 
 193:Generated_Source\PSoC4/cyfitter_cfg.c **** 	/* CYDEV_CLK_IMO_CONFIG Starting address: CYDEV_CLK_IMO_CONFIG */
 194:Generated_Source\PSoC4/cyfitter_cfg.c **** 	CY_SET_XTND_REG32((void CYFAR *)(CYREG_CLK_IMO_CONFIG), 0x80000000u);
 195:Generated_Source\PSoC4/cyfitter_cfg.c **** 
 196:Generated_Source\PSoC4/cyfitter_cfg.c **** 	/* CYDEV_CLK_SELECT Starting address: CYDEV_CLK_SELECT */
 197:Generated_Source\PSoC4/cyfitter_cfg.c **** 	CY_SET_XTND_REG32((void CYFAR *)(CYREG_CLK_SELECT), 0x00040000u);
 198:Generated_Source\PSoC4/cyfitter_cfg.c **** 
 199:Generated_Source\PSoC4/cyfitter_cfg.c **** 	/* CYDEV_PERI_PCLK_CTL2 Starting address: CYDEV_PERI_PCLK_CTL2 */
 200:Generated_Source\PSoC4/cyfitter_cfg.c **** 	CY_SET_XTND_REG32((void CYFAR *)(CYREG_PERI_PCLK_CTL2), 0x00000040u);
 201:Generated_Source\PSoC4/cyfitter_cfg.c **** 
 202:Generated_Source\PSoC4/cyfitter_cfg.c **** 	/* CYDEV_PERI_PCLK_CTL1 Starting address: CYDEV_PERI_PCLK_CTL1 */
 203:Generated_Source\PSoC4/cyfitter_cfg.c **** 	CY_SET_XTND_REG32((void CYFAR *)(CYREG_PERI_PCLK_CTL1), 0x00000041u);
 204:Generated_Source\PSoC4/cyfitter_cfg.c **** 
ARM GAS  C:\Users\THO~1\AppData\Local\Temp\ccH4A9UW.s 			page 5


 205:Generated_Source\PSoC4/cyfitter_cfg.c **** 	(void)CyIntSetVector(8u, &CySysWdtIsr);
 206:Generated_Source\PSoC4/cyfitter_cfg.c **** 	CyIntEnable(8u);
 207:Generated_Source\PSoC4/cyfitter_cfg.c **** 	CY_SET_XTND_REG32((void CYFAR *)(CYREG_WDT_CONFIG), 0x40000000u);
 208:Generated_Source\PSoC4/cyfitter_cfg.c **** }
 209:Generated_Source\PSoC4/cyfitter_cfg.c **** 
 210:Generated_Source\PSoC4/cyfitter_cfg.c **** 
 211:Generated_Source\PSoC4/cyfitter_cfg.c **** /* Analog API Functions */
 212:Generated_Source\PSoC4/cyfitter_cfg.c **** 
 213:Generated_Source\PSoC4/cyfitter_cfg.c **** 
 214:Generated_Source\PSoC4/cyfitter_cfg.c **** /*******************************************************************************
 215:Generated_Source\PSoC4/cyfitter_cfg.c **** * Function Name: AnalogSetDefault
 216:Generated_Source\PSoC4/cyfitter_cfg.c **** ********************************************************************************
 217:Generated_Source\PSoC4/cyfitter_cfg.c **** *
 218:Generated_Source\PSoC4/cyfitter_cfg.c **** * Summary:
 219:Generated_Source\PSoC4/cyfitter_cfg.c **** *  Sets up the analog portions of the chip to default values based on chip
 220:Generated_Source\PSoC4/cyfitter_cfg.c **** *  configuration options from the project.
 221:Generated_Source\PSoC4/cyfitter_cfg.c **** *
 222:Generated_Source\PSoC4/cyfitter_cfg.c **** * Parameters:
 223:Generated_Source\PSoC4/cyfitter_cfg.c **** *  void
 224:Generated_Source\PSoC4/cyfitter_cfg.c **** *
 225:Generated_Source\PSoC4/cyfitter_cfg.c **** * Return:
 226:Generated_Source\PSoC4/cyfitter_cfg.c **** *  void
 227:Generated_Source\PSoC4/cyfitter_cfg.c **** *
 228:Generated_Source\PSoC4/cyfitter_cfg.c **** *******************************************************************************/
 229:Generated_Source\PSoC4/cyfitter_cfg.c **** static void AnalogSetDefault(void);
 230:Generated_Source\PSoC4/cyfitter_cfg.c **** static void AnalogSetDefault(void)
 231:Generated_Source\PSoC4/cyfitter_cfg.c **** {
  25              		.loc 1 231 0
  26              		.cfi_startproc
 232:Generated_Source\PSoC4/cyfitter_cfg.c **** 	CY_SET_XTND_REG32((void CYFAR *)CYREG_CTBM0_DFT_CTRL, 0x00000003u);
  27              		.loc 1 232 0
  28 0000 0323     		mov	r3, #3
  29 0002 044A     		ldr	r2, .L2
  30 0004 1360     		str	r3, [r2]
 233:Generated_Source\PSoC4/cyfitter_cfg.c **** 	CY_SET_XTND_REG32((void CYFAR *)CYREG_CTBM1_DFT_CTRL, 0x00000003u);
  31              		.loc 1 233 0
  32 0006 044A     		ldr	r2, .L2+4
  33 0008 1360     		str	r3, [r2]
 234:Generated_Source\PSoC4/cyfitter_cfg.c **** 	CY_SET_XTND_REG32((void CYFAR *)CYREG_PASS_DSAB_DSAB_CTRL, 0x00000000u);
  34              		.loc 1 234 0
  35 000a 0022     		mov	r2, #0
  36 000c 034B     		ldr	r3, .L2+8
  37 000e 1A60     		str	r2, [r3]
 235:Generated_Source\PSoC4/cyfitter_cfg.c **** }
  38              		.loc 1 235 0
  39              		@ sp needed
  40 0010 7047     		bx	lr
  41              	.L3:
  42 0012 C046     		.align	2
  43              	.L2:
  44 0014 30003040 		.word	1076887600
  45 0018 30003140 		.word	1076953136
  46 001c 000E3F40 		.word	1077874176
  47              		.cfi_endproc
  48              	.LFE6:
  49              		.size	AnalogSetDefault, .-AnalogSetDefault
  50              		.section	.text.CYMEMZERO,"ax",%progbits
ARM GAS  C:\Users\THO~1\AppData\Local\Temp\ccH4A9UW.s 			page 6


  51              		.align	2
  52              		.code	16
  53              		.thumb_func
  54              		.type	CYMEMZERO, %function
  55              	CYMEMZERO:
  56              	.LFB2:
  63:Generated_Source\PSoC4/cyfitter_cfg.c **** 	(void)memset(s, 0, n);
  57              		.loc 1 63 0
  58              		.cfi_startproc
  59              	.LVL0:
  60 0000 08B5     		push	{r3, lr}
  61              		.cfi_def_cfa_offset 8
  62              		.cfi_offset 3, -8
  63              		.cfi_offset 14, -4
  64 0002 0A1C     		mov	r2, r1
  64:Generated_Source\PSoC4/cyfitter_cfg.c **** }
  65              		.loc 1 64 0
  66 0004 0021     		mov	r1, #0
  67              	.LVL1:
  68 0006 FFF7FEFF 		bl	memset
  69              	.LVL2:
  65:Generated_Source\PSoC4/cyfitter_cfg.c **** CY_CFG_UNUSED
  70              		.loc 1 65 0
  71              		@ sp needed
  72 000a 08BD     		pop	{r3, pc}
  73              		.cfi_endproc
  74              	.LFE2:
  75              		.size	CYMEMZERO, .-CYMEMZERO
  76              		.section	.psocinit,"ax",%progbits
  77              		.align	2
  78              		.code	16
  79              		.thumb_func
  80              		.type	ClockSetup, %function
  81              	ClockSetup:
  82              	.LFB5:
 157:Generated_Source\PSoC4/cyfitter_cfg.c **** 
  83              		.loc 1 157 0
  84              		.cfi_startproc
  85 0000 38B5     		push	{r3, r4, r5, lr}
  86              		.cfi_def_cfa_offset 16
  87              		.cfi_offset 3, -16
  88              		.cfi_offset 4, -12
  89              		.cfi_offset 5, -8
  90              		.cfi_offset 14, -4
 160:Generated_Source\PSoC4/cyfitter_cfg.c **** 
  91              		.loc 1 160 0
  92 0002 1222     		mov	r2, #18
  93 0004 274B     		ldr	r3, .L6
  94 0006 1A60     		str	r2, [r3]
 163:Generated_Source\PSoC4/cyfitter_cfg.c **** 	CyDelayCycles(12000000u); /* WCO may take up to 500ms to start */
  95              		.loc 1 163 0
  96 0008 FFF7FEFF 		bl	CySysClkWcoStart
  97              	.LVL3:
 164:Generated_Source\PSoC4/cyfitter_cfg.c **** 	(void)CySysClkWcoSetPowerMode(CY_SYS_CLK_WCO_LPM);    /* Switch to the low power mode */
  98              		.loc 1 164 0
  99 000c 2648     		ldr	r0, .L6+4
 100 000e FFF7FEFF 		bl	CyDelayCycles
ARM GAS  C:\Users\THO~1\AppData\Local\Temp\ccH4A9UW.s 			page 7


 101              	.LVL4:
 165:Generated_Source\PSoC4/cyfitter_cfg.c **** 
 102              		.loc 1 165 0
 103 0012 0120     		mov	r0, #1
 104 0014 FFF7FEFF 		bl	CySysClkWcoSetPowerMode
 105              	.LVL5:
 168:Generated_Source\PSoC4/cyfitter_cfg.c **** 	/* CYDEV_CLK_ILO_CONFIG Starting address: CYDEV_CLK_ILO_CONFIG */
 106              		.loc 1 168 0
 107 0018 3020     		mov	r0, #48
 108 001a FFF7FEFF 		bl	CySysClkWriteImoFreq
 109              	.LVL6:
 170:Generated_Source\PSoC4/cyfitter_cfg.c **** 
 110              		.loc 1 170 0
 111 001e 234A     		ldr	r2, .L6+8
 112 0020 234B     		ldr	r3, .L6+12
 113 0022 1A60     		str	r2, [r3]
 173:Generated_Source\PSoC4/cyfitter_cfg.c **** 
 114              		.loc 1 173 0
 115 0024 234C     		ldr	r4, .L6+16
 116 0026 8025     		mov	r5, #128
 117 0028 ED05     		lsl	r5, r5, #23
 118 002a 2560     		str	r5, [r4]
 177:Generated_Source\PSoC4/cyfitter_cfg.c **** 	CY_SET_XTND_REG32((void CYFAR *)(CYREG_BLE_BLERD_BB_XO_CAPTRIM), 0x00003E2Du);
 119              		.loc 1 177 0
 120 002c 224A     		ldr	r2, .L6+20
 121 002e 1168     		ldr	r1, [r2]
 122 0030 0223     		mov	r3, #2
 123 0032 0B43     		orr	r3, r1
 124 0034 1360     		str	r3, [r2]
 178:Generated_Source\PSoC4/cyfitter_cfg.c **** 	/*Set XTAL(ECO) divider*/
 125              		.loc 1 178 0
 126 0036 214A     		ldr	r2, .L6+24
 127 0038 214B     		ldr	r3, .L6+28
 128 003a 1A60     		str	r2, [r3]
 180:Generated_Source\PSoC4/cyfitter_cfg.c **** 	/* Disable Crystal Stable Interrupt before enabling ECO */
 129              		.loc 1 180 0
 130 003c 0022     		mov	r2, #0
 131 003e 214B     		ldr	r3, .L6+32
 132 0040 1A60     		str	r2, [r3]
 182:Generated_Source\PSoC4/cyfitter_cfg.c **** 	/* Start the ECO and do not check status since it is not needed for HFCLK */
 133              		.loc 1 182 0
 134 0042 214A     		ldr	r2, .L6+36
 135 0044 1368     		ldr	r3, [r2]
 136 0046 0821     		mov	r1, #8
 137 0048 8B43     		bic	r3, r1
 138 004a 1360     		str	r3, [r2]
 184:Generated_Source\PSoC4/cyfitter_cfg.c **** 	CyDelayUs(1500u); /* Wait to stabalize */
 139              		.loc 1 184 0
 140 004c FA20     		mov	r0, #250
 141 004e C000     		lsl	r0, r0, #3
 142 0050 FFF7FEFF 		bl	CySysClkEcoStart
 143              	.LVL7:
 185:Generated_Source\PSoC4/cyfitter_cfg.c **** 
 144              		.loc 1 185 0
 145 0054 1D48     		ldr	r0, .L6+40
 146 0056 FFF7FEFF 		bl	CyDelayUs
 147              	.LVL8:
ARM GAS  C:\Users\THO~1\AppData\Local\Temp\ccH4A9UW.s 			page 8


 188:Generated_Source\PSoC4/cyfitter_cfg.c **** 	CY_SET_REG32((void *)CYREG_PERI_DIV_CMD, 0x8000FF40u);
 148              		.loc 1 188 0
 149 005a E822     		mov	r2, #232
 150 005c 5201     		lsl	r2, r2, #5
 151 005e 1C4B     		ldr	r3, .L6+44
 152 0060 1A60     		str	r2, [r3]
 189:Generated_Source\PSoC4/cyfitter_cfg.c **** 	CY_SET_REG32((void *)CYREG_PERI_DIV_16_CTL1, 0x00002200u);
 153              		.loc 1 189 0
 154 0062 1C4B     		ldr	r3, .L6+48
 155 0064 1C4A     		ldr	r2, .L6+52
 156 0066 1A60     		str	r2, [r3]
 190:Generated_Source\PSoC4/cyfitter_cfg.c **** 	CY_SET_REG32((void *)CYREG_PERI_DIV_CMD, 0x8000FF41u);
 157              		.loc 1 190 0
 158 0068 8821     		mov	r1, #136
 159 006a 8901     		lsl	r1, r1, #6
 160 006c 1B4A     		ldr	r2, .L6+56
 161 006e 1160     		str	r1, [r2]
 191:Generated_Source\PSoC4/cyfitter_cfg.c **** 
 162              		.loc 1 191 0
 163 0070 1B4A     		ldr	r2, .L6+60
 164 0072 1A60     		str	r2, [r3]
 194:Generated_Source\PSoC4/cyfitter_cfg.c **** 
 165              		.loc 1 194 0
 166 0074 8022     		mov	r2, #128
 167 0076 1206     		lsl	r2, r2, #24
 168 0078 1A4B     		ldr	r3, .L6+64
 169 007a 1A60     		str	r2, [r3]
 197:Generated_Source\PSoC4/cyfitter_cfg.c **** 
 170              		.loc 1 197 0
 171 007c 8022     		mov	r2, #128
 172 007e D202     		lsl	r2, r2, #11
 173 0080 194B     		ldr	r3, .L6+68
 174 0082 1A60     		str	r2, [r3]
 200:Generated_Source\PSoC4/cyfitter_cfg.c **** 
 175              		.loc 1 200 0
 176 0084 4022     		mov	r2, #64
 177 0086 194B     		ldr	r3, .L6+72
 178 0088 1A60     		str	r2, [r3]
 203:Generated_Source\PSoC4/cyfitter_cfg.c **** 
 179              		.loc 1 203 0
 180 008a 0132     		add	r2, r2, #1
 181 008c 184B     		ldr	r3, .L6+76
 182 008e 1A60     		str	r2, [r3]
 205:Generated_Source\PSoC4/cyfitter_cfg.c **** 	CyIntEnable(8u);
 183              		.loc 1 205 0
 184 0090 0820     		mov	r0, #8
 185 0092 1849     		ldr	r1, .L6+80
 186 0094 FFF7FEFF 		bl	CyIntSetVector
 187              	.LVL9:
 206:Generated_Source\PSoC4/cyfitter_cfg.c **** 	CY_SET_XTND_REG32((void CYFAR *)(CYREG_WDT_CONFIG), 0x40000000u);
 188              		.loc 1 206 0
 189 0098 0820     		mov	r0, #8
 190 009a FFF7FEFF 		bl	CyIntEnable
 191              	.LVL10:
 207:Generated_Source\PSoC4/cyfitter_cfg.c **** }
 192              		.loc 1 207 0
 193 009e 2560     		str	r5, [r4]
ARM GAS  C:\Users\THO~1\AppData\Local\Temp\ccH4A9UW.s 			page 9


 208:Generated_Source\PSoC4/cyfitter_cfg.c **** 
 194              		.loc 1 208 0
 195              		@ sp needed
 196 00a0 38BD     		pop	{r3, r4, r5, pc}
 197              	.L7:
 198 00a2 C046     		.align	2
 199              	.L6:
 200 00a4 30001040 		.word	1074790448
 201 00a8 001BB700 		.word	12000000
 202 00ac 06000080 		.word	-2147483642
 203 00b0 04010B40 		.word	1074462980
 204 00b4 0C020B40 		.word	1074463244
 205 00b8 78002E40 		.word	1076756600
 206 00bc 2D3E0000 		.word	15917
 207 00c0 7C002E40 		.word	1076756604
 208 00c4 64F02E40 		.word	1076818020
 209 00c8 6CF02E40 		.word	1076818028
 210 00cc DC050000 		.word	1500
 211 00d0 00030140 		.word	1073808128
 212 00d4 00000140 		.word	1073807360
 213 00d8 40FF0080 		.word	-2147418304
 214 00dc 04030140 		.word	1073808132
 215 00e0 41FF0080 		.word	-2147418303
 216 00e4 08010B40 		.word	1074462984
 217 00e8 00010B40 		.word	1074462976
 218 00ec 08010140 		.word	1073807624
 219 00f0 04010140 		.word	1073807620
 220 00f4 00000000 		.word	CySysWdtIsr
 221              		.cfi_endproc
 222              	.LFE5:
 223              		.size	ClockSetup, .-ClockSetup
 224              		.align	2
 225              		.global	cyfitter_cfg
 226              		.code	16
 227              		.thumb_func
 228              		.type	cyfitter_cfg, %function
 229              	cyfitter_cfg:
 230              	.LFB7:
 236:Generated_Source\PSoC4/cyfitter_cfg.c **** 
 237:Generated_Source\PSoC4/cyfitter_cfg.c **** #define CY_AMUX_UNUSED CYREG_CM0_ROM_DWT
 238:Generated_Source\PSoC4/cyfitter_cfg.c **** 
 239:Generated_Source\PSoC4/cyfitter_cfg.c **** 
 240:Generated_Source\PSoC4/cyfitter_cfg.c **** /*******************************************************************************
 241:Generated_Source\PSoC4/cyfitter_cfg.c **** * Function Name: cyfitter_cfg
 242:Generated_Source\PSoC4/cyfitter_cfg.c **** ********************************************************************************
 243:Generated_Source\PSoC4/cyfitter_cfg.c **** * Summary:
 244:Generated_Source\PSoC4/cyfitter_cfg.c **** *  This function is called by the start-up code for the selected device. It
 245:Generated_Source\PSoC4/cyfitter_cfg.c **** *  performs all of the necessary device configuration based on the design
 246:Generated_Source\PSoC4/cyfitter_cfg.c **** *  settings.  This includes settings from the Design Wide Resources (DWR) such
 247:Generated_Source\PSoC4/cyfitter_cfg.c **** *  as Clocks and Pins as well as any component configuration that is necessary.
 248:Generated_Source\PSoC4/cyfitter_cfg.c **** *
 249:Generated_Source\PSoC4/cyfitter_cfg.c **** * Parameters:  
 250:Generated_Source\PSoC4/cyfitter_cfg.c **** *   void
 251:Generated_Source\PSoC4/cyfitter_cfg.c **** *
 252:Generated_Source\PSoC4/cyfitter_cfg.c **** * Return:
 253:Generated_Source\PSoC4/cyfitter_cfg.c **** *   void
 254:Generated_Source\PSoC4/cyfitter_cfg.c **** *
ARM GAS  C:\Users\THO~1\AppData\Local\Temp\ccH4A9UW.s 			page 10


 255:Generated_Source\PSoC4/cyfitter_cfg.c **** *******************************************************************************/
 256:Generated_Source\PSoC4/cyfitter_cfg.c **** CY_CFG_SECTION
 257:Generated_Source\PSoC4/cyfitter_cfg.c **** void cyfitter_cfg(void)
 258:Generated_Source\PSoC4/cyfitter_cfg.c **** {
 231              		.loc 1 258 0
 232              		.cfi_startproc
 233 00f8 10B5     		push	{r4, lr}
 234              		.cfi_def_cfa_offset 8
 235              		.cfi_offset 4, -8
 236              		.cfi_offset 14, -4
 259:Generated_Source\PSoC4/cyfitter_cfg.c **** 	/* Disable interrupts by default. Let user enable if/when they want. */
 260:Generated_Source\PSoC4/cyfitter_cfg.c **** 	CyGlobalIntDisable;
 237              		.loc 1 260 0
 238              	@ 260 "Generated_Source\PSoC4\cyfitter_cfg.c" 1
 239 00fa 72B6     		CPSID   i
 240              	@ 0 "" 2
 261:Generated_Source\PSoC4/cyfitter_cfg.c **** 
 262:Generated_Source\PSoC4/cyfitter_cfg.c **** 	CY_SET_XTND_REG32((void CYFAR *)(CYREG_BLE_BLESS_LL_DSM_CTRL), 0x00000000u);
 241              		.loc 1 262 0
 242              		.code	16
 243 00fc 0022     		mov	r2, #0
 244 00fe 274B     		ldr	r3, .L11
 245 0100 1A60     		str	r2, [r3]
 246              	.LVL11:
 247              	.LBB2:
 263:Generated_Source\PSoC4/cyfitter_cfg.c **** 
 264:Generated_Source\PSoC4/cyfitter_cfg.c **** 	{
 265:Generated_Source\PSoC4/cyfitter_cfg.c **** 
 266:Generated_Source\PSoC4/cyfitter_cfg.c **** 		CYPACKED typedef struct {
 267:Generated_Source\PSoC4/cyfitter_cfg.c **** 			void CYFAR *address;
 268:Generated_Source\PSoC4/cyfitter_cfg.c **** 			uint16 size;
 269:Generated_Source\PSoC4/cyfitter_cfg.c **** 		} CYPACKED_ATTR cfg_memset_t;
 270:Generated_Source\PSoC4/cyfitter_cfg.c **** 
 271:Generated_Source\PSoC4/cyfitter_cfg.c **** 		static const cfg_memset_t CYCODE cfg_memset_list [] = {
 272:Generated_Source\PSoC4/cyfitter_cfg.c **** 			/* address, size */
 273:Generated_Source\PSoC4/cyfitter_cfg.c **** 			{(void CYFAR *)(CYDEV_UDB_P0_U0_BASE), 1024u},
 274:Generated_Source\PSoC4/cyfitter_cfg.c **** 			{(void CYFAR *)(CYDEV_UDB_DSI0_BASE), 1024u},
 275:Generated_Source\PSoC4/cyfitter_cfg.c **** 		};
 276:Generated_Source\PSoC4/cyfitter_cfg.c **** 
 277:Generated_Source\PSoC4/cyfitter_cfg.c **** 		uint8 CYDATA i;
 278:Generated_Source\PSoC4/cyfitter_cfg.c **** 
 279:Generated_Source\PSoC4/cyfitter_cfg.c **** 		/* Zero out critical memory blocks before beginning configuration */
 280:Generated_Source\PSoC4/cyfitter_cfg.c **** 		for (i = 0u; i < (sizeof(cfg_memset_list)/sizeof(cfg_memset_list[0])); i++)
 248              		.loc 1 280 0
 249 0102 0024     		mov	r4, #0
 250 0104 10E0     		b	.L9
 251              	.LVL12:
 252              	.L10:
 253              	.LBB3:
 281:Generated_Source\PSoC4/cyfitter_cfg.c **** 		{
 282:Generated_Source\PSoC4/cyfitter_cfg.c **** 			const cfg_memset_t CYCODE * CYDATA ms = &cfg_memset_list[i];
 283:Generated_Source\PSoC4/cyfitter_cfg.c **** 			CYMEMZERO(ms->address, (size_t)(uint32)(ms->size));
 254              		.loc 1 283 0 discriminator 3
 255 0106 2648     		ldr	r0, .L11+4
 256 0108 6300     		lsl	r3, r4, #1
 257 010a 1A19     		add	r2, r3, r4
 258 010c 5200     		lsl	r2, r2, #1
ARM GAS  C:\Users\THO~1\AppData\Local\Temp\ccH4A9UW.s 			page 11


 259 010e 8218     		add	r2, r0, r2
 260 0110 9188     		ldrh	r1, [r2, #4]
 261 0112 1B19     		add	r3, r3, r4
 262 0114 5B00     		lsl	r3, r3, #1
 263 0116 1A5A     		ldrh	r2, [r3, r0]
 264 0118 C318     		add	r3, r0, r3
 265 011a 5888     		ldrh	r0, [r3, #2]
 266 011c 0004     		lsl	r0, r0, #16
 267 011e 1043     		orr	r0, r2
 268 0120 FFF7FEFF 		bl	CYMEMZERO
 269              	.LVL13:
 270              	.LBE3:
 280:Generated_Source\PSoC4/cyfitter_cfg.c **** 		{
 271              		.loc 1 280 0 discriminator 3
 272 0124 0134     		add	r4, r4, #1
 273              	.LVL14:
 274 0126 E4B2     		uxtb	r4, r4
 275              	.LVL15:
 276              	.L9:
 280:Generated_Source\PSoC4/cyfitter_cfg.c **** 		{
 277              		.loc 1 280 0 is_stmt 0 discriminator 1
 278 0128 012C     		cmp	r4, #1
 279 012a ECD9     		bls	.L10
 284:Generated_Source\PSoC4/cyfitter_cfg.c **** 		}
 285:Generated_Source\PSoC4/cyfitter_cfg.c **** 
 286:Generated_Source\PSoC4/cyfitter_cfg.c **** 		/* HSIOM Starting address: CYDEV_HSIOM_BASE */
 287:Generated_Source\PSoC4/cyfitter_cfg.c **** 		CY_SET_XTND_REG32((void CYFAR *)(CYDEV_HSIOM_BASE), 0xEE9900EEu);
 280              		.loc 1 287 0 is_stmt 1
 281 012c 1D4A     		ldr	r2, .L11+8
 282 012e 1E4B     		ldr	r3, .L11+12
 283 0130 1A60     		str	r2, [r3]
 288:Generated_Source\PSoC4/cyfitter_cfg.c **** 
 289:Generated_Source\PSoC4/cyfitter_cfg.c **** 		/* UDB_PA_0 Starting address: CYDEV_UDB_PA0_BASE */
 290:Generated_Source\PSoC4/cyfitter_cfg.c **** 		CY_SET_XTND_REG32((void CYFAR *)(CYDEV_UDB_PA0_BASE), 0x00990000u);
 284              		.loc 1 290 0
 285 0132 9923     		mov	r3, #153
 286 0134 1B04     		lsl	r3, r3, #16
 287 0136 1D4A     		ldr	r2, .L11+16
 288 0138 1360     		str	r3, [r2]
 291:Generated_Source\PSoC4/cyfitter_cfg.c **** 
 292:Generated_Source\PSoC4/cyfitter_cfg.c **** 		/* UDB_PA_2 Starting address: CYDEV_UDB_PA2_BASE */
 293:Generated_Source\PSoC4/cyfitter_cfg.c **** 		CY_SET_XTND_REG32((void CYFAR *)(CYDEV_UDB_PA2_BASE), 0x00990000u);
 289              		.loc 1 293 0
 290 013a 1D4A     		ldr	r2, .L11+20
 291 013c 1360     		str	r3, [r2]
 294:Generated_Source\PSoC4/cyfitter_cfg.c **** 
 295:Generated_Source\PSoC4/cyfitter_cfg.c **** 		/* UDB_PA_3 Starting address: CYDEV_UDB_PA3_BASE */
 296:Generated_Source\PSoC4/cyfitter_cfg.c **** 		CY_SET_XTND_REG32((void CYFAR *)(CYDEV_UDB_PA3_BASE), 0x00990000u);
 292              		.loc 1 296 0
 293 013e 1D4A     		ldr	r2, .L11+24
 294 0140 1360     		str	r3, [r2]
 297:Generated_Source\PSoC4/cyfitter_cfg.c **** 
 298:Generated_Source\PSoC4/cyfitter_cfg.c **** 		/* Enable digital routing */
 299:Generated_Source\PSoC4/cyfitter_cfg.c **** 		CY_SET_XTND_REG8((void *)CYREG_UDB_UDBIF_BANK_CTL, CY_GET_XTND_REG8((void *)CYREG_UDB_UDBIF_BANK_
 295              		.loc 1 299 0
 296 0142 1D4B     		ldr	r3, .L11+28
 297 0144 1978     		ldrb	r1, [r3]
ARM GAS  C:\Users\THO~1\AppData\Local\Temp\ccH4A9UW.s 			page 12


 298 0146 0222     		mov	r2, #2
 299 0148 0A43     		orr	r2, r1
 300 014a 1A70     		strb	r2, [r3]
 300:Generated_Source\PSoC4/cyfitter_cfg.c **** 
 301:Generated_Source\PSoC4/cyfitter_cfg.c **** 		/* Enable UDB array */
 302:Generated_Source\PSoC4/cyfitter_cfg.c **** 		CY_SET_XTND_REG8((void *)CYREG_UDB_UDBIF_WAIT_CFG, (uint8)((CY_GET_XTND_REG8((void *)CYREG_UDB_UD
 301              		.loc 1 302 0
 302 014c 1B48     		ldr	r0, .L11+32
 303 014e 0278     		ldrb	r2, [r0]
 304 0150 3C21     		mov	r1, #60
 305 0152 8A43     		bic	r2, r1
 306 0154 2839     		sub	r1, r1, #40
 307 0156 0A43     		orr	r2, r1
 308 0158 0270     		strb	r2, [r0]
 303:Generated_Source\PSoC4/cyfitter_cfg.c **** 		CY_SET_XTND_REG8((void *)CYREG_UDB_UDBIF_BANK_CTL, (uint8)(CY_GET_XTND_REG8((void *)CYREG_UDB_UDB
 309              		.loc 1 303 0
 310 015a 1978     		ldrb	r1, [r3]
 311 015c 1622     		mov	r2, #22
 312 015e 0A43     		orr	r2, r1
 313 0160 1A70     		strb	r2, [r3]
 314              	.LBE2:
 304:Generated_Source\PSoC4/cyfitter_cfg.c **** 	}
 305:Generated_Source\PSoC4/cyfitter_cfg.c **** 
 306:Generated_Source\PSoC4/cyfitter_cfg.c **** 	/* Perform second pass device configuration. These items must be configured in specific order afte
 307:Generated_Source\PSoC4/cyfitter_cfg.c **** 	/* IOPINS0_0 Starting address: CYDEV_GPIO_PRT0_BASE */
 308:Generated_Source\PSoC4/cyfitter_cfg.c **** 	CY_SET_XTND_REG32((void CYFAR *)(CYDEV_GPIO_PRT0_BASE), 0x00000023u);
 315              		.loc 1 308 0
 316 0162 2322     		mov	r2, #35
 317 0164 164B     		ldr	r3, .L11+36
 318 0166 1A60     		str	r2, [r3]
 309:Generated_Source\PSoC4/cyfitter_cfg.c **** 	CY_SET_XTND_REG32((void CYFAR *)(CYREG_GPIO_PRT0_PC), 0x00DB1024u);
 319              		.loc 1 309 0
 320 0168 164A     		ldr	r2, .L11+40
 321 016a 174B     		ldr	r3, .L11+44
 322 016c 1A60     		str	r2, [r3]
 310:Generated_Source\PSoC4/cyfitter_cfg.c **** 	CY_SET_XTND_REG32((void CYFAR *)(CYREG_GPIO_PRT0_PC2), 0x00000020u);
 323              		.loc 1 310 0
 324 016e 2022     		mov	r2, #32
 325 0170 164B     		ldr	r3, .L11+48
 326 0172 1A60     		str	r2, [r3]
 311:Generated_Source\PSoC4/cyfitter_cfg.c **** 
 312:Generated_Source\PSoC4/cyfitter_cfg.c **** 	/* IOPINS0_2 Starting address: CYDEV_GPIO_PRT2_BASE */
 313:Generated_Source\PSoC4/cyfitter_cfg.c **** 	CY_SET_XTND_REG32((void CYFAR *)(CYDEV_GPIO_PRT2_BASE), 0x00000080u);
 327              		.loc 1 313 0
 328 0174 6032     		add	r2, r2, #96
 329 0176 164B     		ldr	r3, .L11+52
 330 0178 1A60     		str	r2, [r3]
 314:Generated_Source\PSoC4/cyfitter_cfg.c **** 	CY_SET_XTND_REG32((void CYFAR *)(CYREG_GPIO_PRT2_PC), 0x00580000u);
 331              		.loc 1 314 0
 332 017a B022     		mov	r2, #176
 333 017c D203     		lsl	r2, r2, #15
 334 017e 154B     		ldr	r3, .L11+56
 335 0180 1A60     		str	r2, [r3]
 315:Generated_Source\PSoC4/cyfitter_cfg.c **** 	CY_SET_XTND_REG32((void CYFAR *)(CYREG_GPIO_PRT2_INTR_CFG), 0x00008000u);
 336              		.loc 1 315 0
 337 0182 8022     		mov	r2, #128
 338 0184 1202     		lsl	r2, r2, #8
ARM GAS  C:\Users\THO~1\AppData\Local\Temp\ccH4A9UW.s 			page 13


 339 0186 144B     		ldr	r3, .L11+60
 340 0188 1A60     		str	r2, [r3]
 316:Generated_Source\PSoC4/cyfitter_cfg.c **** 
 317:Generated_Source\PSoC4/cyfitter_cfg.c **** 	/* IOPINS0_3 Starting address: CYDEV_GPIO_PRT3_BASE */
 318:Generated_Source\PSoC4/cyfitter_cfg.c **** 	CY_SET_XTND_REG32((void CYFAR *)(CYREG_GPIO_PRT3_PC), 0x00D80000u);
 341              		.loc 1 318 0
 342 018a D822     		mov	r2, #216
 343 018c 1204     		lsl	r2, r2, #16
 344 018e 134B     		ldr	r3, .L11+64
 345 0190 1A60     		str	r2, [r3]
 319:Generated_Source\PSoC4/cyfitter_cfg.c **** 
 320:Generated_Source\PSoC4/cyfitter_cfg.c **** 
 321:Generated_Source\PSoC4/cyfitter_cfg.c **** 	/* Setup clocks based on selections from Clock DWR */
 322:Generated_Source\PSoC4/cyfitter_cfg.c **** 	ClockSetup();
 346              		.loc 1 322 0
 347 0192 FFF735FF 		bl	ClockSetup
 348              	.LVL16:
 323:Generated_Source\PSoC4/cyfitter_cfg.c **** 
 324:Generated_Source\PSoC4/cyfitter_cfg.c **** 	/* Perform basic analog initialization to defaults */
 325:Generated_Source\PSoC4/cyfitter_cfg.c **** 	AnalogSetDefault();
 349              		.loc 1 325 0
 350 0196 FFF7FEFF 		bl	AnalogSetDefault
 351              	.LVL17:
 326:Generated_Source\PSoC4/cyfitter_cfg.c **** 
 327:Generated_Source\PSoC4/cyfitter_cfg.c **** }
 352              		.loc 1 327 0
 353              		@ sp needed
 354              	.LVL18:
 355 019a 10BD     		pop	{r4, pc}
 356              	.L12:
 357              		.align	2
 358              	.L11:
 359 019c 6CF02E40 		.word	1076818028
 360 01a0 00000000 		.word	.LANCHOR0
 361 01a4 EE0099EE 		.word	-291962642
 362 01a8 00000240 		.word	1073872896
 363 01ac 00500F40 		.word	1074745344
 364 01b0 20500F40 		.word	1074745376
 365 01b4 30500F40 		.word	1074745392
 366 01b8 00700F40 		.word	1074753536
 367 01bc 01700F40 		.word	1074753537
 368 01c0 00000440 		.word	1074003968
 369 01c4 2410DB00 		.word	14356516
 370 01c8 08000440 		.word	1074003976
 371 01cc 18000440 		.word	1074003992
 372 01d0 00020440 		.word	1074004480
 373 01d4 08020440 		.word	1074004488
 374 01d8 0C020440 		.word	1074004492
 375 01dc 08030440 		.word	1074004744
 376              		.cfi_endproc
 377              	.LFE7:
 378              		.size	cyfitter_cfg, .-cyfitter_cfg
 379              		.section	.rodata
 380              		.align	2
 381              		.set	.LANCHOR0,. + 0
 382              		.type	cfg_memset_list.4762, %object
 383              		.size	cfg_memset_list.4762, 12
ARM GAS  C:\Users\THO~1\AppData\Local\Temp\ccH4A9UW.s 			page 14


 384              	cfg_memset_list.4762:
 385 0000 00300F40 		.word	1074737152
 386 0004 0004     		.short	1024
 387 0006 00400F40 		.4byte	1074741248
 388 000a 0004     		.short	1024
 389              		.text
 390              	.Letext0:
 391              		.file 2 "c:\\program files (x86)\\cypress\\psoc creator\\4.0\\psoc creator\\import\\gnu\\arm\\4.9.
 392              		.file 3 "Generated_Source\\PSoC4\\cytypes.h"
 393              		.file 4 "Generated_Source\\PSoC4\\CyLib.h"
 394              		.file 5 "Generated_Source\\PSoC4\\CyLFClk.h"
 395              		.section	.debug_info,"",%progbits
 396              	.Ldebug_info0:
 397 0000 6E030000 		.4byte	0x36e
 398 0004 0400     		.2byte	0x4
 399 0006 00000000 		.4byte	.Ldebug_abbrev0
 400 000a 04       		.byte	0x4
 401 000b 01       		.uleb128 0x1
 402 000c D6010000 		.4byte	.LASF34
 403 0010 01       		.byte	0x1
 404 0011 98020000 		.4byte	.LASF35
 405 0015 56000000 		.4byte	.LASF36
 406 0019 00000000 		.4byte	.Ldebug_ranges0+0
 407 001d 00000000 		.4byte	0
 408 0021 00000000 		.4byte	.Ldebug_line0
 409 0025 02       		.uleb128 0x2
 410 0026 04       		.byte	0x4
 411 0027 05       		.byte	0x5
 412 0028 696E7400 		.ascii	"int\000"
 413 002c 03       		.uleb128 0x3
 414 002d 14000000 		.4byte	.LASF11
 415 0031 02       		.byte	0x2
 416 0032 D4       		.byte	0xd4
 417 0033 37000000 		.4byte	0x37
 418 0037 04       		.uleb128 0x4
 419 0038 04       		.byte	0x4
 420 0039 07       		.byte	0x7
 421 003a 4C010000 		.4byte	.LASF0
 422 003e 04       		.uleb128 0x4
 423 003f 01       		.byte	0x1
 424 0040 06       		.byte	0x6
 425 0041 8C020000 		.4byte	.LASF1
 426 0045 04       		.uleb128 0x4
 427 0046 01       		.byte	0x1
 428 0047 08       		.byte	0x8
 429 0048 0D010000 		.4byte	.LASF2
 430 004c 04       		.uleb128 0x4
 431 004d 02       		.byte	0x2
 432 004e 05       		.byte	0x5
 433 004f 64020000 		.4byte	.LASF3
 434 0053 04       		.uleb128 0x4
 435 0054 02       		.byte	0x2
 436 0055 07       		.byte	0x7
 437 0056 9F000000 		.4byte	.LASF4
 438 005a 04       		.uleb128 0x4
 439 005b 04       		.byte	0x4
 440 005c 05       		.byte	0x5
ARM GAS  C:\Users\THO~1\AppData\Local\Temp\ccH4A9UW.s 			page 15


 441 005d 83020000 		.4byte	.LASF5
 442 0061 04       		.uleb128 0x4
 443 0062 04       		.byte	0x4
 444 0063 07       		.byte	0x7
 445 0064 DA000000 		.4byte	.LASF6
 446 0068 04       		.uleb128 0x4
 447 0069 08       		.byte	0x8
 448 006a 05       		.byte	0x5
 449 006b A8010000 		.4byte	.LASF7
 450 006f 04       		.uleb128 0x4
 451 0070 08       		.byte	0x8
 452 0071 07       		.byte	0x7
 453 0072 6E010000 		.4byte	.LASF8
 454 0076 04       		.uleb128 0x4
 455 0077 04       		.byte	0x4
 456 0078 07       		.byte	0x7
 457 0079 9F010000 		.4byte	.LASF9
 458 007d 05       		.uleb128 0x5
 459 007e 04       		.byte	0x4
 460 007f 06       		.uleb128 0x6
 461 0080 04       		.byte	0x4
 462 0081 85000000 		.4byte	0x85
 463 0085 07       		.uleb128 0x7
 464 0086 04       		.uleb128 0x4
 465 0087 01       		.byte	0x1
 466 0088 08       		.byte	0x8
 467 0089 C0010000 		.4byte	.LASF10
 468 008d 08       		.uleb128 0x8
 469 008e EC000000 		.4byte	.LASF12
 470 0092 03       		.byte	0x3
 471 0093 B901     		.2byte	0x1b9
 472 0095 45000000 		.4byte	0x45
 473 0099 08       		.uleb128 0x8
 474 009a 35010000 		.4byte	.LASF13
 475 009e 03       		.byte	0x3
 476 009f BA01     		.2byte	0x1ba
 477 00a1 53000000 		.4byte	0x53
 478 00a5 08       		.uleb128 0x8
 479 00a6 45010000 		.4byte	.LASF14
 480 00aa 03       		.byte	0x3
 481 00ab BB01     		.2byte	0x1bb
 482 00ad 61000000 		.4byte	0x61
 483 00b1 04       		.uleb128 0x4
 484 00b2 04       		.byte	0x4
 485 00b3 04       		.byte	0x4
 486 00b4 B2000000 		.4byte	.LASF15
 487 00b8 04       		.uleb128 0x4
 488 00b9 08       		.byte	0x8
 489 00ba 04       		.byte	0x4
 490 00bb 22010000 		.4byte	.LASF16
 491 00bf 08       		.uleb128 0x8
 492 00c0 3C010000 		.4byte	.LASF17
 493 00c4 03       		.byte	0x3
 494 00c5 5B02     		.2byte	0x25b
 495 00c7 61000000 		.4byte	0x61
 496 00cb 08       		.uleb128 0x8
 497 00cc D5000000 		.4byte	.LASF18
ARM GAS  C:\Users\THO~1\AppData\Local\Temp\ccH4A9UW.s 			page 16


 498 00d0 03       		.byte	0x3
 499 00d1 6302     		.2byte	0x263
 500 00d3 D7000000 		.4byte	0xd7
 501 00d7 09       		.uleb128 0x9
 502 00d8 8D000000 		.4byte	0x8d
 503 00dc 08       		.uleb128 0x8
 504 00dd 0E000000 		.4byte	.LASF19
 505 00e1 03       		.byte	0x3
 506 00e2 6502     		.2byte	0x265
 507 00e4 E8000000 		.4byte	0xe8
 508 00e8 09       		.uleb128 0x9
 509 00e9 A5000000 		.4byte	0xa5
 510 00ed 08       		.uleb128 0x8
 511 00ee 85010000 		.4byte	.LASF20
 512 00f2 03       		.byte	0x3
 513 00f3 7502     		.2byte	0x275
 514 00f5 7F000000 		.4byte	0x7f
 515 00f9 0A       		.uleb128 0xa
 516 00fa 1B000000 		.4byte	.LASF37
 517 00fe 01       		.byte	0x1
 518 00ff E6       		.byte	0xe6
 519 0100 00000000 		.4byte	.LFB6
 520 0104 20000000 		.4byte	.LFE6-.LFB6
 521 0108 01       		.uleb128 0x1
 522 0109 9C       		.byte	0x9c
 523 010a 0B       		.uleb128 0xb
 524 010b 03010000 		.4byte	.LASF21
 525 010f 01       		.byte	0x1
 526 0110 3E       		.byte	0x3e
 527 0111 00000000 		.4byte	.LFB2
 528 0115 0C000000 		.4byte	.LFE2-.LFB2
 529 0119 01       		.uleb128 0x1
 530 011a 9C       		.byte	0x9c
 531 011b 57010000 		.4byte	0x157
 532 011f 0C       		.uleb128 0xc
 533 0120 7300     		.ascii	"s\000"
 534 0122 01       		.byte	0x1
 535 0123 3E       		.byte	0x3e
 536 0124 7D000000 		.4byte	0x7d
 537 0128 00000000 		.4byte	.LLST0
 538 012c 0C       		.uleb128 0xc
 539 012d 6E00     		.ascii	"n\000"
 540 012f 01       		.byte	0x1
 541 0130 3E       		.byte	0x3e
 542 0131 2C000000 		.4byte	0x2c
 543 0135 21000000 		.4byte	.LLST1
 544 0139 0D       		.uleb128 0xd
 545 013a 0A000000 		.4byte	.LVL2
 546 013e C9020000 		.4byte	0x2c9
 547 0142 0E       		.uleb128 0xe
 548 0143 01       		.uleb128 0x1
 549 0144 52       		.byte	0x52
 550 0145 03       		.uleb128 0x3
 551 0146 F3       		.byte	0xf3
 552 0147 01       		.uleb128 0x1
 553 0148 51       		.byte	0x51
 554 0149 0E       		.uleb128 0xe
ARM GAS  C:\Users\THO~1\AppData\Local\Temp\ccH4A9UW.s 			page 17


 555 014a 01       		.uleb128 0x1
 556 014b 51       		.byte	0x51
 557 014c 01       		.uleb128 0x1
 558 014d 30       		.byte	0x30
 559 014e 0E       		.uleb128 0xe
 560 014f 01       		.uleb128 0x1
 561 0150 50       		.byte	0x50
 562 0151 03       		.uleb128 0x3
 563 0152 F3       		.byte	0xf3
 564 0153 01       		.uleb128 0x1
 565 0154 50       		.byte	0x50
 566 0155 00       		.byte	0
 567 0156 00       		.byte	0
 568 0157 0B       		.uleb128 0xb
 569 0158 4B000000 		.4byte	.LASF22
 570 015c 01       		.byte	0x1
 571 015d 9C       		.byte	0x9c
 572 015e 00000000 		.4byte	.LFB5
 573 0162 F8000000 		.4byte	.LFE5-.LFB5
 574 0166 01       		.uleb128 0x1
 575 0167 9C       		.byte	0x9c
 576 0168 00020000 		.4byte	0x200
 577 016c 0F       		.uleb128 0xf
 578 016d 0C000000 		.4byte	.LVL3
 579 0171 E6020000 		.4byte	0x2e6
 580 0175 10       		.uleb128 0x10
 581 0176 12000000 		.4byte	.LVL4
 582 017a ED020000 		.4byte	0x2ed
 583 017e 8C010000 		.4byte	0x18c
 584 0182 0E       		.uleb128 0xe
 585 0183 01       		.uleb128 0x1
 586 0184 50       		.byte	0x50
 587 0185 05       		.uleb128 0x5
 588 0186 0C       		.byte	0xc
 589 0187 001BB700 		.4byte	0xb71b00
 590 018b 00       		.byte	0
 591 018c 10       		.uleb128 0x10
 592 018d 18000000 		.4byte	.LVL5
 593 0191 FE020000 		.4byte	0x2fe
 594 0195 9F010000 		.4byte	0x19f
 595 0199 0E       		.uleb128 0xe
 596 019a 01       		.uleb128 0x1
 597 019b 50       		.byte	0x50
 598 019c 01       		.uleb128 0x1
 599 019d 31       		.byte	0x31
 600 019e 00       		.byte	0
 601 019f 10       		.uleb128 0x10
 602 01a0 1E000000 		.4byte	.LVL6
 603 01a4 13030000 		.4byte	0x313
 604 01a8 B3010000 		.4byte	0x1b3
 605 01ac 0E       		.uleb128 0xe
 606 01ad 01       		.uleb128 0x1
 607 01ae 50       		.byte	0x50
 608 01af 02       		.uleb128 0x2
 609 01b0 08       		.byte	0x8
 610 01b1 30       		.byte	0x30
 611 01b2 00       		.byte	0
ARM GAS  C:\Users\THO~1\AppData\Local\Temp\ccH4A9UW.s 			page 18


 612 01b3 10       		.uleb128 0x10
 613 01b4 54000000 		.4byte	.LVL7
 614 01b8 24030000 		.4byte	0x324
 615 01bc C8010000 		.4byte	0x1c8
 616 01c0 0E       		.uleb128 0xe
 617 01c1 01       		.uleb128 0x1
 618 01c2 50       		.byte	0x50
 619 01c3 03       		.uleb128 0x3
 620 01c4 0A       		.byte	0xa
 621 01c5 D007     		.2byte	0x7d0
 622 01c7 00       		.byte	0
 623 01c8 10       		.uleb128 0x10
 624 01c9 5A000000 		.4byte	.LVL8
 625 01cd 39030000 		.4byte	0x339
 626 01d1 DD010000 		.4byte	0x1dd
 627 01d5 0E       		.uleb128 0xe
 628 01d6 01       		.uleb128 0x1
 629 01d7 50       		.byte	0x50
 630 01d8 03       		.uleb128 0x3
 631 01d9 0A       		.byte	0xa
 632 01da DC05     		.2byte	0x5dc
 633 01dc 00       		.byte	0
 634 01dd 10       		.uleb128 0x10
 635 01de 98000000 		.4byte	.LVL9
 636 01e2 4A030000 		.4byte	0x34a
 637 01e6 F0010000 		.4byte	0x1f0
 638 01ea 0E       		.uleb128 0xe
 639 01eb 01       		.uleb128 0x1
 640 01ec 50       		.byte	0x50
 641 01ed 01       		.uleb128 0x1
 642 01ee 38       		.byte	0x38
 643 01ef 00       		.byte	0
 644 01f0 0D       		.uleb128 0xd
 645 01f1 9E000000 		.4byte	.LVL10
 646 01f5 64030000 		.4byte	0x364
 647 01f9 0E       		.uleb128 0xe
 648 01fa 01       		.uleb128 0x1
 649 01fb 50       		.byte	0x50
 650 01fc 01       		.uleb128 0x1
 651 01fd 38       		.byte	0x38
 652 01fe 00       		.byte	0
 653 01ff 00       		.byte	0
 654 0200 11       		.uleb128 0x11
 655 0201 59010000 		.4byte	.LASF38
 656 0205 01       		.byte	0x1
 657 0206 0101     		.2byte	0x101
 658 0208 F8000000 		.4byte	.LFB7
 659 020c E8000000 		.4byte	.LFE7-.LFB7
 660 0210 01       		.uleb128 0x1
 661 0211 9C       		.byte	0x9c
 662 0212 C9020000 		.4byte	0x2c9
 663 0216 12       		.uleb128 0x12
 664 0217 02010000 		.4byte	.LBB2
 665 021b 60000000 		.4byte	.LBE2-.LBB2
 666 021f B6020000 		.4byte	0x2b6
 667 0223 13       		.uleb128 0x13
 668 0224 06       		.byte	0x6
ARM GAS  C:\Users\THO~1\AppData\Local\Temp\ccH4A9UW.s 			page 19


 669 0225 01       		.byte	0x1
 670 0226 0A01     		.2byte	0x10a
 671 0228 47020000 		.4byte	0x247
 672 022c 14       		.uleb128 0x14
 673 022d 66010000 		.4byte	.LASF23
 674 0231 01       		.byte	0x1
 675 0232 0B01     		.2byte	0x10b
 676 0234 7D000000 		.4byte	0x7d
 677 0238 00       		.byte	0
 678 0239 14       		.uleb128 0x14
 679 023a B8000000 		.4byte	.LASF24
 680 023e 01       		.byte	0x1
 681 023f 0C01     		.2byte	0x10c
 682 0241 99000000 		.4byte	0x99
 683 0245 04       		.byte	0x4
 684 0246 00       		.byte	0
 685 0247 08       		.uleb128 0x8
 686 0248 92010000 		.4byte	.LASF25
 687 024c 01       		.byte	0x1
 688 024d 0D01     		.2byte	0x10d
 689 024f 23020000 		.4byte	0x223
 690 0253 15       		.uleb128 0x15
 691 0254 47020000 		.4byte	0x247
 692 0258 63020000 		.4byte	0x263
 693 025c 16       		.uleb128 0x16
 694 025d 76000000 		.4byte	0x76
 695 0261 01       		.byte	0x1
 696 0262 00       		.byte	0
 697 0263 17       		.uleb128 0x17
 698 0264 3B000000 		.4byte	.LASF26
 699 0268 01       		.byte	0x1
 700 0269 0F01     		.2byte	0x10f
 701 026b 75020000 		.4byte	0x275
 702 026f 05       		.uleb128 0x5
 703 0270 03       		.byte	0x3
 704 0271 00000000 		.4byte	cfg_memset_list.4762
 705 0275 18       		.uleb128 0x18
 706 0276 53020000 		.4byte	0x253
 707 027a 19       		.uleb128 0x19
 708 027b 6900     		.ascii	"i\000"
 709 027d 01       		.byte	0x1
 710 027e 1501     		.2byte	0x115
 711 0280 8D000000 		.4byte	0x8d
 712 0284 4D000000 		.4byte	.LLST2
 713 0288 1A       		.uleb128 0x1a
 714 0289 06010000 		.4byte	.LBB3
 715 028d 1E000000 		.4byte	.LBE3-.LBB3
 716 0291 19       		.uleb128 0x19
 717 0292 6D7300   		.ascii	"ms\000"
 718 0295 01       		.byte	0x1
 719 0296 1A01     		.2byte	0x11a
 720 0298 A0020000 		.4byte	0x2a0
 721 029c 77000000 		.4byte	.LLST3
 722 02a0 06       		.uleb128 0x6
 723 02a1 04       		.byte	0x4
 724 02a2 A6020000 		.4byte	0x2a6
 725 02a6 18       		.uleb128 0x18
ARM GAS  C:\Users\THO~1\AppData\Local\Temp\ccH4A9UW.s 			page 20


 726 02a7 47020000 		.4byte	0x247
 727 02ab 0F       		.uleb128 0xf
 728 02ac 24010000 		.4byte	.LVL13
 729 02b0 0A010000 		.4byte	0x10a
 730 02b4 00       		.byte	0
 731 02b5 00       		.byte	0
 732 02b6 0F       		.uleb128 0xf
 733 02b7 96010000 		.4byte	.LVL16
 734 02bb 57010000 		.4byte	0x157
 735 02bf 0F       		.uleb128 0xf
 736 02c0 9A010000 		.4byte	.LVL17
 737 02c4 F9000000 		.4byte	0xf9
 738 02c8 00       		.byte	0
 739 02c9 1B       		.uleb128 0x1b
 740 02ca 1B010000 		.4byte	.LASF27
 741 02ce 7D000000 		.4byte	0x7d
 742 02d2 E6020000 		.4byte	0x2e6
 743 02d6 1C       		.uleb128 0x1c
 744 02d7 7D000000 		.4byte	0x7d
 745 02db 1C       		.uleb128 0x1c
 746 02dc 25000000 		.4byte	0x25
 747 02e0 1C       		.uleb128 0x1c
 748 02e1 76000000 		.4byte	0x76
 749 02e5 00       		.byte	0
 750 02e6 1D       		.uleb128 0x1d
 751 02e7 F2000000 		.4byte	.LASF39
 752 02eb 05       		.byte	0x5
 753 02ec 4F       		.byte	0x4f
 754 02ed 1E       		.uleb128 0x1e
 755 02ee 00000000 		.4byte	.LASF28
 756 02f2 04       		.byte	0x4
 757 02f3 DC       		.byte	0xdc
 758 02f4 FE020000 		.4byte	0x2fe
 759 02f8 1C       		.uleb128 0x1c
 760 02f9 A5000000 		.4byte	0xa5
 761 02fd 00       		.byte	0
 762 02fe 1F       		.uleb128 0x1f
 763 02ff BD000000 		.4byte	.LASF30
 764 0303 05       		.byte	0x5
 765 0304 51       		.byte	0x51
 766 0305 A5000000 		.4byte	0xa5
 767 0309 13030000 		.4byte	0x313
 768 030d 1C       		.uleb128 0x1c
 769 030e A5000000 		.4byte	0xa5
 770 0312 00       		.byte	0
 771 0313 1E       		.uleb128 0x1e
 772 0314 6E020000 		.4byte	.LASF29
 773 0318 04       		.byte	0x4
 774 0319 6C       		.byte	0x6c
 775 031a 24030000 		.4byte	0x324
 776 031e 1C       		.uleb128 0x1c
 777 031f A5000000 		.4byte	0xa5
 778 0323 00       		.byte	0
 779 0324 1F       		.uleb128 0x1f
 780 0325 C5010000 		.4byte	.LASF31
 781 0329 04       		.byte	0x4
 782 032a 84       		.byte	0x84
ARM GAS  C:\Users\THO~1\AppData\Local\Temp\ccH4A9UW.s 			page 21


 783 032b BF000000 		.4byte	0xbf
 784 032f 39030000 		.4byte	0x339
 785 0333 1C       		.uleb128 0x1c
 786 0334 A5000000 		.4byte	0xa5
 787 0338 00       		.byte	0
 788 0339 1E       		.uleb128 0x1e
 789 033a B6010000 		.4byte	.LASF32
 790 033e 04       		.byte	0x4
 791 033f DA       		.byte	0xda
 792 0340 4A030000 		.4byte	0x34a
 793 0344 1C       		.uleb128 0x1c
 794 0345 99000000 		.4byte	0x99
 795 0349 00       		.byte	0
 796 034a 1F       		.uleb128 0x1f
 797 034b 2C000000 		.4byte	.LASF33
 798 034f 04       		.byte	0x4
 799 0350 BD       		.byte	0xbd
 800 0351 ED000000 		.4byte	0xed
 801 0355 64030000 		.4byte	0x364
 802 0359 1C       		.uleb128 0x1c
 803 035a 8D000000 		.4byte	0x8d
 804 035e 1C       		.uleb128 0x1c
 805 035f ED000000 		.4byte	0xed
 806 0363 00       		.byte	0
 807 0364 20       		.uleb128 0x20
 808 0365 29010000 		.4byte	.LASF40
 809 0369 04       		.byte	0x4
 810 036a C3       		.byte	0xc3
 811 036b 1C       		.uleb128 0x1c
 812 036c 8D000000 		.4byte	0x8d
 813 0370 00       		.byte	0
 814 0371 00       		.byte	0
 815              		.section	.debug_abbrev,"",%progbits
 816              	.Ldebug_abbrev0:
 817 0000 01       		.uleb128 0x1
 818 0001 11       		.uleb128 0x11
 819 0002 01       		.byte	0x1
 820 0003 25       		.uleb128 0x25
 821 0004 0E       		.uleb128 0xe
 822 0005 13       		.uleb128 0x13
 823 0006 0B       		.uleb128 0xb
 824 0007 03       		.uleb128 0x3
 825 0008 0E       		.uleb128 0xe
 826 0009 1B       		.uleb128 0x1b
 827 000a 0E       		.uleb128 0xe
 828 000b 55       		.uleb128 0x55
 829 000c 17       		.uleb128 0x17
 830 000d 11       		.uleb128 0x11
 831 000e 01       		.uleb128 0x1
 832 000f 10       		.uleb128 0x10
 833 0010 17       		.uleb128 0x17
 834 0011 00       		.byte	0
 835 0012 00       		.byte	0
 836 0013 02       		.uleb128 0x2
 837 0014 24       		.uleb128 0x24
 838 0015 00       		.byte	0
 839 0016 0B       		.uleb128 0xb
ARM GAS  C:\Users\THO~1\AppData\Local\Temp\ccH4A9UW.s 			page 22


 840 0017 0B       		.uleb128 0xb
 841 0018 3E       		.uleb128 0x3e
 842 0019 0B       		.uleb128 0xb
 843 001a 03       		.uleb128 0x3
 844 001b 08       		.uleb128 0x8
 845 001c 00       		.byte	0
 846 001d 00       		.byte	0
 847 001e 03       		.uleb128 0x3
 848 001f 16       		.uleb128 0x16
 849 0020 00       		.byte	0
 850 0021 03       		.uleb128 0x3
 851 0022 0E       		.uleb128 0xe
 852 0023 3A       		.uleb128 0x3a
 853 0024 0B       		.uleb128 0xb
 854 0025 3B       		.uleb128 0x3b
 855 0026 0B       		.uleb128 0xb
 856 0027 49       		.uleb128 0x49
 857 0028 13       		.uleb128 0x13
 858 0029 00       		.byte	0
 859 002a 00       		.byte	0
 860 002b 04       		.uleb128 0x4
 861 002c 24       		.uleb128 0x24
 862 002d 00       		.byte	0
 863 002e 0B       		.uleb128 0xb
 864 002f 0B       		.uleb128 0xb
 865 0030 3E       		.uleb128 0x3e
 866 0031 0B       		.uleb128 0xb
 867 0032 03       		.uleb128 0x3
 868 0033 0E       		.uleb128 0xe
 869 0034 00       		.byte	0
 870 0035 00       		.byte	0
 871 0036 05       		.uleb128 0x5
 872 0037 0F       		.uleb128 0xf
 873 0038 00       		.byte	0
 874 0039 0B       		.uleb128 0xb
 875 003a 0B       		.uleb128 0xb
 876 003b 00       		.byte	0
 877 003c 00       		.byte	0
 878 003d 06       		.uleb128 0x6
 879 003e 0F       		.uleb128 0xf
 880 003f 00       		.byte	0
 881 0040 0B       		.uleb128 0xb
 882 0041 0B       		.uleb128 0xb
 883 0042 49       		.uleb128 0x49
 884 0043 13       		.uleb128 0x13
 885 0044 00       		.byte	0
 886 0045 00       		.byte	0
 887 0046 07       		.uleb128 0x7
 888 0047 15       		.uleb128 0x15
 889 0048 00       		.byte	0
 890 0049 27       		.uleb128 0x27
 891 004a 19       		.uleb128 0x19
 892 004b 00       		.byte	0
 893 004c 00       		.byte	0
 894 004d 08       		.uleb128 0x8
 895 004e 16       		.uleb128 0x16
 896 004f 00       		.byte	0
ARM GAS  C:\Users\THO~1\AppData\Local\Temp\ccH4A9UW.s 			page 23


 897 0050 03       		.uleb128 0x3
 898 0051 0E       		.uleb128 0xe
 899 0052 3A       		.uleb128 0x3a
 900 0053 0B       		.uleb128 0xb
 901 0054 3B       		.uleb128 0x3b
 902 0055 05       		.uleb128 0x5
 903 0056 49       		.uleb128 0x49
 904 0057 13       		.uleb128 0x13
 905 0058 00       		.byte	0
 906 0059 00       		.byte	0
 907 005a 09       		.uleb128 0x9
 908 005b 35       		.uleb128 0x35
 909 005c 00       		.byte	0
 910 005d 49       		.uleb128 0x49
 911 005e 13       		.uleb128 0x13
 912 005f 00       		.byte	0
 913 0060 00       		.byte	0
 914 0061 0A       		.uleb128 0xa
 915 0062 2E       		.uleb128 0x2e
 916 0063 00       		.byte	0
 917 0064 03       		.uleb128 0x3
 918 0065 0E       		.uleb128 0xe
 919 0066 3A       		.uleb128 0x3a
 920 0067 0B       		.uleb128 0xb
 921 0068 3B       		.uleb128 0x3b
 922 0069 0B       		.uleb128 0xb
 923 006a 27       		.uleb128 0x27
 924 006b 19       		.uleb128 0x19
 925 006c 11       		.uleb128 0x11
 926 006d 01       		.uleb128 0x1
 927 006e 12       		.uleb128 0x12
 928 006f 06       		.uleb128 0x6
 929 0070 40       		.uleb128 0x40
 930 0071 18       		.uleb128 0x18
 931 0072 9742     		.uleb128 0x2117
 932 0074 19       		.uleb128 0x19
 933 0075 00       		.byte	0
 934 0076 00       		.byte	0
 935 0077 0B       		.uleb128 0xb
 936 0078 2E       		.uleb128 0x2e
 937 0079 01       		.byte	0x1
 938 007a 03       		.uleb128 0x3
 939 007b 0E       		.uleb128 0xe
 940 007c 3A       		.uleb128 0x3a
 941 007d 0B       		.uleb128 0xb
 942 007e 3B       		.uleb128 0x3b
 943 007f 0B       		.uleb128 0xb
 944 0080 27       		.uleb128 0x27
 945 0081 19       		.uleb128 0x19
 946 0082 11       		.uleb128 0x11
 947 0083 01       		.uleb128 0x1
 948 0084 12       		.uleb128 0x12
 949 0085 06       		.uleb128 0x6
 950 0086 40       		.uleb128 0x40
 951 0087 18       		.uleb128 0x18
 952 0088 9742     		.uleb128 0x2117
 953 008a 19       		.uleb128 0x19
ARM GAS  C:\Users\THO~1\AppData\Local\Temp\ccH4A9UW.s 			page 24


 954 008b 01       		.uleb128 0x1
 955 008c 13       		.uleb128 0x13
 956 008d 00       		.byte	0
 957 008e 00       		.byte	0
 958 008f 0C       		.uleb128 0xc
 959 0090 05       		.uleb128 0x5
 960 0091 00       		.byte	0
 961 0092 03       		.uleb128 0x3
 962 0093 08       		.uleb128 0x8
 963 0094 3A       		.uleb128 0x3a
 964 0095 0B       		.uleb128 0xb
 965 0096 3B       		.uleb128 0x3b
 966 0097 0B       		.uleb128 0xb
 967 0098 49       		.uleb128 0x49
 968 0099 13       		.uleb128 0x13
 969 009a 02       		.uleb128 0x2
 970 009b 17       		.uleb128 0x17
 971 009c 00       		.byte	0
 972 009d 00       		.byte	0
 973 009e 0D       		.uleb128 0xd
 974 009f 898201   		.uleb128 0x4109
 975 00a2 01       		.byte	0x1
 976 00a3 11       		.uleb128 0x11
 977 00a4 01       		.uleb128 0x1
 978 00a5 31       		.uleb128 0x31
 979 00a6 13       		.uleb128 0x13
 980 00a7 00       		.byte	0
 981 00a8 00       		.byte	0
 982 00a9 0E       		.uleb128 0xe
 983 00aa 8A8201   		.uleb128 0x410a
 984 00ad 00       		.byte	0
 985 00ae 02       		.uleb128 0x2
 986 00af 18       		.uleb128 0x18
 987 00b0 9142     		.uleb128 0x2111
 988 00b2 18       		.uleb128 0x18
 989 00b3 00       		.byte	0
 990 00b4 00       		.byte	0
 991 00b5 0F       		.uleb128 0xf
 992 00b6 898201   		.uleb128 0x4109
 993 00b9 00       		.byte	0
 994 00ba 11       		.uleb128 0x11
 995 00bb 01       		.uleb128 0x1
 996 00bc 31       		.uleb128 0x31
 997 00bd 13       		.uleb128 0x13
 998 00be 00       		.byte	0
 999 00bf 00       		.byte	0
 1000 00c0 10       		.uleb128 0x10
 1001 00c1 898201   		.uleb128 0x4109
 1002 00c4 01       		.byte	0x1
 1003 00c5 11       		.uleb128 0x11
 1004 00c6 01       		.uleb128 0x1
 1005 00c7 31       		.uleb128 0x31
 1006 00c8 13       		.uleb128 0x13
 1007 00c9 01       		.uleb128 0x1
 1008 00ca 13       		.uleb128 0x13
 1009 00cb 00       		.byte	0
 1010 00cc 00       		.byte	0
ARM GAS  C:\Users\THO~1\AppData\Local\Temp\ccH4A9UW.s 			page 25


 1011 00cd 11       		.uleb128 0x11
 1012 00ce 2E       		.uleb128 0x2e
 1013 00cf 01       		.byte	0x1
 1014 00d0 3F       		.uleb128 0x3f
 1015 00d1 19       		.uleb128 0x19
 1016 00d2 03       		.uleb128 0x3
 1017 00d3 0E       		.uleb128 0xe
 1018 00d4 3A       		.uleb128 0x3a
 1019 00d5 0B       		.uleb128 0xb
 1020 00d6 3B       		.uleb128 0x3b
 1021 00d7 05       		.uleb128 0x5
 1022 00d8 27       		.uleb128 0x27
 1023 00d9 19       		.uleb128 0x19
 1024 00da 11       		.uleb128 0x11
 1025 00db 01       		.uleb128 0x1
 1026 00dc 12       		.uleb128 0x12
 1027 00dd 06       		.uleb128 0x6
 1028 00de 40       		.uleb128 0x40
 1029 00df 18       		.uleb128 0x18
 1030 00e0 9742     		.uleb128 0x2117
 1031 00e2 19       		.uleb128 0x19
 1032 00e3 01       		.uleb128 0x1
 1033 00e4 13       		.uleb128 0x13
 1034 00e5 00       		.byte	0
 1035 00e6 00       		.byte	0
 1036 00e7 12       		.uleb128 0x12
 1037 00e8 0B       		.uleb128 0xb
 1038 00e9 01       		.byte	0x1
 1039 00ea 11       		.uleb128 0x11
 1040 00eb 01       		.uleb128 0x1
 1041 00ec 12       		.uleb128 0x12
 1042 00ed 06       		.uleb128 0x6
 1043 00ee 01       		.uleb128 0x1
 1044 00ef 13       		.uleb128 0x13
 1045 00f0 00       		.byte	0
 1046 00f1 00       		.byte	0
 1047 00f2 13       		.uleb128 0x13
 1048 00f3 13       		.uleb128 0x13
 1049 00f4 01       		.byte	0x1
 1050 00f5 0B       		.uleb128 0xb
 1051 00f6 0B       		.uleb128 0xb
 1052 00f7 3A       		.uleb128 0x3a
 1053 00f8 0B       		.uleb128 0xb
 1054 00f9 3B       		.uleb128 0x3b
 1055 00fa 05       		.uleb128 0x5
 1056 00fb 01       		.uleb128 0x1
 1057 00fc 13       		.uleb128 0x13
 1058 00fd 00       		.byte	0
 1059 00fe 00       		.byte	0
 1060 00ff 14       		.uleb128 0x14
 1061 0100 0D       		.uleb128 0xd
 1062 0101 00       		.byte	0
 1063 0102 03       		.uleb128 0x3
 1064 0103 0E       		.uleb128 0xe
 1065 0104 3A       		.uleb128 0x3a
 1066 0105 0B       		.uleb128 0xb
 1067 0106 3B       		.uleb128 0x3b
ARM GAS  C:\Users\THO~1\AppData\Local\Temp\ccH4A9UW.s 			page 26


 1068 0107 05       		.uleb128 0x5
 1069 0108 49       		.uleb128 0x49
 1070 0109 13       		.uleb128 0x13
 1071 010a 38       		.uleb128 0x38
 1072 010b 0B       		.uleb128 0xb
 1073 010c 00       		.byte	0
 1074 010d 00       		.byte	0
 1075 010e 15       		.uleb128 0x15
 1076 010f 01       		.uleb128 0x1
 1077 0110 01       		.byte	0x1
 1078 0111 49       		.uleb128 0x49
 1079 0112 13       		.uleb128 0x13
 1080 0113 01       		.uleb128 0x1
 1081 0114 13       		.uleb128 0x13
 1082 0115 00       		.byte	0
 1083 0116 00       		.byte	0
 1084 0117 16       		.uleb128 0x16
 1085 0118 21       		.uleb128 0x21
 1086 0119 00       		.byte	0
 1087 011a 49       		.uleb128 0x49
 1088 011b 13       		.uleb128 0x13
 1089 011c 2F       		.uleb128 0x2f
 1090 011d 0B       		.uleb128 0xb
 1091 011e 00       		.byte	0
 1092 011f 00       		.byte	0
 1093 0120 17       		.uleb128 0x17
 1094 0121 34       		.uleb128 0x34
 1095 0122 00       		.byte	0
 1096 0123 03       		.uleb128 0x3
 1097 0124 0E       		.uleb128 0xe
 1098 0125 3A       		.uleb128 0x3a
 1099 0126 0B       		.uleb128 0xb
 1100 0127 3B       		.uleb128 0x3b
 1101 0128 05       		.uleb128 0x5
 1102 0129 49       		.uleb128 0x49
 1103 012a 13       		.uleb128 0x13
 1104 012b 02       		.uleb128 0x2
 1105 012c 18       		.uleb128 0x18
 1106 012d 00       		.byte	0
 1107 012e 00       		.byte	0
 1108 012f 18       		.uleb128 0x18
 1109 0130 26       		.uleb128 0x26
 1110 0131 00       		.byte	0
 1111 0132 49       		.uleb128 0x49
 1112 0133 13       		.uleb128 0x13
 1113 0134 00       		.byte	0
 1114 0135 00       		.byte	0
 1115 0136 19       		.uleb128 0x19
 1116 0137 34       		.uleb128 0x34
 1117 0138 00       		.byte	0
 1118 0139 03       		.uleb128 0x3
 1119 013a 08       		.uleb128 0x8
 1120 013b 3A       		.uleb128 0x3a
 1121 013c 0B       		.uleb128 0xb
 1122 013d 3B       		.uleb128 0x3b
 1123 013e 05       		.uleb128 0x5
 1124 013f 49       		.uleb128 0x49
ARM GAS  C:\Users\THO~1\AppData\Local\Temp\ccH4A9UW.s 			page 27


 1125 0140 13       		.uleb128 0x13
 1126 0141 02       		.uleb128 0x2
 1127 0142 17       		.uleb128 0x17
 1128 0143 00       		.byte	0
 1129 0144 00       		.byte	0
 1130 0145 1A       		.uleb128 0x1a
 1131 0146 0B       		.uleb128 0xb
 1132 0147 01       		.byte	0x1
 1133 0148 11       		.uleb128 0x11
 1134 0149 01       		.uleb128 0x1
 1135 014a 12       		.uleb128 0x12
 1136 014b 06       		.uleb128 0x6
 1137 014c 00       		.byte	0
 1138 014d 00       		.byte	0
 1139 014e 1B       		.uleb128 0x1b
 1140 014f 2E       		.uleb128 0x2e
 1141 0150 01       		.byte	0x1
 1142 0151 3F       		.uleb128 0x3f
 1143 0152 19       		.uleb128 0x19
 1144 0153 03       		.uleb128 0x3
 1145 0154 0E       		.uleb128 0xe
 1146 0155 27       		.uleb128 0x27
 1147 0156 19       		.uleb128 0x19
 1148 0157 49       		.uleb128 0x49
 1149 0158 13       		.uleb128 0x13
 1150 0159 34       		.uleb128 0x34
 1151 015a 19       		.uleb128 0x19
 1152 015b 3C       		.uleb128 0x3c
 1153 015c 19       		.uleb128 0x19
 1154 015d 01       		.uleb128 0x1
 1155 015e 13       		.uleb128 0x13
 1156 015f 00       		.byte	0
 1157 0160 00       		.byte	0
 1158 0161 1C       		.uleb128 0x1c
 1159 0162 05       		.uleb128 0x5
 1160 0163 00       		.byte	0
 1161 0164 49       		.uleb128 0x49
 1162 0165 13       		.uleb128 0x13
 1163 0166 00       		.byte	0
 1164 0167 00       		.byte	0
 1165 0168 1D       		.uleb128 0x1d
 1166 0169 2E       		.uleb128 0x2e
 1167 016a 00       		.byte	0
 1168 016b 3F       		.uleb128 0x3f
 1169 016c 19       		.uleb128 0x19
 1170 016d 03       		.uleb128 0x3
 1171 016e 0E       		.uleb128 0xe
 1172 016f 3A       		.uleb128 0x3a
 1173 0170 0B       		.uleb128 0xb
 1174 0171 3B       		.uleb128 0x3b
 1175 0172 0B       		.uleb128 0xb
 1176 0173 27       		.uleb128 0x27
 1177 0174 19       		.uleb128 0x19
 1178 0175 3C       		.uleb128 0x3c
 1179 0176 19       		.uleb128 0x19
 1180 0177 00       		.byte	0
 1181 0178 00       		.byte	0
ARM GAS  C:\Users\THO~1\AppData\Local\Temp\ccH4A9UW.s 			page 28


 1182 0179 1E       		.uleb128 0x1e
 1183 017a 2E       		.uleb128 0x2e
 1184 017b 01       		.byte	0x1
 1185 017c 3F       		.uleb128 0x3f
 1186 017d 19       		.uleb128 0x19
 1187 017e 03       		.uleb128 0x3
 1188 017f 0E       		.uleb128 0xe
 1189 0180 3A       		.uleb128 0x3a
 1190 0181 0B       		.uleb128 0xb
 1191 0182 3B       		.uleb128 0x3b
 1192 0183 0B       		.uleb128 0xb
 1193 0184 27       		.uleb128 0x27
 1194 0185 19       		.uleb128 0x19
 1195 0186 3C       		.uleb128 0x3c
 1196 0187 19       		.uleb128 0x19
 1197 0188 01       		.uleb128 0x1
 1198 0189 13       		.uleb128 0x13
 1199 018a 00       		.byte	0
 1200 018b 00       		.byte	0
 1201 018c 1F       		.uleb128 0x1f
 1202 018d 2E       		.uleb128 0x2e
 1203 018e 01       		.byte	0x1
 1204 018f 3F       		.uleb128 0x3f
 1205 0190 19       		.uleb128 0x19
 1206 0191 03       		.uleb128 0x3
 1207 0192 0E       		.uleb128 0xe
 1208 0193 3A       		.uleb128 0x3a
 1209 0194 0B       		.uleb128 0xb
 1210 0195 3B       		.uleb128 0x3b
 1211 0196 0B       		.uleb128 0xb
 1212 0197 27       		.uleb128 0x27
 1213 0198 19       		.uleb128 0x19
 1214 0199 49       		.uleb128 0x49
 1215 019a 13       		.uleb128 0x13
 1216 019b 3C       		.uleb128 0x3c
 1217 019c 19       		.uleb128 0x19
 1218 019d 01       		.uleb128 0x1
 1219 019e 13       		.uleb128 0x13
 1220 019f 00       		.byte	0
 1221 01a0 00       		.byte	0
 1222 01a1 20       		.uleb128 0x20
 1223 01a2 2E       		.uleb128 0x2e
 1224 01a3 01       		.byte	0x1
 1225 01a4 3F       		.uleb128 0x3f
 1226 01a5 19       		.uleb128 0x19
 1227 01a6 03       		.uleb128 0x3
 1228 01a7 0E       		.uleb128 0xe
 1229 01a8 3A       		.uleb128 0x3a
 1230 01a9 0B       		.uleb128 0xb
 1231 01aa 3B       		.uleb128 0x3b
 1232 01ab 0B       		.uleb128 0xb
 1233 01ac 27       		.uleb128 0x27
 1234 01ad 19       		.uleb128 0x19
 1235 01ae 3C       		.uleb128 0x3c
 1236 01af 19       		.uleb128 0x19
 1237 01b0 00       		.byte	0
 1238 01b1 00       		.byte	0
ARM GAS  C:\Users\THO~1\AppData\Local\Temp\ccH4A9UW.s 			page 29


 1239 01b2 00       		.byte	0
 1240              		.section	.debug_loc,"",%progbits
 1241              	.Ldebug_loc0:
 1242              	.LLST0:
 1243 0000 00000000 		.4byte	.LVL0
 1244 0004 09000000 		.4byte	.LVL2-1
 1245 0008 0100     		.2byte	0x1
 1246 000a 50       		.byte	0x50
 1247 000b 09000000 		.4byte	.LVL2-1
 1248 000f 0C000000 		.4byte	.LFE2
 1249 0013 0400     		.2byte	0x4
 1250 0015 F3       		.byte	0xf3
 1251 0016 01       		.uleb128 0x1
 1252 0017 50       		.byte	0x50
 1253 0018 9F       		.byte	0x9f
 1254 0019 00000000 		.4byte	0
 1255 001d 00000000 		.4byte	0
 1256              	.LLST1:
 1257 0021 00000000 		.4byte	.LVL0
 1258 0025 06000000 		.4byte	.LVL1
 1259 0029 0100     		.2byte	0x1
 1260 002b 51       		.byte	0x51
 1261 002c 06000000 		.4byte	.LVL1
 1262 0030 09000000 		.4byte	.LVL2-1
 1263 0034 0100     		.2byte	0x1
 1264 0036 52       		.byte	0x52
 1265 0037 09000000 		.4byte	.LVL2-1
 1266 003b 0C000000 		.4byte	.LFE2
 1267 003f 0400     		.2byte	0x4
 1268 0041 F3       		.byte	0xf3
 1269 0042 01       		.uleb128 0x1
 1270 0043 51       		.byte	0x51
 1271 0044 9F       		.byte	0x9f
 1272 0045 00000000 		.4byte	0
 1273 0049 00000000 		.4byte	0
 1274              	.LLST2:
 1275 004d 02010000 		.4byte	.LVL11
 1276 0051 06010000 		.4byte	.LVL12
 1277 0055 0200     		.2byte	0x2
 1278 0057 30       		.byte	0x30
 1279 0058 9F       		.byte	0x9f
 1280 0059 06010000 		.4byte	.LVL12
 1281 005d 26010000 		.4byte	.LVL14
 1282 0061 0100     		.2byte	0x1
 1283 0063 54       		.byte	0x54
 1284 0064 28010000 		.4byte	.LVL15
 1285 0068 9A010000 		.4byte	.LVL18
 1286 006c 0100     		.2byte	0x1
 1287 006e 54       		.byte	0x54
 1288 006f 00000000 		.4byte	0
 1289 0073 00000000 		.4byte	0
 1290              	.LLST3:
 1291 0077 06010000 		.4byte	.LVL12
 1292 007b 26010000 		.4byte	.LVL14
 1293 007f 0B00     		.2byte	0xb
 1294 0081 74       		.byte	0x74
 1295 0082 00       		.sleb128 0
ARM GAS  C:\Users\THO~1\AppData\Local\Temp\ccH4A9UW.s 			page 30


 1296 0083 36       		.byte	0x36
 1297 0084 1E       		.byte	0x1e
 1298 0085 03       		.byte	0x3
 1299 0086 00000000 		.4byte	cfg_memset_list.4762
 1300 008a 22       		.byte	0x22
 1301 008b 9F       		.byte	0x9f
 1302 008c 26010000 		.4byte	.LVL14
 1303 0090 28010000 		.4byte	.LVL15
 1304 0094 0B00     		.2byte	0xb
 1305 0096 74       		.byte	0x74
 1306 0097 7F       		.sleb128 -1
 1307 0098 36       		.byte	0x36
 1308 0099 1E       		.byte	0x1e
 1309 009a 03       		.byte	0x3
 1310 009b 00000000 		.4byte	cfg_memset_list.4762
 1311 009f 22       		.byte	0x22
 1312 00a0 9F       		.byte	0x9f
 1313 00a1 00000000 		.4byte	0
 1314 00a5 00000000 		.4byte	0
 1315              		.section	.debug_aranges,"",%progbits
 1316 0000 34000000 		.4byte	0x34
 1317 0004 0200     		.2byte	0x2
 1318 0006 00000000 		.4byte	.Ldebug_info0
 1319 000a 04       		.byte	0x4
 1320 000b 00       		.byte	0
 1321 000c 0000     		.2byte	0
 1322 000e 0000     		.2byte	0
 1323 0010 00000000 		.4byte	.LFB6
 1324 0014 20000000 		.4byte	.LFE6-.LFB6
 1325 0018 00000000 		.4byte	.LFB2
 1326 001c 0C000000 		.4byte	.LFE2-.LFB2
 1327 0020 00000000 		.4byte	.LFB5
 1328 0024 F8000000 		.4byte	.LFE5-.LFB5
 1329 0028 F8000000 		.4byte	.LFB7
 1330 002c E8000000 		.4byte	.LFE7-.LFB7
 1331 0030 00000000 		.4byte	0
 1332 0034 00000000 		.4byte	0
 1333              		.section	.debug_ranges,"",%progbits
 1334              	.Ldebug_ranges0:
 1335 0000 00000000 		.4byte	.LFB6
 1336 0004 20000000 		.4byte	.LFE6
 1337 0008 00000000 		.4byte	.LFB2
 1338 000c 0C000000 		.4byte	.LFE2
 1339 0010 00000000 		.4byte	.LFB5
 1340 0014 F8000000 		.4byte	.LFE5
 1341 0018 F8000000 		.4byte	.LFB7
 1342 001c E0010000 		.4byte	.LFE7
 1343 0020 00000000 		.4byte	0
 1344 0024 00000000 		.4byte	0
 1345              		.section	.debug_line,"",%progbits
 1346              	.Ldebug_line0:
 1347 0000 63010000 		.section	.debug_str,"MS",%progbits,1
 1347      0200E300 
 1347      00000201 
 1347      FB0E0D00 
 1347      01010101 
 1348              	.LASF28:
ARM GAS  C:\Users\THO~1\AppData\Local\Temp\ccH4A9UW.s 			page 31


 1349 0000 43794465 		.ascii	"CyDelayCycles\000"
 1349      6C617943 
 1349      79636C65 
 1349      7300
 1350              	.LASF19:
 1351 000e 72656733 		.ascii	"reg32\000"
 1351      3200
 1352              	.LASF11:
 1353 0014 73697A65 		.ascii	"size_t\000"
 1353      5F7400
 1354              	.LASF37:
 1355 001b 416E616C 		.ascii	"AnalogSetDefault\000"
 1355      6F675365 
 1355      74446566 
 1355      61756C74 
 1355      00
 1356              	.LASF33:
 1357 002c 4379496E 		.ascii	"CyIntSetVector\000"
 1357      74536574 
 1357      56656374 
 1357      6F7200
 1358              	.LASF26:
 1359 003b 6366675F 		.ascii	"cfg_memset_list\000"
 1359      6D656D73 
 1359      65745F6C 
 1359      69737400 
 1360              	.LASF22:
 1361 004b 436C6F63 		.ascii	"ClockSetup\000"
 1361      6B536574 
 1361      757000
 1362              	.LASF36:
 1363 0056 433A5C41 		.ascii	"C:\\Anyboard\\anyboardjs\\firmware\\CyPawn\\Pawn_PS"
 1363      6E79626F 
 1363      6172645C 
 1363      616E7962 
 1363      6F617264 
 1364 0084 6F433432 		.ascii	"oC4200\\Pawn_PSoC4200.cydsn\000"
 1364      30305C50 
 1364      61776E5F 
 1364      50536F43 
 1364      34323030 
 1365              	.LASF4:
 1366 009f 73686F72 		.ascii	"short unsigned int\000"
 1366      7420756E 
 1366      7369676E 
 1366      65642069 
 1366      6E7400
 1367              	.LASF15:
 1368 00b2 666C6F61 		.ascii	"float\000"
 1368      7400
 1369              	.LASF24:
 1370 00b8 73697A65 		.ascii	"size\000"
 1370      00
 1371              	.LASF30:
 1372 00bd 43795379 		.ascii	"CySysClkWcoSetPowerMode\000"
 1372      73436C6B 
 1372      57636F53 
ARM GAS  C:\Users\THO~1\AppData\Local\Temp\ccH4A9UW.s 			page 32


 1372      6574506F 
 1372      7765724D 
 1373              	.LASF18:
 1374 00d5 72656738 		.ascii	"reg8\000"
 1374      00
 1375              	.LASF6:
 1376 00da 6C6F6E67 		.ascii	"long unsigned int\000"
 1376      20756E73 
 1376      69676E65 
 1376      6420696E 
 1376      7400
 1377              	.LASF12:
 1378 00ec 75696E74 		.ascii	"uint8\000"
 1378      3800
 1379              	.LASF39:
 1380 00f2 43795379 		.ascii	"CySysClkWcoStart\000"
 1380      73436C6B 
 1380      57636F53 
 1380      74617274 
 1380      00
 1381              	.LASF21:
 1382 0103 43594D45 		.ascii	"CYMEMZERO\000"
 1382      4D5A4552 
 1382      4F00
 1383              	.LASF2:
 1384 010d 756E7369 		.ascii	"unsigned char\000"
 1384      676E6564 
 1384      20636861 
 1384      7200
 1385              	.LASF27:
 1386 011b 6D656D73 		.ascii	"memset\000"
 1386      657400
 1387              	.LASF16:
 1388 0122 646F7562 		.ascii	"double\000"
 1388      6C6500
 1389              	.LASF40:
 1390 0129 4379496E 		.ascii	"CyIntEnable\000"
 1390      74456E61 
 1390      626C6500 
 1391              	.LASF13:
 1392 0135 75696E74 		.ascii	"uint16\000"
 1392      313600
 1393              	.LASF17:
 1394 013c 63797374 		.ascii	"cystatus\000"
 1394      61747573 
 1394      00
 1395              	.LASF14:
 1396 0145 75696E74 		.ascii	"uint32\000"
 1396      333200
 1397              	.LASF0:
 1398 014c 756E7369 		.ascii	"unsigned int\000"
 1398      676E6564 
 1398      20696E74 
 1398      00
 1399              	.LASF38:
 1400 0159 63796669 		.ascii	"cyfitter_cfg\000"
 1400      74746572 
ARM GAS  C:\Users\THO~1\AppData\Local\Temp\ccH4A9UW.s 			page 33


 1400      5F636667 
 1400      00
 1401              	.LASF23:
 1402 0166 61646472 		.ascii	"address\000"
 1402      65737300 
 1403              	.LASF8:
 1404 016e 6C6F6E67 		.ascii	"long long unsigned int\000"
 1404      206C6F6E 
 1404      6720756E 
 1404      7369676E 
 1404      65642069 
 1405              	.LASF20:
 1406 0185 63796973 		.ascii	"cyisraddress\000"
 1406      72616464 
 1406      72657373 
 1406      00
 1407              	.LASF25:
 1408 0192 6366675F 		.ascii	"cfg_memset_t\000"
 1408      6D656D73 
 1408      65745F74 
 1408      00
 1409              	.LASF9:
 1410 019f 73697A65 		.ascii	"sizetype\000"
 1410      74797065 
 1410      00
 1411              	.LASF7:
 1412 01a8 6C6F6E67 		.ascii	"long long int\000"
 1412      206C6F6E 
 1412      6720696E 
 1412      7400
 1413              	.LASF32:
 1414 01b6 43794465 		.ascii	"CyDelayUs\000"
 1414      6C617955 
 1414      7300
 1415              	.LASF10:
 1416 01c0 63686172 		.ascii	"char\000"
 1416      00
 1417              	.LASF31:
 1418 01c5 43795379 		.ascii	"CySysClkEcoStart\000"
 1418      73436C6B 
 1418      45636F53 
 1418      74617274 
 1418      00
 1419              	.LASF34:
 1420 01d6 474E5520 		.ascii	"GNU C 4.9.3 20150303 (release) [ARM/embedded-4_9-br"
 1420      4320342E 
 1420      392E3320 
 1420      32303135 
 1420      30333033 
 1421 0209 616E6368 		.ascii	"anch revision 221220] -mcpu=cortex-m0 -mthumb -g -O"
 1421      20726576 
 1421      6973696F 
 1421      6E203232 
 1421      31323230 
 1422 023c 67202D66 		.ascii	"g -ffunction-sections -ffat-lto-objects\000"
 1422      66756E63 
 1422      74696F6E 
ARM GAS  C:\Users\THO~1\AppData\Local\Temp\ccH4A9UW.s 			page 34


 1422      2D736563 
 1422      74696F6E 
 1423              	.LASF3:
 1424 0264 73686F72 		.ascii	"short int\000"
 1424      7420696E 
 1424      7400
 1425              	.LASF29:
 1426 026e 43795379 		.ascii	"CySysClkWriteImoFreq\000"
 1426      73436C6B 
 1426      57726974 
 1426      65496D6F 
 1426      46726571 
 1427              	.LASF5:
 1428 0283 6C6F6E67 		.ascii	"long int\000"
 1428      20696E74 
 1428      00
 1429              	.LASF1:
 1430 028c 7369676E 		.ascii	"signed char\000"
 1430      65642063 
 1430      68617200 
 1431              	.LASF35:
 1432 0298 47656E65 		.ascii	"Generated_Source\\PSoC4\\cyfitter_cfg.c\000"
 1432      72617465 
 1432      645F536F 
 1432      75726365 
 1432      5C50536F 
 1433              		.ident	"GCC: (GNU Tools for ARM Embedded Processors) 4.9.3 20150303 (release) [ARM/embedded-4_9-br
